   Compiling bytes v1.11.1
   Compiling anyhow v1.0.101
   Compiling derive_more-impl v2.1.1
   Compiling cyber-radio-quinn-udp v0.1.0 (/private/tmp/cyber-content-storage-20260924/radio/quinn/quinn-udp)
   Compiling cyber-radio-quinn v0.1.0 (/private/tmp/cyber-content-storage-20260924/radio/quinn/quinn)
   Compiling chrono v0.4.43
   Compiling cyber-radio v0.1.0 (/private/tmp/cyber-content-storage-20260924/radio/iroh)
   Compiling irpc-derive v0.9.0
   Compiling humantime v2.3.0
   Compiling fixedbitset v0.5.7
   Compiling serde-byte-array v0.1.2
   Compiling hex v0.4.3
   Compiling testresult v0.4.1
   Compiling humantime-serde v1.1.1
   Compiling futures-concurrency v7.7.1
   Compiling tokio v1.49.0
   Compiling http v1.4.0
   Compiling n0-error v0.1.3
   Compiling http-body v1.0.1
   Compiling attohttpc v0.30.1
   Compiling http-body-util v0.1.3
   Compiling axum-core v0.5.6
   Compiling derive_more v2.1.1
   Compiling cyber-radio-quinn-proto v0.1.0 (/private/tmp/cyber-content-storage-20260924/radio/quinn/quinn-proto)
   Compiling cyber-radio-base v0.1.1 (/private/tmp/cyber-content-storage-20260924/radio/iroh-base)
   Compiling tokio-util v0.7.18
   Compiling tokio-rustls v0.26.4
   Compiling tower v0.5.3
   Compiling async-compat v0.2.5
   Compiling reloadable-state v0.1.0
   Compiling rustls-cert-file-reader v0.4.2
   Compiling backon v1.6.0
   Compiling rustls-cert-reloadable-resolver v0.7.1
   Compiling tower-http v0.6.8
   Compiling h2 v0.4.13
   Compiling n0-future v0.3.2
   Compiling tokio-stream v0.1.18
   Compiling tokio-websockets v0.12.3
   Compiling n0-watcher v0.6.1
   Compiling cyber-radio-netwatch v0.1.0 (/private/tmp/cyber-content-storage-20260924/radio/nettools/netwatch)
   Compiling irpc v0.12.0
   Compiling hyper v1.8.1
   Compiling hickory-proto v0.25.2
   Compiling hyper-util v0.1.20
   Compiling hyper-rustls v0.27.7
   Compiling igd-next v0.16.2
   Compiling axum v0.8.8
   Compiling reqwest v0.12.28
   Compiling hickory-resolver v0.25.2
   Compiling iroh-metrics v0.38.2
   Compiling tokio-rustls-acme v0.9.0
   Compiling pkarr v5.0.2
   Compiling cyber-radio-portmapper v0.1.0 (/private/tmp/cyber-content-storage-20260924/radio/nettools/portmapper)
   Compiling cyber-radio-relay v0.1.0 (/private/tmp/cyber-content-storage-20260924/radio/iroh-relay)
   Compiling iroh-gossip v0.96.0 (/private/tmp/cyber-content-storage-20260924/radio/iroh-gossip)
    Finished `release` profile [optimized + debuginfo] target(s) in 30.41s
     Running unittests src/lib.rs (/tmp/cyber-content-storage-20260924/target/release/deps/iroh_gossip-ab3de8094be27423)

running 1 test
test net::test::gossip_net_smoke ... ok

test result: ok. 1 passed; 0 failed; 0 ignored; 0 measured; 18 filtered out; finished in 0.65s
