    Checking cfg-if v1.0.4
    Checking pin-project-lite v0.2.16
    Checking critical-section v1.2.0
    Checking futures-core v0.3.31
    Checking scopeguard v1.2.0
    Checking log v0.4.29
    Checking memchr v2.7.6
    Checking futures-io v0.3.31
    Checking libc v0.2.180
    Checking serde_core v1.0.228
    Checking portable-atomic v1.13.1
    Checking stable_deref_trait v1.2.1
    Checking slab v0.4.12
    Checking itoa v1.0.17
    Checking zeroize v1.8.2
    Checking futures-sink v0.3.31
    Checking pin-utils v0.1.0
    Checking futures-task v0.3.31
    Checking lock_api v0.4.14
    Checking zerofrom v0.1.6
    Checking subtle v2.6.1
    Checking bitflags v2.10.0
    Checking equivalent v1.0.2
    Checking writeable v0.6.2
    Checking futures-channel v0.3.31
    Checking untrusted v0.9.0
    Checking rustls-pki-types v1.14.0
    Checking litemap v0.8.1
    Checking yoke v0.8.1
    Checking allocator-api2 v0.2.21
    Checking foldhash v0.2.0
    Checking zerocopy v0.8.39
    Checking percent-encoding v2.3.2
    Checking icu_properties_data v2.1.2
    Checking icu_normalizer_data v2.1.1
    Checking thiserror v2.0.18
    Checking base64 v0.22.1
    Checking fnv v1.0.7
    Checking fastrand v2.3.0
    Checking zerovec v0.11.5
    Checking zerotrie v0.2.3
    Checking form_urlencoded v1.2.2
    Checking utf8_iter v1.0.4
    Checking derive_more v2.1.1
    Checking const-oid v0.10.2
   Compiling strsim v0.11.1
    Checking atomic-waker v1.1.2
    Checking typenum v1.19.0
    Checking ipnet v2.11.0
    Checking base64ct v1.8.3
    Checking futures-util v0.3.31
    Checking parking v2.2.1
    Checking tinyvec_macros v0.1.1
    Checking n0-error v0.1.3
    Checking httparse v1.10.1
    Checking tower-service v0.3.3
    Checking once_cell v1.21.3
    Checking hashbrown v0.16.1
   Compiling darling_core v0.20.11
    Checking futures-lite v2.6.1
    Checking errno v0.3.14
    Checking socket2 v0.6.2
    Checking mio v1.1.1
    Checking getrandom v0.3.4
    Checking getrandom v0.2.17
    Checking pem-rfc7468 v1.0.0
    Checking tinyvec v1.10.0
    Checking signal-hook-registry v1.4.8
    Checking tracing-core v0.1.36
    Checking ring v0.17.14
    Checking der v0.8.0-rc.10
    Checking rand_core v0.9.5
    Checking objc2-encode v4.1.0
    Checking try-lock v0.2.5
    Checking httpdate v1.0.3
    Checking powerfmt v0.2.0
    Checking tinystr v0.8.2
    Checking potential_utf v0.1.4
    Checking want v0.3.1
    Checking socket2 v0.5.10
    Checking tracing v0.1.44
    Checking objc2 v0.6.3
    Checking deranged v0.5.5
    Checking pin-project v1.1.10
    Checking icu_collections v2.1.1
    Checking icu_locale_core v2.1.1
    Checking num-conv v0.2.0
    Checking byteorder v1.5.0
    Checking cordyceps v0.3.4
    Checking spin v0.10.0
    Checking time-core v0.1.8
    Checking core-foundation-sys v0.8.7
    Checking indexmap v2.13.0
    Checking diatomic-waker v0.2.3
    Checking hash32 v0.2.1
    Checking futures-buffered v0.2.12
    Checking libm v0.2.16
    Checking hybrid-array v0.4.7
    Checking cpufeatures v0.2.17
   Compiling anyhow v1.0.101
    Checking sync_wrapper v1.0.2
    Checking siphasher v1.0.2
    Checking data-encoding v2.10.0
    Checking signature v3.0.0-rc.10
    Checking cobs v0.3.0
    Checking icu_provider v2.1.1
    Checking sorted-index-buffer v0.2.1
    Checking ryu v1.0.22
    Checking spki v0.8.0-rc.4
    Checking tower-layer v0.3.3
    Checking block-buffer v0.11.0
    Checking crypto-common v0.2.0
   Compiling toml_edit v0.23.10+spec-1.0.0
    Checking pkcs8 v0.11.0-rc.10
    Checking icu_properties v2.1.2
    Checking lru-slab v0.1.2
    Checking identity-hash v0.1.0
    Checking rustc-hash v2.1.1
    Checking crossbeam-utils v0.8.21
    Checking rustls-webpki v0.103.9
    Checking time v0.3.47
    Checking dispatch2 v0.3.0
    Checking block2 v0.6.2
   Compiling num_threads v0.1.7
    Checking cyber-radio-quinn-udp v0.1.0 (/private/tmp/radio-export-pairs.FbuGlp/candidate/radio/quinn/quinn-udp)
    Checking security-framework-sys v2.15.0
    Checking core-foundation v0.10.1
    Checking quick-xml v0.38.4
    Checking objc2-core-foundation v0.3.2
    Checking webpki-roots v1.0.6
    Checking iri-string v0.7.10
    Checking regex-syntax v0.8.9
    Checking crossbeam-channel v0.5.15
    Checking rustls v0.23.36
    Checking security-framework v3.5.1
    Checking digest v0.11.0-rc.10
   Compiling proc-macro-crate v3.4.0
    Checking sha2 v0.11.0-rc.2
    Checking crossbeam-epoch v0.9.18
    Checking serde v1.0.228
    Checking uuid v1.20.0
    Checking base32 v0.5.1
    Checking xml-rs v0.8.28
    Checking tagptr v0.2.0
   Compiling num_enum_derive v0.7.5
    Checking mac-addr v0.3.0
    Checking smallvec v1.15.1
    Checking bytes v1.11.1
   Compiling darling_macro v0.20.11
    Checking curve25519-dalek v5.0.0-pre.1
    Checking heapless v0.7.17
    Checking ed25519 v3.0.0-rc.4
    Checking parking_lot_core v0.9.12
    Checking icu_normalizer v2.1.1
   Compiling darling v0.20.11
    Checking serde_urlencoded v0.7.1
    Checking parking_lot v0.12.5
    Checking http v1.4.0
    Checking postcard v1.1.3
    Checking idna_adapter v1.2.1
    Checking xmltree v0.10.3
    Checking tokio v1.49.0
    Checking idna v1.1.0
    Checking ed25519-dalek v3.0.0-pre.1
    Checking moka v0.12.13
    Checking ntimestamp v1.0.0
    Checking num_enum v0.7.5
    Checking plist v1.8.0
    Checking futures-executor v0.3.31
    Checking cyber-hemera v0.3.1 (/private/tmp/radio-export-pairs.FbuGlp/candidate/hemera/rs)
    Checking lru v0.16.3
    Checking iroh-metrics v0.38.2
    Checking url v2.5.8
    Checking futures v0.3.31
    Checking http-body v1.0.1
    Checking simple-dns v0.9.3
    Checking sha1_smol v1.0.1
   Compiling derive_builder_core v0.20.2
    Checking http-body-util v0.1.3
    Checking regex-automata v0.4.14
    Checking utf8parse v0.2.2
    Checking smol_str v0.1.24
    Checking dyn-clone v1.0.20
    Checking lazy_static v1.5.0
    Checking self_cell v1.2.2
    Checking simdutf8 v0.1.5
    Checking resolv-conf v0.7.6
    Checking sharded-slab v0.1.7
    Checking anstyle-parse v0.2.7
    Checking ref-cast v1.0.25
    Checking strum v0.27.2
    Checking objc2-security v0.3.2
    Checking num-traits v0.2.19
    Checking lz4-sys v1.11.1+lz4-1.10.0
    Checking iroh-quinn-udp v0.8.0
    Checking yasna v0.5.2
    Checking rustix v1.1.3
    Checking attohttpc v0.30.1
    Checking cyber-radio-base v0.1.1 (/private/tmp/radio-export-pairs.FbuGlp/candidate/radio/iroh-base)
    Checking objc2-system-configuration v0.3.2
    Checking inplace-vec-builder v0.1.1
    Checking serde_bytes v0.11.19
    Checking tracing-log v0.2.0
    Checking seize v0.5.1
    Checking pem v3.0.6
    Checking thread_local v1.1.9
   Compiling cyber-radio v0.1.0 (/private/tmp/radio-export-pairs.FbuGlp/candidate/radio/iroh)
    Checking colorchoice v1.0.4
    Checking netdev v0.40.0
    Checking anstyle v1.0.13
    Checking nu-ansi-term v0.50.3
    Checking genawaiter-macro v0.99.1
    Checking is_terminal_polyfill v1.70.2
    Checking ppv-lite86 v0.2.21
    Checking binary-merge v0.1.2
   Compiling derive_builder_macro v0.20.2
    Checking z32 v1.3.0
    Checking anstyle-query v1.1.5
    Checking genawaiter v0.99.1
    Checking rcgen v0.14.7
    Checking range-collections v0.4.6
    Checking papaya v0.2.3
    Checking lz4 v1.28.1
    Checking anstream v0.6.21
    Checking iroh-base v0.96.1
    Checking iana-time-zone v0.1.65
    Checking wait-timeout v0.2.1
   Compiling iroh-blobs v0.98.0 (/private/tmp/radio-export-pairs.FbuGlp/candidate/radio/iroh-blobs)
    Checking compression-core v0.4.31
    Checking rand_chacha v0.9.0
    Checking clap_lex v0.7.7
    Checking bit-vec v0.8.0
   Compiling derive_builder v0.20.2
    Checking quick-error v1.2.3
    Checking iroh-tickets v0.3.0
    Checking compression-codecs v0.4.37
    Checking rand v0.9.2
    Checking chrono v0.4.43
    Checking clap_builder v4.5.57
    Checking zmij v1.0.19
    Checking tempfile v3.24.0
    Checking redb v2.6.3
   Compiling nested_enum_utils v0.2.3
    Checking bit-set v0.8.0
    Checking rand_xorshift v0.4.0
    Checking reflink-copy v0.1.28
    Checking arrayvec v0.7.6
    Checking unarray v0.1.4
    Checking rusty-fork v0.3.1
    Checking same-file v1.0.6
    Checking rustls-platform-verifier v0.6.2
    Checking hex v0.4.3
    Checking serde_json v1.0.149
    Checking serde_test v1.0.177
    Checking walkdir v2.5.0
    Checking concat_const v0.2.0
    Checking testresult v0.4.1
    Checking atomic_refcell v0.1.13
    Checking fastbloom v0.14.1
    Checking proptest v1.10.0
    Checking matchers v0.2.0
    Checking cyber-radio-quinn-proto v0.1.0 (/private/tmp/radio-export-pairs.FbuGlp/candidate/radio/quinn/quinn-proto)
    Checking iroh-quinn-proto v0.15.1
    Checking tracing-subscriber v0.3.22
   Compiling vergen-lib v9.1.0
   Compiling vergen-lib v0.1.6
   Compiling vergen v9.1.0
    Checking clap v4.5.57
   Compiling vergen-gitcl v1.0.8
    Checking tracing-test v0.2.6
   Compiling cyber-radio-relay v0.1.0 (/private/tmp/radio-export-pairs.FbuGlp/candidate/radio/iroh-relay)
    Checking tokio-util v0.7.18
    Checking tokio-rustls v0.26.4
    Checking tower v0.5.3
    Checking async-compat v0.2.5
    Checking acto v0.8.0
    Checking backon v1.6.0
    Checking iroh-io v0.6.2
    Checking async-compression v0.4.40
    Checking iroh-test v0.31.0
    Checking cyber-bao v0.1.0 (/private/tmp/radio-export-pairs.FbuGlp/candidate/radio/cyber-bao)
    Checking tower-http v0.6.8
    Checking h2 v0.4.13
    Checking n0-future v0.3.2
    Checking tokio-stream v0.1.18
    Checking tokio-websockets v0.12.3
    Checking n0-watcher v0.6.1
warning: cyber-radio-relay@0.1.0: not within a suitable 'git' worktree!
warning: cyber-radio-relay@0.1.0: VERGEN_GIT_SHA set to default
error: using `clone` on type `Hash` which implements the `Copy` trait
   --> cyber-bao/src/io/mixed.rs:115:32
    |
115 |                     stack.push(pair.1.clone());
    |                                ^^^^^^^^^^^^^^ help: try removing the `clone` call: `pair.1`
    |
    = help: for further information visit https://rust-lang.github.io/rust-clippy/rust-1.95.0/index.html#clone_on_copy
    = note: `-D clippy::clone-on-copy` implied by `-D warnings`
    = help: to override `-D warnings` add `#[allow(clippy::clone_on_copy)]`

error: using `clone` on type `Hash` which implements the `Copy` trait
   --> cyber-bao/src/io/mixed.rs:118:32
    |
118 |                     stack.push(pair.0.clone());
    |                                ^^^^^^^^^^^^^^ help: try removing the `clone` call: `pair.0`
    |
    = help: for further information visit https://rust-lang.github.io/rust-clippy/rust-1.95.0/index.html#clone_on_copy

error: using `clone` on type `Hash` which implements the `Copy` trait
  --> cyber-bao/src/io/sync.rs:59:32
   |
59 |                     stack.push(r_hash.clone());
   |                                ^^^^^^^^^^^^^^ help: try removing the `clone` call: `r_hash`
   |
   = help: for further information visit https://rust-lang.github.io/rust-clippy/rust-1.95.0/index.html#clone_on_copy

error: using `clone` on type `Hash` which implements the `Copy` trait
  --> cyber-bao/src/io/sync.rs:62:32
   |
62 |                     stack.push(l_hash.clone());
   |                                ^^^^^^^^^^^^^^ help: try removing the `clone` call: `l_hash`
   |
   = help: for further information visit https://rust-lang.github.io/rust-clippy/rust-1.95.0/index.html#clone_on_copy

    Checking cyber-radio-netwatch v0.1.0 (/private/tmp/radio-export-pairs.FbuGlp/candidate/radio/nettools/netwatch)
error: using `clone` on type `Hash` which implements the `Copy` trait
   --> cyber-bao/src/io/sync.rs:183:27
    |
183 |                 next.push(level[i].clone());
    |                           ^^^^^^^^^^^^^^^^ help: try removing the `clone` call: `level[i]`
    |
    = help: for further information visit https://rust-lang.github.io/rust-clippy/rust-1.95.0/index.html#clone_on_copy

error: this function has too many arguments (9/7)
   --> cyber-bao/src/io/sync.rs:239:1
    |
239 | / async fn validate_node_rec<O, D>(
240 | |     outboard: &O,
241 | |     data: &D,
242 | |     backend: &Poseidon2Backend,
...   |
251 | |     O: Outboard<Hash = hemera::Hash>,
252 | |     D: ReadAt,
    | |______________^
    |
    = help: for further information visit https://rust-lang.github.io/rust-clippy/rust-1.95.0/index.html#too_many_arguments
    = note: `-D clippy::too-many-arguments` implied by `-D warnings`
    = help: to override `-D warnings` add `#[allow(clippy::too_many_arguments)]`

error: large size difference between variants
  --> cyber-bao/src/io/fsm.rs:53:1
   |
53 | /  pub enum ResponseDecoderNext<R> {
54 | |      /// More items available. Contains the decoder and the next item/error.
55 | |/     More(
56 | ||         (
57 | ||             ResponseDecoder<R>,
58 | ||             Result<BaoContentItem<hemera::Hash>, DecodeError>,
59 | ||         ),
60 | ||     ),
   | ||_____- the largest variant contains at least 504 bytes
61 | |      /// Decoding is complete.
62 | |      Done(R),
   | |      ------- the second-largest variant contains at least 0 bytes
63 | |  }
   | |__^ the entire enum is at least 504 bytes
   |
   = help: for further information visit https://rust-lang.github.io/rust-clippy/rust-1.95.0/index.html#large_enum_variant
   = note: `-D clippy::large-enum-variant` implied by `-D warnings`
   = help: to override `-D warnings` add `#[allow(clippy::large_enum_variant)]`
help: consider boxing the large fields or introducing indirection in some other way to reduce the total size of the enum
   |
56 ~         Box<(
57 +             ResponseDecoder<R>,
58 +             Result<BaoContentItem<hemera::Hash>, DecodeError>,
59 ~         )>,
   |

error: using `clone` on type `Hash` which implements the `Copy` trait
   --> cyber-bao/src/io/fsm.rs:106:20
    |
106 |         stack.push(hash.clone());
    |                    ^^^^^^^^^^^^ help: try removing the `clone` call: `hash`
    |
    = help: for further information visit https://rust-lang.github.io/rust-clippy/rust-1.95.0/index.html#clone_on_copy

error: using `clone` on type `Hash` which implements the `Copy` trait
   --> cyber-bao/src/io/fsm.rs:188:38
    |
188 |                     inner.stack.push(right.clone());
    |                                      ^^^^^^^^^^^^^ help: try removing the `clone` call: `right`
    |
    = help: for further information visit https://rust-lang.github.io/rust-clippy/rust-1.95.0/index.html#clone_on_copy

error: using `clone` on type `Hash` which implements the `Copy` trait
   --> cyber-bao/src/io/fsm.rs:191:38
    |
191 |                     inner.stack.push(left.clone());
    |                                      ^^^^^^^^^^^^ help: try removing the `clone` call: `left`
    |
    = help: for further information visit https://rust-lang.github.io/rust-clippy/rust-1.95.0/index.html#clone_on_copy

error: using `clone` on type `Hash` which implements the `Copy` trait
  --> cyber-bao/src/io/mod.rs:72:27
   |
72 |                 next.push(level[i].clone());
   |                           ^^^^^^^^^^^^^^^^ help: try removing the `clone` call: `level[i]`
   |
   = help: for further information visit https://rust-lang.github.io/rust-clippy/rust-1.95.0/index.html#clone_on_copy

error: this `if` statement can be collapsed
   --> cyber-bao/src/tree.rs:733:9
    |
733 | /         if left_overlaps {
734 | |             if let Some(left) = left_child {
735 | |                 self.pre_order_filtered_recurse(left, false, total_blocks, ranges, out);
736 | |             }
737 | |         }
    | |_________^
    |
    = help: for further information visit https://rust-lang.github.io/rust-clippy/rust-1.95.0/index.html#collapsible_if
    = note: `-D clippy::collapsible-if` implied by `-D warnings`
    = help: to override `-D warnings` add `#[allow(clippy::collapsible_if)]`
help: collapse nested if block
    |
733 ~         if left_overlaps
734 ~             && let Some(left) = left_child {
735 |                 self.pre_order_filtered_recurse(left, false, total_blocks, ranges, out);
736 ~             }
    |

error: this `if` statement can be collapsed
   --> cyber-bao/src/tree.rs:738:9
    |
738 | /         if right_overlaps {
739 | |             if let Some(right) = right_child {
740 | |                 self.pre_order_filtered_recurse(right, false, total_blocks, ranges, out);
741 | |             }
742 | |         }
    | |_________^
    |
    = help: for further information visit https://rust-lang.github.io/rust-clippy/rust-1.95.0/index.html#collapsible_if
help: collapse nested if block
    |
738 ~         if right_overlaps
739 ~             && let Some(right) = right_child {
740 |                 self.pre_order_filtered_recurse(right, false, total_blocks, ranges, out);
741 ~             }
    |

error: could not compile `cyber-bao` (lib) due to 13 previous errors
warning: build failed, waiting for other jobs to finish...
