   Compiling proc-macro2 v1.0.106
   Compiling quote v1.0.44
   Compiling unicode-ident v1.0.22
   Compiling libc v0.2.180
   Compiling serde_core v1.0.228
   Compiling serde v1.0.228
   Compiling portable-atomic v1.13.1
   Compiling cfg_aliases v0.2.1
   Compiling getrandom v0.3.4
   Compiling parking_lot_core v0.9.12
   Compiling zerocopy v0.8.39
   Compiling find-msvc-tools v0.1.9
   Compiling shlex v1.3.0
   Compiling anyhow v1.0.101
   Compiling rustversion v1.0.22
   Compiling unicode-segmentation v1.12.0
   Compiling icu_properties_data v2.1.2
   Compiling icu_normalizer_data v2.1.1
   Compiling cc v1.2.55
   Compiling semver v1.0.27
   Compiling convert_case v0.10.0
   Compiling rustc_version v0.4.1
   Compiling unicode-xid v0.2.6
   Compiling thiserror v2.0.18
   Compiling spin v0.10.0
   Compiling typenum v1.19.0
   Compiling rustls v0.23.36
   Compiling ident_case v1.0.1
   Compiling heck v0.5.0
   Compiling ring v0.17.14
   Compiling httparse v1.10.1
   Compiling autocfg v1.5.0
   Compiling num-traits v0.2.19
   Compiling crossbeam-utils v0.8.21
   Compiling objc2 v0.6.3
   Compiling syn v2.0.114
   Compiling errno v0.3.14
   Compiling signal-hook-registry v1.4.8
   Compiling socket2 v0.6.2
   Compiling mio v1.1.1
   Compiling getrandom v0.2.17
   Compiling socket2 v0.5.10
   Compiling rand_core v0.9.5
   Compiling heapless v0.7.17
   Compiling curve25519-dalek v5.0.0-pre.1
   Compiling futures-buffered v0.2.12
   Compiling cpufeatures v0.2.17
   Compiling n0-future v0.3.2
   Compiling synstructure v0.13.2
   Compiling darling_core v0.20.11
   Compiling hashbrown v0.16.1
   Compiling libm v0.2.16
   Compiling serde_derive v1.0.228
   Compiling tracing-attributes v0.1.31
   Compiling tokio-macros v2.6.0
   Compiling zeroize_derive v1.4.3
   Compiling zerofrom-derive v0.1.6
   Compiling zeroize v1.8.2
   Compiling futures-macro v0.3.31
   Compiling yoke-derive v0.8.1
   Compiling once_cell v1.21.3
   Compiling tracing-core v0.1.36
   Compiling zerofrom v0.1.6
   Compiling futures-util v0.3.31
   Compiling tracing v0.1.44
   Compiling zerovec-derive v0.11.2
   Compiling displaydoc v0.2.5
   Compiling derive_more-impl v2.1.1
   Compiling thiserror-impl v2.0.18
   Compiling n0-error-macros v0.1.3
   Compiling spez v0.1.2
   Compiling hybrid-array v0.4.7
   Compiling n0-error v0.1.3
   Compiling darling_macro v0.20.11
   Compiling ppv-lite86 v0.2.21
   Compiling pin-project-internal v1.1.10
   Compiling rand_chacha v0.9.0
   Compiling rand v0.9.2
   Compiling darling v0.20.11
   Compiling crypto-common v0.2.0
   Compiling pin-project v1.1.10
   Compiling block-buffer v0.11.0
   Compiling derive_more v2.1.1
   Compiling digest v0.11.0-rc.10
   Compiling vergen-lib v9.1.0
   Compiling winnow v0.7.14
   Compiling sha2 v0.11.0-rc.2
   Compiling vergen v9.1.0
   Compiling vergen-lib v0.1.6
   Compiling rustls-pki-types v1.14.0
   Compiling der v0.8.0-rc.10
   Compiling toml_parser v1.0.6+spec-1.1.0
   Compiling rustls-webpki v0.103.9
   Compiling yoke v0.8.1
   Compiling spki v0.8.0-rc.4
   Compiling postcard-derive v0.2.2
   Compiling pkcs8 v0.11.0-rc.10
   Compiling indexmap v2.13.0
   Compiling toml_datetime v0.7.5+spec-1.1.0
   Compiling toml_edit v0.23.10+spec-1.0.0
   Compiling block2 v0.6.2
   Compiling dispatch2 v0.3.0
   Compiling vergen-gitcl v1.0.8
   Compiling num_threads v0.1.7
   Compiling time v0.3.47
   Compiling objc2-core-foundation v0.3.2
   Compiling smallvec v1.15.1
   Compiling bytes v1.11.1
   Compiling parking_lot v0.12.5
   Compiling tokio v1.49.0
   Compiling http v1.4.0
   Compiling cobs v0.3.0
   Compiling derive_builder_core v0.20.2
   Compiling http-body v1.0.1
   Compiling ed25519 v3.0.0-rc.4
   Compiling postcard v1.1.3
   Compiling ed25519-dalek v3.0.0-pre.1
   Compiling http-body-util v0.1.3
   Compiling proc-macro-crate v3.4.0
   Compiling async-trait v0.1.89
   Compiling derive_builder_macro v0.20.2
   Compiling enum-assoc v1.3.0
   Compiling derive_builder v0.20.2
   Compiling objc2-security v0.3.2
   Compiling iroh-quinn-udp v0.8.0
   Compiling version_check v0.9.5
   Compiling plist v1.8.0
   Compiling objc2-system-configuration v0.3.2
   Compiling num_enum_derive v0.7.5
   Compiling core-foundation v0.10.1
   Compiling security-framework-sys v2.15.0
   Compiling webpki-roots v1.0.6
   Compiling iroh-metrics-derive v0.4.1
   Compiling litrs v1.0.0
   Compiling syn v1.0.109
   Compiling netdev v0.40.0
   Compiling document-features v0.2.12
   Compiling security-framework v3.5.1
   Compiling zerovec v0.11.5
   Compiling zerotrie v0.2.3
   Compiling num_enum v0.7.5
   Compiling serde_urlencoded v0.7.1
   Compiling fastbloom v0.14.1
   Compiling futures-executor v0.3.31
   Compiling num-integer v0.1.46
   Compiling crossbeam-epoch v0.9.18
   Compiling crossbeam-channel v0.5.15
   Compiling enum-as-inner v0.6.1
   Compiling uuid v1.20.0
   Compiling pkarr v5.0.2
   Compiling paste v1.0.15
   Compiling ntimestamp v1.0.0
   Compiling iroh-metrics v0.38.2
   Compiling moka v0.12.13
   Compiling rustls-platform-verifier v0.6.2
   Compiling futures v0.3.31
   Compiling proc-macro-error-attr v0.4.12
   Compiling strum_macros v0.27.2
   Compiling iroh-quinn v0.16.1
   Compiling cyber-radio-quinn-udp v0.1.0 (/private/tmp/radio-export-pairs.FbuGlp/candidate/radio/quinn/quinn-udp)
   Compiling either v1.15.0
   Compiling itertools v0.14.0
   Compiling tokio-util v0.7.18
   Compiling tokio-rustls v0.26.4
   Compiling h2 v0.4.13
   Compiling tokio-stream v0.1.18
   Compiling tower v0.5.3
   Compiling n0-watcher v0.6.1
   Compiling async-compat v0.2.5
   Compiling tower-http v0.6.8
   Compiling tokio-websockets v0.12.3
   Compiling strum v0.27.2
   Compiling iroh-quinn-proto v0.15.1
   Compiling num-bigint v0.4.6
   Compiling proc-macro-error v0.4.12
   Compiling p3-util v0.4.2
   Compiling serde_bytes v0.11.19
   Compiling proc-macro-hack v0.5.20+deprecated
   Compiling tinystr v0.8.2
   Compiling potential_utf v0.1.4
   Compiling icu_collections v2.1.1
   Compiling p3-maybe-rayon v0.4.2
   Compiling icu_locale_core v2.1.1
   Compiling seize v0.5.1
   Compiling hyper v1.8.1
   Compiling icu_provider v2.1.1
   Compiling icu_properties v2.1.2
   Compiling icu_normalizer v2.1.1
   Compiling syn-mid v0.5.4
   Compiling strength_reduce v0.2.4
   Compiling ref-cast v1.0.25
   Compiling transpose v0.2.3
   Compiling papaya v0.2.3
   Compiling backon v1.6.0
   Compiling idna_adapter v1.2.1
   Compiling idna v1.1.0
   Compiling hyper-util v0.1.20
   Compiling ref-cast-impl v1.0.25
   Compiling blake3 v1.8.3
   Compiling url v2.5.8
   Compiling cyber-radio-netwatch v0.1.0 (/private/tmp/radio-export-pairs.FbuGlp/candidate/radio/nettools/netwatch)
   Compiling cyber-radio-quinn v0.1.0 (/private/tmp/radio-export-pairs.FbuGlp/candidate/radio/quinn/quinn)
   Compiling rcgen v0.14.7
   Compiling hickory-proto v0.25.2
   Compiling attohttpc v0.30.1
   Compiling hyper-rustls v0.27.7
   Compiling reqwest v0.12.28
   Compiling igd-next v0.16.2
   Compiling iroh-base v0.96.1
   Compiling p3-field v0.4.2
   Compiling cyber-radio-relay v0.1.0 (/private/tmp/radio-export-pairs.FbuGlp/candidate/radio/iroh-relay)
   Compiling cyber-radio-quinn-proto v0.1.0 (/private/tmp/radio-export-pairs.FbuGlp/candidate/radio/quinn/quinn-proto)
   Compiling inplace-vec-builder v0.1.1
   Compiling cyber-hemera v0.3.1 (/private/tmp/radio-export-pairs.FbuGlp/candidate/hemera/rs)
   Compiling irpc-derive v0.9.0
   Compiling netwatch v0.14.0
   Compiling arrayref v0.3.9
   Compiling constant_time_eq v0.4.2
   Compiling cyber-radio-base v0.1.1 (/private/tmp/radio-export-pairs.FbuGlp/candidate/radio/iroh-base)
   Compiling iroh-relay v0.96.1
   Compiling iroh-io v0.6.2
   Compiling cyber-radio v0.1.0 (/private/tmp/radio-export-pairs.FbuGlp/candidate/radio/iroh)
   Compiling redb v2.6.3
   Compiling iroh v0.96.1
   Compiling fixedbitset v0.5.7
   Compiling futures-concurrency v7.7.1
   Compiling chrono v0.4.43
   Compiling hickory-resolver v0.25.2
   Compiling p3-matrix v0.4.2
   Compiling p3-dft v0.4.2
   Compiling p3-symmetric v0.4.2
warning: cyber-radio-relay@0.1.0: not within a suitable 'git' worktree!
warning: cyber-radio-relay@0.1.0: VERGEN_GIT_SHA set to default
   Compiling irpc v0.12.0
   Compiling p3-mds v0.4.2
   Compiling cyber-radio-portmapper v0.1.0 (/private/tmp/radio-export-pairs.FbuGlp/candidate/radio/nettools/portmapper)
   Compiling iroh-tickets v0.3.0
   Compiling nested_enum_utils v0.2.3
   Compiling p3-poseidon2 v0.4.2
   Compiling concurrent-queue v2.5.0
   Compiling rustix v1.1.3
   Compiling regex-syntax v0.8.9
   Compiling event-listener v5.4.1
   Compiling p3-monty-31 v0.4.2
   Compiling positioned-io v0.3.5
   Compiling portmapper v0.14.0
   Compiling iroh-blobs v0.98.0 (/private/tmp/radio-export-pairs.FbuGlp/candidate/radio/iroh-blobs)
   Compiling iroh-blobs v0.98.0
   Compiling p3-challenger v0.4.2
   Compiling regex-automata v0.4.14
   Compiling event-listener-strategy v0.5.4
   Compiling iroh-base v0.95.1
   Compiling tracing-log v0.2.0
   Compiling strum_macros v0.26.4
   Compiling iroh-tickets v0.2.0
   Compiling genawaiter-proc-macro v0.99.1
   Compiling range-collections v0.4.6
   Compiling async-channel v2.5.0
   Compiling p3-goldilocks v0.4.2
   Compiling serde-error v0.1.3
   Compiling clap_derive v4.5.55
   Compiling cyber-hemera v0.1.2
   Compiling strum v0.26.3
   Compiling matchers v0.2.0
   Compiling tracing-subscriber v0.3.22
   Compiling clap v4.5.57
   Compiling tempfile v3.24.0
   Compiling genawaiter v0.99.1
   Compiling bao-tree v0.16.0
   Compiling cyber-bao v0.1.0 (/private/tmp/radio-export-pairs.FbuGlp/candidate/radio/cyber-bao)
   Compiling iroh-gossip v0.96.0
   Compiling iroh-gossip v0.96.0 (/private/tmp/radio-export-pairs.FbuGlp/candidate/radio/iroh-gossip)
   Compiling iroh-docs v0.96.0 (/private/tmp/radio-export-pairs.FbuGlp/candidate/radio/iroh-docs)
error[E0053]: method `find_providers` has an incompatible type for trait
   --> iroh-docs/src/engine/live.rs:906:54
    |
906 |     fn find_providers(&self, hash: HashAndFormat) -> n0_future::stream::Boxed<EndpointId> {
    |                                                      ^^^^^^^^^^^^^^^^^^^^^^^^^^^^^^^^^^^^ expected `iroh_base::key::PublicKey`, found `radio::PublicKey`
    |
    = note: expected signature `fn(&ProviderNodes, HashAndFormat) -> Pin<Box<(dyn n0_future::Stream<Item = iroh_base::key::PublicKey> + std::marker::Send + 'static)>>`
               found signature `fn(&ProviderNodes, HashAndFormat) -> Pin<Box<(dyn n0_future::Stream<Item = radio::PublicKey> + std::marker::Send + 'static)>>`
help: change the output type to match the trait
    |
906 -     fn find_providers(&self, hash: HashAndFormat) -> n0_future::stream::Boxed<EndpointId> {
906 +     fn find_providers(&self, hash: HashAndFormat) -> Pin<Box<(dyn n0_future::Stream<Item = iroh_base::key::PublicKey> + std::marker::Send + 'static)>> {
    |

error[E0308]: mismatched types
   --> iroh-docs/src/protocol.rs:106:43
    |
106 |         let downloader = blobs.downloader(&endpoint);
    |                                ---------- ^^^^^^^^^ expected `iroh::endpoint::Endpoint`, found `radio::Endpoint`
    |                                |
    |                                arguments to this method are incorrect
    |
    = note: `radio::Endpoint` and `iroh::endpoint::Endpoint` have similar names, but are actually distinct types
note: `radio::Endpoint` is defined in crate `radio`
   --> iroh/src/endpoint.rs:677:1
    |
677 | pub struct Endpoint {
    | ^^^^^^^^^^^^^^^^^^^
note: `iroh::endpoint::Endpoint` is defined in crate `iroh`
   --> /Users/master/.cargo/registry/src/index.crates.io-1949cf8c6b5b557f/iroh-0.96.1/src/endpoint.rs:680:1
    |
680 | pub struct Endpoint {
    | ^^^^^^^^^^^^^^^^^^^
note: method defined here
   --> /Users/master/.cargo/registry/src/index.crates.io-1949cf8c6b5b557f/iroh-blobs-0.98.0/src/api.rs:245:12
    |
245 |     pub fn downloader(&self, endpoint: &Endpoint) -> downloader::Downloader {
    |            ^^^^^^^^^^

error[E0308]: mismatched types
   --> iroh-docs/src/engine/gossip.rs:51:55
    |
 51 |                     entry.get_mut().sender.join_peers(bootstrap).await?;
    |                                            ---------- ^^^^^^^^^ expected `iroh_base::key::PublicKey`, found `radio::PublicKey`
    |                                            |
    |                                            arguments to this method are incorrect
    |
note: there are multiple different versions of crate `iroh_base` in the dependency graph
   --> /Users/master/.cargo/registry/src/index.crates.io-1949cf8c6b5b557f/iroh-base-0.96.1/src/key.rs:24:1
    |
 24 | pub struct PublicKey(CompressedEdwardsY);
    | ^^^^^^^^^^^^^^^^^^^^ this is the expected type
    |
   ::: iroh-base/src/key.rs:24:1
    |
 24 | pub struct PublicKey(CompressedEdwardsY);
    | -------------------- this is the found type
    = help: you can use `cargo tree` to explore your dependency tree
note: method defined here
   --> /Users/master/.cargo/registry/src/index.crates.io-1949cf8c6b5b557f/iroh-gossip-0.96.0/src/api.rs:192:18
    |
192 |     pub async fn join_peers(&self, peers: Vec<EndpointId>) -> Result<(), ApiError> {
    |                  ^^^^^^^^^^

error[E0271]: type mismatch resolving `<Vec<PublicKey> as IntoIterator>::Item == PublicKey`
   --> iroh-docs/src/engine/gossip.rs:57:88
    |
 57 |                     .subscribe_with_opts(namespace.into(), JoinOptions::with_bootstrap(bootstrap))
    |                                                            --------------------------- ^^^^^^^^^ expected `iroh_base::key::PublicKey`, found `radio::PublicKey`
    |                                                            |
    |                                                            required by a bound introduced by this call
    |
note: there are multiple different versions of crate `iroh_base` in the dependency graph
   --> /Users/master/.cargo/registry/src/index.crates.io-1949cf8c6b5b557f/iroh-base-0.96.1/src/key.rs:24:1
    |
 24 | pub struct PublicKey(CompressedEdwardsY);
    | ^^^^^^^^^^^^^^^^^^^^ this is the expected type
    |
   ::: iroh-base/src/key.rs:24:1
    |
 24 | pub struct PublicKey(CompressedEdwardsY);
    | -------------------- this is the found type
    = help: you can use `cargo tree` to explore your dependency tree
note: required by a bound in `JoinOptions::with_bootstrap`
   --> /Users/master/.cargo/registry/src/index.crates.io-1949cf8c6b5b557f/iroh-gossip-0.96.0/src/api.rs:403:56
    |
403 |     pub fn with_bootstrap(endpoints: impl IntoIterator<Item = EndpointId>) -> Self {
    |                                                        ^^^^^^^^^^^^^^^^^ required by this bound in `JoinOptions::with_bootstrap`

error[E0308]: mismatched types
   --> iroh-docs/src/engine/gossip.rs:145:56
    |
145 |             .send(ToLiveActor::NeighborUp { namespace, peer })
    |                                                        ^^^^ expected `radio::PublicKey`, found `iroh_base::key::PublicKey`
    |
note: there are multiple different versions of crate `iroh_base` in the dependency graph
   --> iroh-base/src/key.rs:24:1
    |
 24 | pub struct PublicKey(CompressedEdwardsY);
    | ^^^^^^^^^^^^^^^^^^^^ this is the expected type
    |
   ::: /Users/master/.cargo/registry/src/index.crates.io-1949cf8c6b5b557f/iroh-base-0.96.1/src/key.rs:24:1
    |
 24 | pub struct PublicKey(CompressedEdwardsY);
    | -------------------- this is the found type
    = help: you can use `cargo tree` to explore your dependency tree

error[E0308]: mismatched types
   --> iroh-docs/src/engine/gossip.rs:181:39
    |
181 | ...                   node: msg.delivered_from,
    |                             ^^^^^^^^^^^^^^^^^^ expected `radio::PublicKey`, found `iroh_base::key::PublicKey`
    |
note: there are multiple different versions of crate `iroh_base` in the dependency graph
   --> iroh-base/src/key.rs:24:1
    |
 24 | pub struct PublicKey(CompressedEdwardsY);
    | ^^^^^^^^^^^^^^^^^^^^ this is the expected type
    |
   ::: /Users/master/.cargo/registry/src/index.crates.io-1949cf8c6b5b557f/iroh-base-0.96.1/src/key.rs:24:1
    |
 24 | pub struct PublicKey(CompressedEdwardsY);
    | -------------------- this is the found type
    = help: you can use `cargo tree` to explore your dependency tree

error[E0308]: mismatched types
   --> iroh-docs/src/engine/gossip.rs:189:39
    |
189 | ...                   from: msg.delivered_from,
    |                             ^^^^^^^^^^^^^^^^^^ expected `radio::PublicKey`, found `iroh_base::key::PublicKey`
    |
note: there are multiple different versions of crate `iroh_base` in the dependency graph
   --> iroh-base/src/key.rs:24:1
    |
 24 | pub struct PublicKey(CompressedEdwardsY);
    | ^^^^^^^^^^^^^^^^^^^^ this is the expected type
    |
   ::: /Users/master/.cargo/registry/src/index.crates.io-1949cf8c6b5b557f/iroh-base-0.96.1/src/key.rs:24:1
    |
 24 | pub struct PublicKey(CompressedEdwardsY);
    | -------------------- this is the found type
    = help: you can use `cargo tree` to explore your dependency tree

error[E0308]: mismatched types
   --> iroh-docs/src/engine/gossip.rs:198:64
    |
198 |                     .send(ToLiveActor::NeighborUp { namespace, peer })
    |                                                                ^^^^ expected `radio::PublicKey`, found `iroh_base::key::PublicKey`
    |
note: there are multiple different versions of crate `iroh_base` in the dependency graph
   --> iroh-base/src/key.rs:24:1
    |
 24 | pub struct PublicKey(CompressedEdwardsY);
    | ^^^^^^^^^^^^^^^^^^^^ this is the expected type
    |
   ::: /Users/master/.cargo/registry/src/index.crates.io-1949cf8c6b5b557f/iroh-base-0.96.1/src/key.rs:24:1
    |
 24 | pub struct PublicKey(CompressedEdwardsY);
    | -------------------- this is the found type
    = help: you can use `cargo tree` to explore your dependency tree

error[E0308]: mismatched types
   --> iroh-docs/src/engine/gossip.rs:203:66
    |
203 |                     .send(ToLiveActor::NeighborDown { namespace, peer })
    |                                                                  ^^^^ expected `radio::PublicKey`, found `iroh_base::key::PublicKey`
    |
note: there are multiple different versions of crate `iroh_base` in the dependency graph
   --> iroh-base/src/key.rs:24:1
    |
 24 | pub struct PublicKey(CompressedEdwardsY);
    | ^^^^^^^^^^^^^^^^^^^^ this is the expected type
    |
   ::: /Users/master/.cargo/registry/src/index.crates.io-1949cf8c6b5b557f/iroh-base-0.96.1/src/key.rs:24:1
    |
 24 | pub struct PublicKey(CompressedEdwardsY);
    | -------------------- this is the found type
    = help: you can use `cargo tree` to explore your dependency tree

Some errors have detailed explanations: E0053, E0271, E0308.
For more information about an error, try `rustc --explain E0053`.
error: could not compile `iroh-docs` (lib) due to 9 previous errors
warning: build failed, waiting for other jobs to finish...
