    Checking log v0.4.29
    Checking tracing-core v0.1.36
    Checking tokio v1.49.0
    Checking fastrand v2.3.0
   Compiling anyhow v1.0.101
   Compiling cyber-radio-quinn-udp v0.1.0 (/private/tmp/radio-export-pairs.FbuGlp/candidate/radio/quinn/quinn-udp)
   Compiling cyber-radio-quinn v0.1.0 (/private/tmp/radio-export-pairs.FbuGlp/candidate/radio/quinn/quinn)
   Compiling num-traits v0.2.19
    Checking cyber-radio-base v0.1.1 (/private/tmp/radio-export-pairs.FbuGlp/candidate/radio/iroh-base)
   Compiling cyber-radio v0.1.0 (/private/tmp/radio-export-pairs.FbuGlp/candidate/radio/iroh)
    Checking rustls v0.23.36
    Checking attohttpc v0.30.1
    Checking futures-lite v2.6.1
    Checking tracing v0.1.44
    Checking iroh-metrics v0.38.2
    Checking iroh-quinn-udp v0.8.0
   Compiling vergen-lib v9.1.0
   Compiling vergen-lib v0.1.6
   Compiling vergen v9.1.0
   Compiling vergen-gitcl v1.0.8
   Compiling cyber-radio-relay v0.1.0 (/private/tmp/radio-export-pairs.FbuGlp/candidate/radio/iroh-relay)
    Checking chrono v0.4.43
    Checking rustls-platform-verifier v0.6.2
    Checking cyber-radio-quinn-proto v0.1.0 (/private/tmp/radio-export-pairs.FbuGlp/candidate/radio/quinn/quinn-proto)
    Checking iroh-quinn-proto v0.15.1
    Checking tokio-util v0.7.18
    Checking tokio-rustls v0.26.4
    Checking tower v0.5.3
    Checking async-compat v0.2.5
    Checking iroh-io v0.6.2
    Checking backon v1.6.0
    Checking cyber-bao v0.1.0 (/private/tmp/radio-export-pairs.FbuGlp/candidate/radio/cyber-bao)
    Checking tower-http v0.6.8
    Checking h2 v0.4.13
    Checking n0-future v0.3.2
    Checking tokio-stream v0.1.18
    Checking tokio-websockets v0.12.3
    Checking n0-watcher v0.6.1
    Checking cyber-radio-netwatch v0.1.0 (/private/tmp/radio-export-pairs.FbuGlp/candidate/radio/nettools/netwatch)
warning: cyber-radio-relay@0.1.0: not within a suitable 'git' worktree!
warning: cyber-radio-relay@0.1.0: VERGEN_GIT_SHA set to default
    Checking iroh-quinn v0.16.1
    Checking irpc v0.12.0
    Checking hyper v1.8.1
    Checking hickory-proto v0.25.2
    Checking hyper-util v0.1.20
    Checking hyper-rustls v0.27.7
    Checking igd-next v0.16.2
    Checking hickory-resolver v0.25.2
    Checking reqwest v0.12.28
    Checking cyber-radio-portmapper v0.1.0 (/private/tmp/radio-export-pairs.FbuGlp/candidate/radio/nettools/portmapper)
    Checking pkarr v5.0.2
 Documenting iroh-blobs v0.98.0 (/private/tmp/radio-export-pairs.FbuGlp/candidate/radio/iroh-blobs)
    Finished `dev` profile [unoptimized + debuginfo] target(s) in 10.39s
   Generated /private/tmp/radio-export-pairs.FbuGlp/candidate/radio/target/doc/iroh_blobs/index.html
