   Compiling proc-macro2 v1.0.106
   Compiling getrandom v0.3.4
   Compiling ring v0.17.14
   Compiling getrandom v0.2.17
   Compiling num_threads v0.1.7
   Compiling num-traits v0.2.19
   Compiling iroh-quinn-udp v0.8.0
   Compiling pkarr v5.0.2
   Compiling cyber-radio-quinn v0.1.0 (/private/tmp/radio-export-pairs.FbuGlp/candidate/radio/quinn/quinn)
   Compiling rustix v1.1.3
   Compiling cyber-radio v0.1.0 (/private/tmp/radio-export-pairs.FbuGlp/candidate/radio/iroh)
   Compiling serde_json v1.0.149
   Compiling iroh-blobs v0.98.0 (/private/tmp/radio-export-pairs.FbuGlp/candidate/radio/iroh-blobs)
   Compiling rand_core v0.9.5
   Compiling uuid v1.20.0
   Compiling time v0.3.47
   Compiling rand_chacha v0.9.0
   Compiling rand_xorshift v0.4.0
   Compiling rand v0.9.2
   Compiling tempfile v3.24.0
   Compiling fastbloom v0.14.1
   Compiling quote v1.0.44
   Compiling rusty-fork v0.3.1
   Compiling syn v2.0.114
   Compiling syn v1.0.109
   Compiling proptest v1.10.0
   Compiling chrono v0.4.43
   Compiling syn-mid v0.5.4
   Compiling proc-macro-error-attr v0.4.12
   Compiling proc-macro-error v0.4.12
   Compiling synstructure v0.13.2
   Compiling darling_core v0.20.11
   Compiling serde_derive v1.0.228
   Compiling tokio-macros v2.6.0
   Compiling zeroize_derive v1.4.3
   Compiling tracing-attributes v0.1.31
   Compiling futures-macro v0.3.31
   Compiling zerovec-derive v0.11.2
   Compiling displaydoc v0.2.5
   Compiling thiserror-impl v2.0.18
   Compiling derive_more-impl v2.1.1
   Compiling zerofrom-derive v0.1.6
   Compiling yoke-derive v0.8.1
   Compiling n0-error-macros v0.1.3
   Compiling spez v0.1.2
   Compiling zeroize v1.8.2
   Compiling rustls v0.23.36
   Compiling pin-project-internal v1.1.10
   Compiling futures-util v0.3.31
   Compiling async-trait v0.1.89
   Compiling postcard-derive v0.2.2
   Compiling enum-assoc v1.3.0
   Compiling enum-as-inner v0.6.1
   Compiling n0-error v0.1.3
   Compiling zerofrom v0.1.6
   Compiling tracing v0.1.44
   Compiling thiserror v2.0.18
   Compiling iroh-metrics-derive v0.4.1
   Compiling num_enum_derive v0.7.5
   Compiling darling_macro v0.20.11
   Compiling ref-cast-impl v1.0.25
   Compiling rustls-pki-types v1.14.0
   Compiling der v0.8.0-rc.10
   Compiling pin-project v1.1.10
   Compiling structmeta-derive v0.3.0
   Compiling darling v0.20.11
   Compiling strum_macros v0.27.2
   Compiling rustls-webpki v0.103.9
   Compiling webpki-roots v1.0.6
   Compiling ref-cast v1.0.25
   Compiling num_enum v0.7.5
   Compiling serde v1.0.228
   Compiling spki v0.8.0-rc.4
   Compiling pkcs8 v0.11.0-rc.10
   Compiling derive_more v2.1.1
   Compiling structmeta v0.3.0
   Compiling genawaiter-proc-macro v0.99.1
   Compiling rcgen v0.14.7
   Compiling genawaiter v0.99.1
   Compiling strum v0.27.2
   Compiling irpc-derive v0.9.0
   Compiling yoke v0.8.1
   Compiling clap_derive v4.5.55
   Compiling futures-executor v0.3.31
   Compiling futures v0.3.31
   Compiling cyber-radio-quinn-udp v0.1.0 (/private/tmp/radio-export-pairs.FbuGlp/candidate/radio/quinn/quinn-udp)
   Compiling rustls-platform-verifier v0.6.2
   Compiling tracing-test-macro v0.2.6
   Compiling nested_enum_utils v0.2.3
   Compiling cobs v0.3.0
   Compiling clap v4.5.57
   Compiling derive_builder_core v0.20.2
   Compiling derive_builder_macro v0.20.2
   Compiling derive_builder v0.20.2
   Compiling smallvec v1.15.1
   Compiling bytes v1.11.1
   Compiling curve25519-dalek v5.0.0-pre.1
   Compiling ed25519 v3.0.0-rc.4
   Compiling heapless v0.7.17
   Compiling serde_urlencoded v0.7.1
   Compiling plist v1.8.0
   Compiling cyber-hemera v0.3.1 (/private/tmp/radio-export-pairs.FbuGlp/candidate/hemera/rs)
   Compiling parking_lot_core v0.9.12
   Compiling ntimestamp v1.0.0
   Compiling tracing-subscriber v0.3.22
   Compiling inplace-vec-builder v0.1.1
   Compiling parking_lot v0.12.5
   Compiling http v1.4.0
   Compiling postcard v1.1.3
   Compiling cyber-radio-quinn-proto v0.1.0 (/private/tmp/radio-export-pairs.FbuGlp/candidate/radio/quinn/quinn-proto)
   Compiling iroh-quinn-proto v0.15.1
   Compiling netdev v0.40.0
   Compiling tokio v1.49.0
   Compiling ed25519-dalek v3.0.0-pre.1
   Compiling moka v0.12.13
   Compiling http-body v1.0.1
   Compiling derive-ex v0.1.8
   Compiling http-body-util v0.1.3
   Compiling range-collections v0.4.6
   Compiling tracing-test v0.2.6
   Compiling serde_test v1.0.177
   Compiling test-strategy v0.4.5
   Compiling zerovec v0.11.5
   Compiling zerotrie v0.2.3
   Compiling vergen-lib v9.1.0
   Compiling vergen-lib v0.1.6
   Compiling vergen v9.1.0
   Compiling vergen-gitcl v1.0.8
   Compiling cyber-radio-relay v0.1.0 (/private/tmp/radio-export-pairs.FbuGlp/candidate/radio/iroh-relay)
   Compiling iroh-metrics v0.38.2
   Compiling tokio-util v0.7.18
   Compiling tokio-rustls v0.26.4
   Compiling tower v0.5.3
   Compiling async-compat v0.2.5
   Compiling acto v0.8.0
   Compiling backon v1.6.0
   Compiling iroh-io v0.6.2
   Compiling async-compression v0.4.40
   Compiling iroh-test v0.31.0
   Compiling tinystr v0.8.2
   Compiling potential_utf v0.1.4
   Compiling cyber-bao v0.1.0 (/private/tmp/radio-export-pairs.FbuGlp/candidate/radio/cyber-bao)
   Compiling icu_collections v2.1.1
   Compiling icu_locale_core v2.1.1
warning: cyber-radio-relay@0.1.0: not within a suitable 'git' worktree!
warning: cyber-radio-relay@0.1.0: VERGEN_GIT_SHA set to default
   Compiling tower-http v0.6.8
   Compiling h2 v0.4.13
   Compiling n0-future v0.3.2
   Compiling tokio-stream v0.1.18
   Compiling tokio-websockets v0.12.3
   Compiling n0-watcher v0.6.1
   Compiling cyber-radio-netwatch v0.1.0 (/private/tmp/radio-export-pairs.FbuGlp/candidate/radio/nettools/netwatch)
   Compiling iroh-quinn v0.16.1
   Compiling icu_provider v2.1.1
   Compiling icu_properties v2.1.2
   Compiling icu_normalizer v2.1.1
   Compiling irpc v0.12.0
   Compiling idna_adapter v1.2.1
   Compiling idna v1.1.0
   Compiling url v2.5.8
   Compiling attohttpc v0.30.1
   Compiling cyber-radio-base v0.1.1 (/private/tmp/radio-export-pairs.FbuGlp/candidate/radio/iroh-base)
   Compiling iroh-base v0.96.1
   Compiling iroh-tickets v0.3.0
   Compiling hyper v1.8.1
   Compiling hickory-proto v0.25.2
   Compiling hyper-util v0.1.20
   Compiling hyper-rustls v0.27.7
   Compiling igd-next v0.16.2
   Compiling reqwest v0.12.28
   Compiling cyber-radio-portmapper v0.1.0 (/private/tmp/radio-export-pairs.FbuGlp/candidate/radio/nettools/portmapper)
   Compiling hickory-resolver v0.25.2
   Compiling swarm-discovery v0.5.0
    Finished `test` profile [unoptimized + debuginfo] target(s) in 21.39s
     Running unittests src/lib.rs (target/debug/deps/iroh_blobs-44f4a486ca720063)
