   Compiling cyber-radio-relay v0.1.0 (/private/tmp/radio-export-pairs.FbuGlp/candidate/radio/iroh-relay)
   Compiling iroh-quinn-udp v0.8.0
   Compiling iroh-quinn v0.16.1
    Checking cyber-bao v0.1.0 (/private/tmp/radio-export-pairs.FbuGlp/candidate/radio/cyber-bao)
    Checking bao-tree v0.16.0
    Checking console_error_panic_hook v0.1.7
    Checking p3-matrix v0.4.2
    Checking p3-symmetric v0.4.2
warning: iroh-dns-server@0.96.1: not within a suitable 'git' worktree!
warning: iroh-dns-server@0.96.1: VERGEN_GIT_SHA set to default
   Compiling test-strategy v0.3.1
    Checking backtrace v0.3.76
    Checking multibase v0.9.2
    Checking sysinfo v0.26.9
   Compiling zerocopy-derive v0.7.35
    Checking whoami v1.6.1
    Checking anes v0.1.6
    Checking oorandom v11.1.5
    Checking curve25519-dalek v4.1.3
    Checking willow-data-model v0.1.0 (https://github.com/n0-computer/willow-rs.git?branch=main#12d29767)
    Checking criterion v0.7.0
    Checking ed25519 v2.2.3
    Checking iroh-dns-server v0.96.1 (/private/tmp/radio-export-pairs.FbuGlp/candidate/radio/iroh-dns-server)
    Checking cid v0.11.1
    Checking rand_chacha v0.3.1
   Compiling derive_more-impl v1.0.0
    Checking ipld-core v0.4.3
    Checking testdir v0.7.3
    Checking rand v0.8.5
    Checking p3-dft v0.4.2
   Compiling nested_enum_utils v0.1.0
   Compiling multihash-derive-impl v0.1.2
    Checking cbor4ii v0.2.14
    Checking zerocopy v0.7.35
error: using `clone` on type `Hash` which implements the `Copy` trait
   --> cyber-bao/src/io/mixed.rs:115:32
    |
115 |                     stack.push(pair.1.clone());
    |                                ^^^^^^^^^^^^^^ help: try removing the `clone` call: `pair.1`
    |
    = help: for further information visit https://rust-lang.github.io/rust-clippy/rust-1.95.0/index.html#clone_on_copy
    = note: `-D clippy::clone-on-copy` implied by `-D warnings`
    = help: to override `-D warnings` add `#[allow(clippy::clone_on_copy)]`

error: using `clone` on type `Hash` which implements the `Copy` trait
   --> cyber-bao/src/io/mixed.rs:118:32
    |
118 |                     stack.push(pair.0.clone());
    |                                ^^^^^^^^^^^^^^ help: try removing the `clone` call: `pair.0`
    |
    = help: for further information visit https://rust-lang.github.io/rust-clippy/rust-1.95.0/index.html#clone_on_copy

    Checking serde_ipld_dagcbor v0.6.4
error: using `clone` on type `Hash` which implements the `Copy` trait
  --> cyber-bao/src/io/sync.rs:59:32
   |
59 |                     stack.push(r_hash.clone());
   |                                ^^^^^^^^^^^^^^ help: try removing the `clone` call: `r_hash`
   |
   = help: for further information visit https://rust-lang.github.io/rust-clippy/rust-1.95.0/index.html#clone_on_copy

error: using `clone` on type `Hash` which implements the `Copy` trait
  --> cyber-bao/src/io/sync.rs:62:32
   |
62 |                     stack.push(l_hash.clone());
   |                                ^^^^^^^^^^^^^^ help: try removing the `clone` call: `l_hash`
   |
   = help: for further information visit https://rust-lang.github.io/rust-clippy/rust-1.95.0/index.html#clone_on_copy

error: using `clone` on type `Hash` which implements the `Copy` trait
   --> cyber-bao/src/io/sync.rs:183:27
    |
183 |                 next.push(level[i].clone());
    |                           ^^^^^^^^^^^^^^^^ help: try removing the `clone` call: `level[i]`
    |
    = help: for further information visit https://rust-lang.github.io/rust-clippy/rust-1.95.0/index.html#clone_on_copy

error: this function has too many arguments (9/7)
   --> cyber-bao/src/io/sync.rs:239:1
    |
239 | / async fn validate_node_rec<O, D>(
240 | |     outboard: &O,
241 | |     data: &D,
242 | |     backend: &Poseidon2Backend,
...   |
251 | |     O: Outboard<Hash = hemera::Hash>,
252 | |     D: ReadAt,
    | |______________^
    |
    = help: for further information visit https://rust-lang.github.io/rust-clippy/rust-1.95.0/index.html#too_many_arguments
    = note: `-D clippy::too-many-arguments` implied by `-D warnings`
    = help: to override `-D warnings` add `#[allow(clippy::too_many_arguments)]`

error: large size difference between variants
  --> cyber-bao/src/io/fsm.rs:53:1
   |
53 | /  pub enum ResponseDecoderNext<R> {
54 | |      /// More items available. Contains the decoder and the next item/error.
55 | |/     More(
56 | ||         (
57 | ||             ResponseDecoder<R>,
58 | ||             Result<BaoContentItem<hemera::Hash>, DecodeError>,
59 | ||         ),
60 | ||     ),
   | ||_____- the largest variant contains at least 504 bytes
61 | |      /// Decoding is complete.
62 | |      Done(R),
   | |      ------- the second-largest variant contains at least 0 bytes
63 | |  }
   | |__^ the entire enum is at least 504 bytes
   |
   = help: for further information visit https://rust-lang.github.io/rust-clippy/rust-1.95.0/index.html#large_enum_variant
   = note: `-D clippy::large-enum-variant` implied by `-D warnings`
   = help: to override `-D warnings` add `#[allow(clippy::large_enum_variant)]`
help: consider boxing the large fields or introducing indirection in some other way to reduce the total size of the enum
   |
56 ~         Box<(
57 +             ResponseDecoder<R>,
58 +             Result<BaoContentItem<hemera::Hash>, DecodeError>,
59 ~         )>,
   |

error: using `clone` on type `Hash` which implements the `Copy` trait
   --> cyber-bao/src/io/fsm.rs:106:20
    |
106 |         stack.push(hash.clone());
    |                    ^^^^^^^^^^^^ help: try removing the `clone` call: `hash`
    |
    = help: for further information visit https://rust-lang.github.io/rust-clippy/rust-1.95.0/index.html#clone_on_copy

error: using `clone` on type `Hash` which implements the `Copy` trait
   --> cyber-bao/src/io/fsm.rs:188:38
    |
188 |                     inner.stack.push(right.clone());
    |                                      ^^^^^^^^^^^^^ help: try removing the `clone` call: `right`
    |
    = help: for further information visit https://rust-lang.github.io/rust-clippy/rust-1.95.0/index.html#clone_on_copy

error: using `clone` on type `Hash` which implements the `Copy` trait
   --> cyber-bao/src/io/fsm.rs:191:38
    |
191 |                     inner.stack.push(left.clone());
    |                                      ^^^^^^^^^^^^ help: try removing the `clone` call: `left`
    |
    = help: for further information visit https://rust-lang.github.io/rust-clippy/rust-1.95.0/index.html#clone_on_copy

error: using `clone` on type `Hash` which implements the `Copy` trait
  --> cyber-bao/src/io/mod.rs:72:27
   |
72 |                 next.push(level[i].clone());
   |                           ^^^^^^^^^^^^^^^^ help: try removing the `clone` call: `level[i]`
   |
   = help: for further information visit https://rust-lang.github.io/rust-clippy/rust-1.95.0/index.html#clone_on_copy

    Checking ed25519-dalek v2.2.0
    Checking hdrhistogram v7.5.4
    Checking netwatch v0.14.0
    Checking meadowcap v0.1.0 (https://github.com/n0-computer/willow-rs.git?branch=main#12d29767)
    Checking p3-mds v0.4.2
error: this `if` statement can be collapsed
   --> cyber-bao/src/tree.rs:733:9
    |
733 | /         if left_overlaps {
734 | |             if let Some(left) = left_child {
735 | |                 self.pre_order_filtered_recurse(left, false, total_blocks, ranges, out);
736 | |             }
737 | |         }
    | |_________^
    |
    = help: for further information visit https://rust-lang.github.io/rust-clippy/rust-1.95.0/index.html#collapsible_if
    = note: `-D clippy::collapsible-if` implied by `-D warnings`
    = help: to override `-D warnings` add `#[allow(clippy::collapsible_if)]`
help: collapse nested if block
    |
733 ~         if left_overlaps
734 ~             && let Some(left) = left_child {
735 |                 self.pre_order_filtered_recurse(left, false, total_blocks, ranges, out);
736 ~             }
    |

error: this `if` statement can be collapsed
   --> cyber-bao/src/tree.rs:738:9
    |
738 | /         if right_overlaps {
739 | |             if let Some(right) = right_child {
740 | |                 self.pre_order_filtered_recurse(right, false, total_blocks, ranges, out);
741 | |             }
742 | |         }
    | |_________^
    |
    = help: for further information visit https://rust-lang.github.io/rust-clippy/rust-1.95.0/index.html#collapsible_if
help: collapse nested if block
    |
738 ~         if right_overlaps
739 ~             && let Some(right) = right_child {
740 |                 self.pre_order_filtered_recurse(right, false, total_blocks, ranges, out);
741 ~             }
    |

error: could not compile `cyber-bao` (lib) due to 13 previous errors
warning: build failed, waiting for other jobs to finish...
warning: cyber-radio-relay@0.1.0: not within a suitable 'git' worktree!
warning: cyber-radio-relay@0.1.0: VERGEN_GIT_SHA set to default
