    Blocking waiting for file lock on build directory
   Compiling proc-macro2 v1.0.106
   Compiling unicode-ident v1.0.22
   Compiling quote v1.0.44
   Compiling libc v0.2.180
   Compiling serde_core v1.0.228
   Compiling serde v1.0.228
    Checking cfg-if v1.0.4
    Checking pin-project-lite v0.2.16
   Compiling portable-atomic v1.13.1
    Checking critical-section v1.2.0
    Checking scopeguard v1.2.0
    Checking memchr v2.7.6
    Checking futures-core v0.3.31
   Compiling parking_lot_core v0.9.12
    Checking log v0.4.29
   Compiling getrandom v0.3.4
    Checking futures-io v0.3.31
    Checking itoa v1.0.17
   Compiling zerocopy v0.8.39
    Checking futures-sink v0.3.31
    Checking slab v0.4.12
    Checking lock_api v0.4.14
   Compiling find-msvc-tools v0.1.9
   Compiling shlex v1.3.0
   Compiling cfg_aliases v0.2.1
    Checking futures-channel v0.3.31
    Checking futures-task v0.3.31
    Checking pin-utils v0.1.0
   Compiling autocfg v1.5.0
   Compiling cc v1.2.55
   Compiling anyhow v1.0.101
   Compiling rustversion v1.0.22
    Checking stable_deref_trait v1.2.1
    Checking subtle v2.6.1
    Checking bitflags v2.10.0
   Compiling thiserror v2.0.18
   Compiling typenum v1.19.0
   Compiling time-core v0.1.8
   Compiling num-traits v0.2.19
   Compiling semver v1.0.27
   Compiling num-conv v0.2.0
    Checking equivalent v1.0.2
   Compiling rustc_version v0.4.1
    Checking foldhash v0.2.0
    Checking allocator-api2 v0.2.21
   Compiling syn v2.0.114
    Checking fnv v1.0.7
    Checking fastrand v2.3.0
    Checking hashbrown v0.16.1
   Compiling version_check v0.9.5
   Compiling ring v0.17.14
    Checking percent-encoding v2.3.2
    Checking untrusted v0.9.0
    Checking litemap v0.8.1
    Checking errno v0.3.14
    Checking mio v1.1.1
    Checking socket2 v0.6.2
    Checking getrandom v0.2.17
    Checking signal-hook-registry v1.4.8
    Checking writeable v0.6.2
   Compiling icu_normalizer_data v2.1.1
   Compiling icu_properties_data v2.1.2
   Compiling rustls v0.23.36
    Checking data-encoding v2.10.0
    Checking form_urlencoded v1.2.2
    Checking indexmap v2.13.0
    Checking base64 v0.22.1
    Checking parking v2.2.1
   Compiling unicode-xid v0.2.6
   Compiling unicode-segmentation v1.12.0
    Checking powerfmt v0.2.0
    Checking utf8_iter v1.0.4
    Checking atomic-waker v1.1.2
    Checking deranged v0.5.5
   Compiling convert_case v0.10.0
    Checking num_threads v0.1.7
   Compiling time-macros v0.2.27
    Checking rand_core v0.9.5
   Compiling crossbeam-utils v0.8.21
    Checking either v1.15.0
    Checking futures-lite v2.6.1
    Checking cpufeatures v0.2.17
    Checking const-oid v0.10.2
    Checking spin v0.10.0
   Compiling strsim v0.11.1
   Compiling heck v0.5.0
   Compiling httparse v1.10.1
   Compiling ident_case v1.0.1
   Compiling zmij v1.0.19
    Checking once_cell v1.21.3
   Compiling serde_json v1.0.149
    Checking tower-service v0.3.3
    Checking time v0.3.47
    Checking core-foundation-sys v0.8.7
    Checking tracing-core v0.1.36
    Checking try-lock v0.2.5
    Checking base64ct v1.8.3
   Compiling synstructure v0.13.2
   Compiling darling_core v0.20.11
    Checking httpdate v1.0.3
    Checking pem-rfc7468 v1.0.0
    Checking want v0.3.1
    Checking sync_wrapper v1.0.2
    Checking byteorder v1.5.0
   Compiling winnow v0.7.14
   Compiling toml_datetime v0.7.5+spec-1.1.0
   Compiling curve25519-dalek v5.0.0-pre.1
    Checking regex-syntax v0.8.9
    Checking tower-layer v0.3.3
   Compiling serde_derive v1.0.228
   Compiling tokio-macros v2.6.0
   Compiling tracing-attributes v0.1.31
   Compiling zeroize_derive v1.4.3
   Compiling zerocopy-derive v0.8.39
   Compiling futures-macro v0.3.31
    Checking zeroize v1.8.2
   Compiling displaydoc v0.2.5
    Checking tracing v0.1.44
   Compiling zerofrom-derive v0.1.6
    Checking futures-util v0.3.31
   Compiling yoke-derive v0.8.1
   Compiling thiserror-impl v2.0.18
   Compiling zerovec-derive v0.11.2
   Compiling derive_more-impl v2.1.1
   Compiling pin-project-internal v1.1.10
    Checking hybrid-array v0.4.7
    Checking zerofrom v0.1.6
    Checking num-integer v0.1.46
   Compiling darling_macro v0.20.11
   Compiling spez v0.1.2
   Compiling n0-error-macros v0.1.3
    Checking pin-project v1.1.10
    Checking block-buffer v0.11.0
    Checking crypto-common v0.2.0
   Compiling darling v0.20.11
    Checking num-bigint v0.4.6
    Checking n0-error v0.1.3
    Checking digest v0.11.0-rc.10
   Compiling toml_parser v1.0.6+spec-1.1.0
   Compiling vergen-lib v9.1.0
    Checking serde_bytes v0.11.19
   Compiling toml_edit v0.23.10+spec-1.0.0
   Compiling heapless v0.7.17
    Checking tinyvec_macros v0.1.1
    Checking signature v3.0.0-rc.10
    Checking tinyvec v1.10.0
   Compiling proc-macro-crate v3.4.0
    Checking sha2 v0.11.0-rc.2
    Checking hash32 v0.2.1
    Checking derive_more v2.1.1
   Compiling vergen v9.1.0
   Compiling vergen-lib v0.1.6
    Checking rustls-pki-types v1.14.0
    Checking rustls-webpki v0.103.9
    Checking der v0.8.0-rc.10
    Checking diatomic-waker v0.2.3
    Checking ryu v1.0.22
    Checking spki v0.8.0-rc.4
    Checking pkcs8 v0.11.0-rc.10
    Checking cordyceps v0.3.4
    Checking futures-buffered v0.2.12
   Compiling postcard-derive v0.2.2
   Compiling async-trait v0.1.89
   Compiling vergen-gitcl v1.0.8
   Compiling n0-future v0.3.2
    Checking yoke v0.8.1
    Checking cobs v0.3.0
    Checking futures-executor v0.3.31
    Checking futures v0.3.31
    Checking webpki-roots v1.0.6
    Checking socket2 v0.5.10
    Checking minimal-lexical v0.2.1
    Checking iri-string v0.7.10
    Checking lazy_static v1.5.0
    Checking nom v7.1.3
   Compiling libm v0.2.16
   Compiling derive_builder_core v0.20.2
   Compiling asn1-rs-derive v0.6.0
    Checking rusticata-macros v4.1.0
   Compiling asn1-rs-impl v0.2.0
   Compiling derive_builder_macro v0.20.2
    Checking security-framework-sys v2.15.0
    Checking core-foundation v0.10.1
   Compiling objc2 v0.6.3
   Compiling derive_builder v0.20.2
    Checking ppv-lite86 v0.2.21
    Checking security-framework v3.5.1
    Checking rand_chacha v0.9.0
    Checking smallvec v1.15.1
    Checking bytes v1.11.1
    Checking rand v0.9.2
    Checking parking_lot v0.12.5
    Checking http v1.4.0
    Checking ipnet v2.11.0
    Checking tokio v1.49.0
    Checking ed25519 v3.0.0-rc.4
    Checking serde_urlencoded v0.7.1
    Checking http-body v1.0.1
    Checking http-body-util v0.1.3
    Checking asn1-rs v0.7.1
    Checking ed25519-dalek v3.0.0-pre.1
    Checking crossbeam-epoch v0.9.18
   Compiling enum-as-inner v0.6.1
    Checking aho-corasick v1.1.4
    Checking siphasher v1.0.2
    Checking objc2-encode v4.1.0
   Compiling litrs v1.0.0
   Compiling oid-registry v0.8.1
   Compiling document-features v0.2.12
    Checking postcard v1.1.3
    Checking regex-automata v0.4.14
    Checking rustls-platform-verifier v0.6.2
   Compiling enum-assoc v1.3.0
   Compiling iroh-metrics-derive v0.4.1
    Checking zerovec v0.11.5
    Checking zerotrie v0.2.3
    Checking spin v0.9.8
    Checking lru-slab v0.1.2
    Checking rustc-hash v2.1.1
    Checking identity-hash v0.1.0
    Checking crc-catalog v2.4.0
    Checking self_cell v1.2.2
    Checking sorted-index-buffer v0.2.1
    Checking crc v3.4.0
    Checking flume v0.11.1
    Checking serde_bencode v0.2.4
    Checking lru v0.16.3
   Compiling pkarr v5.0.2
    Checking dyn-clone v1.0.20
    Checking sha1_smol v1.0.1
    Checking base32 v0.5.1
    Checking mainline v6.0.1
    Checking ntimestamp v1.0.0
    Checking fastbloom v0.14.1
   Compiling num_enum_derive v0.7.5
    Checking yasna v0.5.2
   Compiling strum_macros v0.27.2
    Checking block2 v0.6.2
    Checking dispatch2 v0.3.0
    Checking pem v3.0.6
    Checking simple-dns v0.9.3
    Checking utf8parse v0.2.2
    Checking anstyle-parse v0.2.7
    Checking objc2-core-foundation v0.3.2
    Checking num_enum v0.7.5
    Checking matchers v0.2.0
    Checking sharded-slab v0.1.7
    Checking crossbeam-channel v0.5.15
    Checking arc-swap v1.8.1
    Checking tracing-log v0.2.0
    Checking uuid v1.20.0
   Compiling fs-err v3.2.2
    Checking strum v0.27.2
    Checking thread_local v1.1.9
    Checking tagptr v0.2.0
    Checking colorchoice v1.0.4
    Checking anstyle-query v1.1.5
    Checking is_terminal_polyfill v1.70.2
    Checking z32 v1.3.0
    Checking anstyle v1.0.13
    Checking nu-ansi-term v0.50.3
    Checking moka v0.12.13
    Checking anstream v0.6.21
    Checking tracing-subscriber v0.3.22
    Checking cyber-hemera v0.3.1 (/private/tmp/radio-export-pairs.FbuGlp/candidate/hemera/rs)
    Checking objc2-security v0.3.2
    Checking iana-time-zone v0.1.65
    Checking quick-xml v0.38.4
   Compiling cyber-radio-quinn-udp v0.1.0 (/private/tmp/radio-export-pairs.FbuGlp/candidate/radio/quinn/quinn-udp)
    Checking clap_lex v0.7.7
    Checking hashbrown v0.14.5
    Checking simdutf8 v0.1.5
    Checking resolv-conf v0.7.6
    Checking plist v1.8.0
    Checking dashmap v6.1.0
    Checking clap_builder v4.5.57
    Checking chrono v0.4.43
    Checking objc2-system-configuration v0.3.2
   Compiling clap_derive v4.5.55
    Checking mac-addr v0.3.0
    Checking netdev v0.40.0
    Checking tokio-util v0.7.18
    Checking tokio-rustls v0.26.4
    Checking tower v0.5.3
    Checking async-compat v0.2.5
    Checking serde_spanned v1.0.4
    Checking h2 v0.4.13
    Checking tokio-stream v0.1.18
    Checking tokio-websockets v0.12.3
    Checking clap v4.5.57
    Checking tinystr v0.8.2
    Checking potential_utf v0.1.4
    Checking tower-http v0.6.8
    Checking n0-watcher v0.6.1
    Checking icu_collections v2.1.1
    Checking icu_locale_core v2.1.1
    Checking xml-rs v0.8.28
    Checking toml_writer v1.0.6+spec-1.1.0
    Checking rustls-cert-read v0.3.0
   Compiling ahash v0.8.12
   Compiling cyber-radio-quinn v0.1.0 (/private/tmp/radio-export-pairs.FbuGlp/candidate/radio/quinn/quinn)
    Checking reloadable-core v0.1.0
    Checking toml v0.9.11+spec-1.1.0
    Checking reloadable-state v0.1.0
    Checking xmltree v0.10.3
   Compiling cyber-radio-relay v0.1.0 (/private/tmp/radio-export-pairs.FbuGlp/candidate/radio/iroh-relay)
    Checking cyber-radio-quinn-proto v0.1.0 (/private/tmp/radio-export-pairs.FbuGlp/candidate/radio/quinn/quinn-proto)
    Checking icu_provider v2.1.1
    Checking mime v0.3.17
    Checking axum-core v0.5.6
    Checking icu_properties v2.1.2
    Checking icu_normalizer v2.1.1
    Checking rustls-cert-reloadable-resolver v0.7.1
    Checking rustls-cert-file-reader v0.4.2
    Checking sha1 v0.11.0-rc.4
   Compiling axum-macros v0.5.0
    Checking hyper v1.8.1
    Checking idna_adapter v1.2.1
    Checking serde_path_to_error v0.1.20
    Checking idna v1.1.0
    Checking seize v0.5.1
    Checking matchit v0.8.4
    Checking url v2.5.8
    Checking papaya v0.2.3
    Checking backon v1.6.0
    Checking hickory-proto v0.25.2
    Checking attohttpc v0.30.1
    Checking hyper-util v0.1.20
    Checking cyber-radio-base v0.1.1 (/private/tmp/radio-export-pairs.FbuGlp/candidate/radio/iroh-base)
   Compiling acto v0.8.0
   Compiling cyber-radio-netwatch v0.1.0 (/private/tmp/radio-export-pairs.FbuGlp/candidate/radio/nettools/netwatch)
    Checking smol_str v0.1.24
   Compiling cyber-radio v0.1.0 (/private/tmp/radio-export-pairs.FbuGlp/candidate/radio/iroh)
   Compiling syn v1.0.109
   Compiling iroh-quinn-udp v0.8.0
    Checking hyper-rustls v0.27.7
    Checking reqwest v0.12.28
    Checking axum-server v0.8.0
    Checking iroh-metrics v0.38.2
    Checking igd-next v0.16.2
    Checking axum v0.8.8
   Compiling rustix v1.1.3
   Compiling proc-macro-error-attr v0.4.12
   Compiling iroh-quinn v0.16.1
    Checking iroh-quinn-proto v0.15.1
warning: cyber-radio-relay@0.1.0: not within a suitable 'git' worktree!
warning: cyber-radio-relay@0.1.0: VERGEN_GIT_SHA set to default
   Compiling proc-macro-error v0.4.12
    Checking der-parser v10.0.0
   Compiling proc-macro-hack v0.5.20+deprecated
    Checking x509-parser v0.18.1
    Checking rcgen v0.14.7
    Checking tokio-rustls-acme v0.9.0
   Compiling ref-cast v1.0.25
   Compiling ref-cast-impl v1.0.25
    Checking genawaiter-macro v0.99.1
    Checking inplace-vec-builder v0.1.1
    Checking binary-merge v0.1.2
    Checking iroh-io v0.6.2
    Checking arrayvec v0.7.6
    Checking iroh-base v0.96.1
   Compiling irpc-derive v0.9.0
    Checking hex v0.4.3
   Compiling redb v2.6.3
    Checking iroh-tickets v0.3.0
   Compiling nested_enum_utils v0.2.3
    Checking reflink-copy v0.1.28
    Checking wait-timeout v0.2.1
    Checking bit-vec v0.8.0
    Checking quick-error v1.2.3
    Checking rand_xorshift v0.4.0
    Checking unarray v0.1.4
    Checking bit-set v0.8.0
   Compiling blake3 v1.8.3
   Compiling n0-tracing-test-macro v0.3.0
    Checking arrayref v0.3.9
    Checking constant_time_eq v0.4.2
   Compiling netwatch v0.14.0
    Checking n0-tracing-test v0.3.0
    Checking fixedbitset v0.5.7
    Checking futures-concurrency v7.7.1
   Compiling syn-mid v0.5.4
   Compiling iroh-relay v0.96.1
   Compiling wasm-bindgen-shared v0.2.108
    Checking cyber-radio-portmapper v0.1.0 (/private/tmp/radio-export-pairs.FbuGlp/candidate/radio/nettools/portmapper)
   Compiling iroh v0.96.1
    Checking irpc v0.12.0
   Compiling iroh-blobs v0.98.0 (/private/tmp/radio-export-pairs.FbuGlp/candidate/radio/iroh-blobs)
    Checking testresult v0.4.1
    Checking tempfile v3.24.0
    Checking rusty-fork v0.3.1
    Checking proptest v1.10.0
   Compiling structmeta-derive v0.3.0
    Checking positioned-io v0.3.5
   Compiling iroh-blobs v0.98.0
   Compiling thiserror v1.0.69
   Compiling structmeta v0.3.0
   Compiling thiserror-impl v1.0.69
    Checking hickory-resolver v0.25.2
    Checking swarm-discovery v0.5.0
   Compiling strum_macros v0.26.4
   Compiling bumpalo v3.19.1
    Checking same-file v1.0.6
    Checking walkdir v2.5.0
    Checking serde-error v0.1.3
   Compiling tracing-test-macro v0.2.6
   Compiling wasm-bindgen v0.2.108
   Compiling paste v1.0.15
    Checking tracing-test v0.2.6
    Checking unicode-width v0.2.2
    Checking console v0.16.2
    Checking strum v0.26.3
    Checking portmapper v0.14.0
   Compiling wasm-bindgen-macro-support v0.2.108
    Checking p3-util v0.4.2
    Checking concurrent-queue v2.5.0
    Checking itertools v0.14.0
   Compiling generic-array v0.14.7
   Compiling lz4-sys v1.11.1+lz4-1.10.0
    Checking p3-maybe-rayon v0.4.2
    Checking diff v0.1.13
    Checking unit-prefix v0.5.2
    Checking yansi v1.0.1
    Checking indicatif v0.18.3
    Checking pretty_assertions v1.4.1
    Checking event-listener v5.4.1
    Checking strength_reduce v0.2.4
   Compiling genawaiter-proc-macro v0.99.1
    Checking parse-size v1.1.0
    Checking transpose v0.2.3
    Checking event-listener-strategy v0.5.4
    Checking iroh-base v0.95.1
    Checking async-channel v2.5.0
   Compiling wasm-bindgen-macro v0.2.108
    Checking iroh-tickets v0.2.0
    Checking itertools v0.13.0
    Checking compression-core v0.4.31
    Checking serde_test v1.0.177
    Checking range-collections v0.4.6
    Checking iroh-test v0.31.0
    Checking atomic_refcell v0.1.13
    Checking concat_const v0.2.0
    Checking quanta v0.12.6
    Checking core2 v0.4.0
    Checking spinning_top v0.3.0
   Compiling rayon-core v1.13.0
    Checking futures-timer v3.0.3
   Compiling camino v1.2.2
    Checking nonempty v0.7.0
    Checking web-time v1.1.0
    Checking humantime v2.3.0
    Checking maybe-std v0.1.2
   Compiling redb v3.1.0
    Checking unsigned-varint v0.8.0
   Compiling object v0.37.3
    Checking nonzero_ext v0.3.0
   Compiling struct_iterable_internal v0.1.1
    Checking governor v0.10.4
    Checking multihash v0.19.3
   Compiling data-encoding-macro-internal v0.1.17
   Compiling derive-ex v0.1.8
    Checking humantime-serde v1.1.1
    Checking wrapper v0.1.1
   Compiling test-strategy v0.4.5
    Checking p3-field v0.4.2
   Compiling iroh-dns-server v0.96.1 (/private/tmp/radio-export-pairs.FbuGlp/candidate/radio/iroh-dns-server)
    Checking regex v1.12.3
    Checking crossbeam-deque v0.8.6
    Checking prefix-trie v0.7.0
    Checking half v2.7.1
   Compiling match-lookup v0.1.2
   Compiling structmeta-derive v0.2.0
    Checking crypto-common v0.1.7
    Checking block-buffer v0.10.4
    Checking digest v0.10.7
    Checking rand_core v0.6.4
    Checking sha2 v0.10.9
    Checking genawaiter v0.99.1
    Checking dirs-sys-next v0.1.2
    Checking const-str v0.4.3
    Checking iroh-gossip v0.96.0
    Checking plotters-backend v0.3.7
    Checking linked-hash-map v0.5.6
    Checking ufotofu_queues v0.5.0
    Checking gimli v0.32.3
    Checking adler2 v2.0.1
    Checking ciborium-io v0.2.2
    Checking ciborium-ll v0.2.2
    Checking miniz_oxide v0.8.9
    Checking ttl_cache v0.5.1
    Checking ufotofu v0.4.3
    Checking base256emoji v1.0.2
    Checking plotters-svg v0.3.7
    Checking dirs-next v2.0.0
   Compiling structmeta v0.2.0
    Checking addr2line v0.25.1
    Checking forwarded-header-value v0.1.1
    Checking tower_governor v0.8.0
    Checking hickory-server v0.25.2
    Checking data-encoding-macro v0.1.19
error: consider using `sort_by_key`
   --> iroh/src/socket/remote_map/remote_state/path_state.rs:286:5
    |
286 |     inactive.sort_by(|a, b| b.1.cmp(&a.1));
    |     ^^^^^^^^^^^^^^^^^^^^^^^^^^^^^^^^^^^^^^
    |
    = help: for further information visit https://rust-lang.github.io/rust-clippy/rust-1.95.0/index.html#unnecessary_sort_by
    = note: `-D clippy::unnecessary-sort-by` implied by `-D warnings`
    = help: to override `-D warnings` add `#[allow(clippy::unnecessary_sort_by)]`
help: try
    |
286 -     inactive.sort_by(|a, b| b.1.cmp(&a.1));
286 +     inactive.sort_by_key(|b| std::cmp::Reverse(b.1));
    |

   Compiling erased-serde v0.3.31
    Checking cargo-platform v0.1.9
   Compiling struct_iterable_derive v0.1.0
    Checking lz4 v1.28.1
   Compiling syncify v0.1.0
    Checking compression-codecs v0.4.37
    Checking struct_iterable v0.1.1
    Checking async-compression v0.4.40
    Checking base64-url v3.0.2
   Compiling curve25519-dalek v4.1.3
    Checking signature v2.2.0
    Checking cast v0.3.0
    Checking base-x v0.2.11
    Checking rustc-demangle v0.1.27
    Checking criterion-plot v0.6.0
    Checking cargo_metadata v0.14.2
    Checking willow-encoding v0.1.0 (https://github.com/n0-computer/willow-rs.git?branch=main#12d29767)
    Checking rayon v1.11.0
    Checking plotters v0.3.7
    Checking ciborium v0.2.2
    Checking tinytemplate v1.2.1
error: could not compile `cyber-radio` (lib) due to 1 previous error
warning: build failed, waiting for other jobs to finish...
warning: iroh-dns-server@0.96.1: not within a suitable 'git' worktree!
warning: iroh-dns-server@0.96.1: VERGEN_GIT_SHA set to default
