   Compiling proc-macro2 v1.0.106
   Compiling unicode-ident v1.0.22
   Compiling quote v1.0.44
   Compiling libc v0.2.180
   Compiling serde_core v1.0.228
   Compiling serde v1.0.228
    Checking cfg-if v1.0.4
    Checking pin-project-lite v0.2.16
   Compiling portable-atomic v1.13.1
    Checking critical-section v1.2.0
   Compiling parking_lot_core v0.9.12
    Checking futures-core v0.3.31
    Checking scopeguard v1.2.0
    Checking log v0.4.29
   Compiling cfg_aliases v0.2.1
    Checking futures-io v0.3.31
    Checking lock_api v0.4.14
    Checking memchr v2.7.6
   Compiling getrandom v0.3.4
   Compiling find-msvc-tools v0.1.9
    Checking stable_deref_trait v1.2.1
   Compiling shlex v1.3.0
    Checking slab v0.4.12
    Checking itoa v1.0.17
    Checking futures-sink v0.3.31
    Checking futures-channel v0.3.31
    Checking pin-utils v0.1.0
    Checking futures-task v0.3.31
   Compiling cc v1.2.55
    Checking bitflags v2.10.0
    Checking subtle v2.6.1
   Compiling semver v1.0.27
    Checking equivalent v1.0.2
   Compiling rustversion v1.0.22
    Checking litemap v0.8.1
   Compiling zerocopy v0.8.39
    Checking writeable v0.6.2
    Checking untrusted v0.9.0
   Compiling rustc_version v0.4.1
    Checking foldhash v0.2.0
   Compiling icu_properties_data v2.1.2
    Checking allocator-api2 v0.2.21
   Compiling icu_normalizer_data v2.1.1
   Compiling rustls v0.23.36
   Compiling thiserror v2.0.18
    Checking hashbrown v0.16.1
    Checking percent-encoding v2.3.2
   Compiling unicode-segmentation v1.12.0
    Checking indexmap v2.13.0
   Compiling convert_case v0.10.0
    Checking base64 v0.22.1
   Compiling unicode-xid v0.2.6
   Compiling ring v0.17.14
    Checking form_urlencoded v1.2.2
    Checking fastrand v2.3.0
    Checking utf8_iter v1.0.4
   Compiling typenum v1.19.0
    Checking fnv v1.0.7
   Compiling strsim v0.11.1
   Compiling ident_case v1.0.1
    Checking const-oid v0.10.2
    Checking atomic-waker v1.1.2
    Checking ipnet v2.11.0
   Compiling heck v0.5.0
   Compiling httparse v1.10.1
    Checking base64ct v1.8.3
   Compiling anyhow v1.0.101
    Checking pem-rfc7468 v1.0.0
   Compiling objc2 v0.6.3
    Checking tinyvec_macros v0.1.1
    Checking parking v2.2.1
    Checking futures-lite v2.6.1
    Checking tinyvec v1.10.0
   Compiling syn v2.0.114
    Checking tower-service v0.3.3
    Checking httpdate v1.0.3
    Checking powerfmt v0.2.0
   Compiling libm v0.2.16
    Checking objc2-encode v4.1.0
    Checking errno v0.3.14
    Checking signal-hook-registry v1.4.8
    Checking socket2 v0.6.2
    Checking mio v1.1.1
    Checking getrandom v0.2.17
    Checking rand_core v0.9.5
    Checking try-lock v0.2.5
    Checking once_cell v1.21.3
    Checking socket2 v0.5.10
    Checking want v0.3.1
    Checking deranged v0.5.5
    Checking tracing-core v0.1.36
   Compiling heapless v0.7.17
   Compiling curve25519-dalek v5.0.0-pre.1
    Checking num-conv v0.2.0
    Checking core-foundation-sys v0.8.7
    Checking spin v0.10.0
    Checking diatomic-waker v0.2.3
    Checking time-core v0.1.8
    Checking byteorder v1.5.0
    Checking cordyceps v0.3.4
   Compiling version_check v0.9.5
   Compiling winnow v0.7.14
    Checking hash32 v0.2.1
    Checking time v0.3.47
    Checking futures-buffered v0.2.12
   Compiling vergen-lib v9.1.0
    Checking cpufeatures v0.2.17
   Compiling n0-future v0.3.2
    Checking sync_wrapper v1.0.2
   Compiling crossbeam-utils v0.8.21
    Checking siphasher v1.0.2
    Checking signature v3.0.0-rc.10
   Compiling toml_parser v1.0.6+spec-1.1.0
    Checking data-encoding v2.10.0
   Compiling toml_datetime v0.7.5+spec-1.1.0
   Compiling synstructure v0.13.2
   Compiling darling_core v0.20.11
   Compiling syn v1.0.109
   Compiling toml_edit v0.23.10+spec-1.0.0
   Compiling serde_derive v1.0.228
   Compiling tokio-macros v2.6.0
   Compiling zeroize_derive v1.4.3
   Compiling tracing-attributes v0.1.31
    Checking zeroize v1.8.2
   Compiling futures-macro v0.3.31
   Compiling zerofrom-derive v0.1.6
    Checking tracing v0.1.44
    Checking zerofrom v0.1.6
    Checking futures-util v0.3.31
   Compiling yoke-derive v0.8.1
   Compiling zerovec-derive v0.11.2
   Compiling displaydoc v0.2.5
    Checking ppv-lite86 v0.2.21
   Compiling thiserror-impl v2.0.18
    Checking rand_chacha v0.9.0
    Checking rand v0.9.2
   Compiling derive_more-impl v2.1.1
    Checking hybrid-array v0.4.7
   Compiling darling_macro v0.20.11
   Compiling darling v0.20.11
   Compiling spez v0.1.2
   Compiling n0-error-macros v0.1.3
    Checking n0-error v0.1.3
    Checking derive_more v2.1.1
    Checking crypto-common v0.2.0
    Checking block-buffer v0.11.0
   Compiling pin-project-internal v1.1.10
    Checking digest v0.11.0-rc.10
    Checking pin-project v1.1.10
    Checking fastbloom v0.14.1
    Checking block2 v0.6.2
    Checking dispatch2 v0.3.0
    Checking sha2 v0.11.0-rc.2
   Compiling async-trait v0.1.89
   Compiling enum-assoc v1.3.0
   Compiling postcard-derive v0.2.2
   Compiling vergen v9.1.0
   Compiling vergen-lib v0.1.6
   Compiling cyber-radio-quinn-udp v0.1.0 (/private/tmp/radio-export-pairs.FbuGlp/candidate/radio/quinn/quinn-udp)
    Checking tower-layer v0.3.3
    Checking sorted-index-buffer v0.2.1
    Checking lru-slab v0.1.2
    Checking identity-hash v0.1.0
    Checking ryu v1.0.22
    Checking rustc-hash v2.1.1
   Compiling num_threads v0.1.7
    Checking rustls-pki-types v1.14.0
    Checking rustls-webpki v0.103.9
    Checking der v0.8.0-rc.10
    Checking objc2-core-foundation v0.3.2
    Checking spki v0.8.0-rc.4
    Checking pkcs8 v0.11.0-rc.10
    Checking smallvec v1.15.1
    Checking bytes v1.11.1
    Checking parking_lot v0.12.5
    Checking ed25519 v3.0.0-rc.4
    Checking tokio v1.49.0
    Checking http v1.4.0
    Checking yoke v0.8.1
    Checking http-body v1.0.1
    Checking http-body-util v0.1.3
   Compiling proc-macro-crate v3.4.0
   Compiling proc-macro-error-attr v0.4.12
    Checking ed25519-dalek v3.0.0-pre.1
   Compiling vergen-gitcl v1.0.8
    Checking objc2-security v0.3.2
   Compiling syn-mid v0.5.4
    Checking webpki-roots v1.0.6
   Compiling enum-as-inner v0.6.1
   Compiling proc-macro-error v0.4.12
    Checking core-foundation v0.10.1
    Checking security-framework-sys v2.15.0
    Checking quick-xml v0.38.4
   Compiling proc-macro-hack v0.5.20+deprecated
    Checking iri-string v0.7.10
   Compiling autocfg v1.5.0
   Compiling litrs v1.0.0
    Checking regex-syntax v0.8.9
   Compiling document-features v0.2.12
   Compiling num-traits v0.2.19
    Checking plist v1.8.0
    Checking security-framework v3.5.1
    Checking cobs v0.3.0
    Checking futures-executor v0.3.31
    Checking postcard v1.1.3
    Checking objc2-system-configuration v0.3.2
   Compiling num_enum_derive v0.7.5
    Checking serde_urlencoded v0.7.1
    Checking crossbeam-epoch v0.9.18
    Checking crossbeam-channel v0.5.15
   Compiling iroh-metrics-derive v0.4.1
    Checking uuid v1.20.0
   Compiling lz4-sys v1.11.1+lz4-1.10.0
   Compiling acto v0.8.0
   Compiling cyber-radio-quinn v0.1.0 (/private/tmp/radio-export-pairs.FbuGlp/candidate/radio/quinn/quinn)
   Compiling pkarr v5.0.2
   Compiling iroh-quinn-udp v0.8.0
   Compiling cyber-radio-netwatch v0.1.0 (/private/tmp/radio-export-pairs.FbuGlp/candidate/radio/nettools/netwatch)
    Checking xml-rs v0.8.28
   Compiling derive_builder_core v0.20.2
   Compiling rustix v1.1.3
    Checking mac-addr v0.3.0
    Checking base32 v0.5.1
   Compiling ref-cast v1.0.25
   Compiling derive_builder_macro v0.20.2
   Compiling derive_builder v0.20.2
    Checking tagptr v0.2.0
    Checking moka v0.12.13
    Checking cyber-radio-quinn-proto v0.1.0 (/private/tmp/radio-export-pairs.FbuGlp/candidate/radio/quinn/quinn-proto)
    Checking ntimestamp v1.0.0
    Checking netdev v0.40.0
    Checking xmltree v0.10.3
    Checking zerovec v0.11.5
    Checking zerotrie v0.2.3
    Checking tokio-util v0.7.18
    Checking tokio-rustls v0.26.4
    Checking h2 v0.4.13
    Checking tokio-stream v0.1.18
    Checking tower v0.5.3
    Checking tower-http v0.6.8
    Checking async-compat v0.2.5
    Checking hyper v1.8.1
    Checking hyper-util v0.1.20
    Checking hyper-rustls v0.27.7
    Checking num_enum v0.7.5
    Checking iroh-metrics v0.38.2
   Compiling cyber-radio-relay v0.1.0 (/private/tmp/radio-export-pairs.FbuGlp/candidate/radio/iroh-relay)
    Checking n0-watcher v0.6.1
    Checking futures v0.3.31
    Checking rustls-platform-verifier v0.6.2
    Checking regex-automata v0.4.14
    Checking cyber-hemera v0.3.1 (/private/tmp/radio-export-pairs.FbuGlp/candidate/hemera/rs)
   Compiling ref-cast-impl v1.0.25
   Compiling strum_macros v0.27.2
    Checking lru v0.16.3
    Checking simple-dns v0.9.3
   Compiling iroh-quinn v0.16.1
    Checking dyn-clone v1.0.20
    Checking utf8parse v0.2.2
    Checking self_cell v1.2.2
    Checking smol_str v0.1.24
    Checking lazy_static v1.5.0
    Checking resolv-conf v0.7.6
    Checking sha1_smol v1.0.1
    Checking simdutf8 v0.1.5
    Checking strum v0.27.2
    Checking sharded-slab v0.1.7
    Checking tokio-websockets v0.12.3
    Checking anstyle-parse v0.2.7
    Checking matchers v0.2.0
    Checking iroh-quinn-proto v0.15.1
    Checking inplace-vec-builder v0.1.1
   Compiling structmeta-derive v0.3.0
    Checking yasna v0.5.2
    Checking tracing-log v0.2.0
    Checking serde_bytes v0.11.19
    Checking seize v0.5.1
    Checking pem v3.0.6
   Compiling cyber-radio v0.1.0 (/private/tmp/radio-export-pairs.FbuGlp/candidate/radio/iroh)
    Checking thread_local v1.1.9
    Checking binary-merge v0.1.2
    Checking tinystr v0.8.2
    Checking potential_utf v0.1.4
    Checking anstyle v1.0.13
    Checking icu_collections v2.1.1
   Compiling redb v2.6.3
    Checking icu_locale_core v2.1.1
    Checking colorchoice v1.0.4
    Checking is_terminal_polyfill v1.70.2
    Checking anstyle-query v1.1.5
    Checking nu-ansi-term v0.50.3
    Checking genawaiter-macro v0.99.1
    Checking z32 v1.3.0
   Compiling zmij v1.0.19
    Checking anstream v0.6.21
    Checking tracing-subscriber v0.3.22
    Checking icu_provider v2.1.1
    Checking icu_properties v2.1.2
    Checking icu_normalizer v2.1.1
    Checking rcgen v0.14.7
    Checking papaya v0.2.3
   Compiling structmeta v0.3.0
    Checking tempfile v3.24.0
    Checking idna_adapter v1.2.1
    Checking iroh-io v0.6.2
    Checking idna v1.1.0
    Checking backon v1.6.0
   Compiling genawaiter-proc-macro v0.99.1
   Compiling irpc-derive v0.9.0
    Checking url v2.5.8
    Checking iana-time-zone v0.1.65
    Checking wait-timeout v0.2.1
   Compiling iroh-blobs v0.98.0 (/private/tmp/radio-export-pairs.FbuGlp/candidate/radio/iroh-blobs)
    Checking hickory-proto v0.25.2
    Checking reqwest v0.12.28
    Checking attohttpc v0.30.1
    Checking igd-next v0.16.2
    Checking cyber-radio-base v0.1.1 (/private/tmp/radio-export-pairs.FbuGlp/candidate/radio/iroh-base)
    Checking iroh-base v0.96.1
    Checking compression-core v0.4.31
    Checking bit-vec v0.8.0
    Checking clap_lex v0.7.7
   Compiling serde_json v1.0.149
    Checking quick-error v1.2.3
    Checking rusty-fork v0.3.1
    Checking clap_builder v4.5.57
    Checking bit-set v0.8.0
    Checking iroh-tickets v0.3.0
    Checking lz4 v1.28.1
    Checking compression-codecs v0.4.37
   Compiling nested_enum_utils v0.2.3
   Compiling clap_derive v4.5.55
   Compiling tracing-test-macro v0.2.6
    Checking rand_xorshift v0.4.0
    Checking reflink-copy v0.1.28
    Checking unarray v0.1.4
    Checking arrayvec v0.7.6
    Checking chrono v0.4.43
    Checking same-file v1.0.6
    Checking hex v0.4.3
    Checking walkdir v2.5.0
    Checking proptest v1.10.0
    Checking clap v4.5.57
    Checking tracing-test v0.2.6
    Checking iroh-test v0.31.0
    Checking async-compression v0.4.40
    Checking serde_test v1.0.177
    Checking testresult v0.4.1
    Checking concat_const v0.2.0
    Checking atomic_refcell v0.1.13
    Checking irpc v0.12.0
    Checking range-collections v0.4.6
warning: cyber-radio-relay@0.1.0: not within a suitable 'git' worktree!
warning: cyber-radio-relay@0.1.0: VERGEN_GIT_SHA set to default
   Compiling derive-ex v0.1.8
    Checking genawaiter v0.99.1
   Compiling test-strategy v0.4.5
    Checking cyber-radio-portmapper v0.1.0 (/private/tmp/radio-export-pairs.FbuGlp/candidate/radio/nettools/portmapper)
    Checking hickory-resolver v0.25.2
    Checking swarm-discovery v0.5.0
    Checking cyber-bao v0.1.0 (/private/tmp/radio-export-pairs.FbuGlp/candidate/radio/cyber-bao)
error[E0277]: the trait bound `EndpointTicket: From<EndpointAddr>` is not satisfied
   --> iroh-blobs/examples/random_store.rs:246:18
    |
246 |     let ticket = EndpointTicket::from(addr.clone());
    |                  ^^^^^^^^^^^^^^ the trait `From<EndpointAddr>` is not implemented for `EndpointTicket`
    |
help: the trait `From<EndpointAddr>` is not implemented for `EndpointTicket`
      but trait `From<iroh_base::endpoint_addr::EndpointAddr>` is implemented for it
   --> /Users/master/.cargo/registry/src/index.crates.io-1949cf8c6b5b557f/iroh-tickets-0.3.0/src/endpoint.rs:91:1
    |
 91 | impl From<EndpointAddr> for EndpointTicket {
    | ^^^^^^^^^^^^^^^^^^^^^^^^^^^^^^^^^^^^^^^^^^
    = help: for that trait implementation, expected `iroh_base::endpoint_addr::EndpointAddr`, found `EndpointAddr`

error[E0277]: the trait bound `EndpointInfo: From<iroh_base::endpoint_addr::EndpointAddr>` is not satisfied
   --> iroh-blobs/examples/random_store.rs:275:30
    |
275 |         sp.add_endpoint_info(ticket.endpoint_addr().clone());
    |            ----------------- ^^^^^^^^^^^^^^^^^^^^^^^^^^^^^^ the trait `From<iroh_base::endpoint_addr::EndpointAddr>` is not implemented for `EndpointInfo`
    |            |
    |            required by a bound introduced by this call
    |
help: the following other types implement trait `From<T>`
   --> iroh/src/address_lookup.rs:404:1
    |
404 | impl From<Item> for EndpointInfo {
    | ^^^^^^^^^^^^^^^^^^^^^^^^^^^^^^^^ `EndpointInfo` implements `From<radio::address_lookup::Item>`
    |
   ::: iroh-relay/src/endpoint_info.rs:291:1
    |
291 | impl From<TxtAttrs<IrohAttr>> for EndpointInfo {
    | ^^^^^^^^^^^^^^^^^^^^^^^^^^^^^^^^^^^^^^^^^^^^^^ `EndpointInfo` implements `From<endpoint_info::TxtAttrs<endpoint_info::IrohAttr>>`
...
297 | impl From<&TxtAttrs<IrohAttr>> for EndpointInfo {
    | ^^^^^^^^^^^^^^^^^^^^^^^^^^^^^^^^^^^^^^^^^^^^^^^ `EndpointInfo` implements `From<&endpoint_info::TxtAttrs<endpoint_info::IrohAttr>>`
...
334 | impl From<EndpointAddr> for EndpointInfo {
    | ^^^^^^^^^^^^^^^^^^^^^^^^^^^^^^^^^^^^^^^^ `EndpointInfo` implements `From<EndpointAddr>`
    = note: required for `iroh_base::endpoint_addr::EndpointAddr` to implement `Into<EndpointInfo>`
note: required by a bound in `MemoryLookup::add_endpoint_info`
   --> iroh/src/address_lookup/memory.rs:175:57
    |
175 |     pub fn add_endpoint_info(&self, endpoint_info: impl Into<EndpointInfo>) {
    |                                                         ^^^^^^^^^^^^^^^^^^ required by this bound in `MemoryLookup::add_endpoint_info`

error[E0308]: mismatched types
   --> iroh-blobs/examples/custom-protocol.rs:305:37
    |
305 |         let hash = Hash::from_bytes(hash_bytes);
    |                    ---------------- ^^^^^^^^^^ expected an array with a size of 32, found one with a size of 64
    |                    |
    |                    arguments to this function are incorrect
    |
note: associated function defined here
   --> iroh-blobs/src/hash.rs:57:18
    |
 57 |     pub const fn from_bytes(bytes: [u8; OUTPUT_BYTES]) -> Self {
    |                  ^^^^^^^^^^

error[E0308]: mismatched types
   --> iroh-blobs/examples/random_store.rs:284:46
    |
284 |             .download(content, Shuffled::new(nodes.clone()))
    |                                ------------- ^^^^^^^^^^^^^ expected `radio::PublicKey`, found `iroh_base::key::PublicKey`
    |                                |
    |                                arguments to this function are incorrect
    |
note: there are multiple different versions of crate `iroh_base` in the dependency graph
   --> iroh-base/src/key.rs:24:1
    |
 24 | pub struct PublicKey(CompressedEdwardsY);
    | ^^^^^^^^^^^^^^^^^^^^ this is the expected type
    |
   ::: /Users/master/.cargo/registry/src/index.crates.io-1949cf8c6b5b557f/iroh-base-0.96.1/src/key.rs:24:1
    |
 24 | pub struct PublicKey(CompressedEdwardsY);
    | -------------------- this is the found type
    = help: you can use `cargo tree` to explore your dependency tree
note: associated function defined here
   --> iroh-blobs/src/api/downloader.rs:517:12
    |
517 |     pub fn new(nodes: Vec<EndpointId>) -> Self {
    |            ^^^

Some errors have detailed explanations: E0277, E0308.
For more information about an error, try `rustc --explain E0277`.
error: could not compile `iroh-blobs` (example "random_store") due to 3 previous errors
warning: build failed, waiting for other jobs to finish...
For more information about this error, try `rustc --explain E0308`.
error: could not compile `iroh-blobs` (example "custom-protocol") due to 1 previous error
