2026-10-09T23:50:44.0250817Z Current runner version: '2.337.0'
2026-10-09T23:50:44.0285596Z ##[group]Runner Image Provisioner
2026-10-09T23:50:44.0286934Z Hosted Compute Agent
2026-10-09T23:50:44.0288039Z Version: 20261002.596
2026-10-09T23:50:44.0289417Z Commit: c3d12f3313a95f25162a1503be624f3b0617f8c0
2026-10-09T23:50:44.0290677Z Build Date: 2026-10-02T22:28:27Z
2026-10-09T23:50:44.0292573Z Worker ID: {819da9f7-c85b-4cad-b65f-81371fb7e329}
2026-10-09T23:50:44.0293918Z Region: centralus
2026-10-09T23:50:44.0295125Z Cloud: Azure
2026-10-09T23:50:44.0296070Z ##[endgroup]
2026-10-09T23:50:44.0299089Z ##[group]Operating System
2026-10-09T23:50:44.0300358Z Ubuntu
2026-10-09T23:50:44.0301296Z 24.04.5
2026-10-09T23:50:44.0302229Z LTS
2026-10-09T23:50:44.0303175Z ##[endgroup]
2026-10-09T23:50:44.0304143Z ##[group]Runner Image
2026-10-09T23:50:44.0305529Z Image: ubuntu-24.04
2026-10-09T23:50:44.0306575Z Version: 20261004.327.1
2026-10-09T23:50:44.0309135Z Included Software: https://github.com/actions/runner-images/blob/ubuntu24/20261004.327/images/ubuntu/Ubuntu2404-Readme.md
2026-10-09T23:50:44.0312102Z Image Release: https://github.com/actions/runner-images/releases/tag/ubuntu24%2F20261004.327
2026-10-09T23:50:44.0314065Z ##[endgroup]
2026-10-09T23:50:44.0320169Z ##[group]GITHUB_TOKEN Permissions
2026-10-09T23:50:44.0323550Z Actions: write
2026-10-09T23:50:44.0324550Z ArtifactMetadata: write
2026-10-09T23:50:44.0325786Z Attestations: write
2026-10-09T23:50:44.0326772Z Checks: write
2026-10-09T23:50:44.0327942Z CodeQuality: write
2026-10-09T23:50:44.0329345Z Contents: write
2026-10-09T23:50:44.0330391Z CopilotRequests: write
2026-10-09T23:50:44.0331651Z Deployments: write
2026-10-09T23:50:44.0332645Z Discussions: write
2026-10-09T23:50:44.0333731Z Drives: write
2026-10-09T23:50:44.0334790Z Issues: write
2026-10-09T23:50:44.0335922Z Metadata: read
2026-10-09T23:50:44.0337133Z Models: read
2026-10-09T23:50:44.0338082Z Packages: write
2026-10-09T23:50:44.0339561Z Pages: write
2026-10-09T23:50:44.0340643Z PullRequests: write
2026-10-09T23:50:44.0341745Z RepositoryProjects: write
2026-10-09T23:50:44.0343079Z SecurityEvents: write
2026-10-09T23:50:44.0344131Z Statuses: write
2026-10-09T23:50:44.0345064Z VulnerabilityAlerts: read
2026-10-09T23:50:44.0346366Z ##[endgroup]
2026-10-09T23:50:44.0349568Z Secret source: Actions
2026-10-09T23:50:44.0351344Z Cache mode: write
2026-10-09T23:50:44.0352547Z Prepare workflow directory
2026-10-09T23:50:44.1038979Z Prepare all required actions
2026-10-09T23:50:44.1111644Z Getting action download info
2026-10-09T23:50:44.3658898Z Download action repository 'actions/checkout@v6' (SHA:d23441a48e516b6c34aea4fa41551a30e30af803)
2026-10-09T23:50:44.4794262Z Download action repository 'dtolnay/rust-toolchain@master' (SHA:e2a55d2ffb04f378e9626c28d38b36d230d1e12f)
2026-10-09T23:50:44.6338021Z Download action repository 'mozilla-actions/sccache-action@v0.0.9' (SHA:7d986dd989559c6ecdb630a3fd2557667be217ad)
2026-10-09T23:50:44.9249932Z Download action repository 'peaceiris/actions-gh-pages@v4' (SHA:84c30a85c19949d7eee79c4ff27748b70285e453)
2026-10-09T23:50:45.3425901Z Download action repository 'peter-evans/find-comment@v4' (SHA:b30e6a3c0ed37e7c023ccd3f1db5c6c0b0c23aad)
2026-10-09T23:50:45.6250880Z Download action repository 'peter-evans/create-or-update-comment@v5' (SHA:e8674b075228eee787fea43ef493e45ece1004c9)
2026-10-09T23:50:46.1352634Z Complete job name: Docs preview
2026-10-09T23:50:46.2231403Z ##[group]Run actions/checkout@v6
2026-10-09T23:50:46.2232831Z with:
2026-10-09T23:50:46.2233716Z   repository: cyberia-to/radio
2026-10-09T23:50:46.2242320Z   token: ***
2026-10-09T23:50:46.2243199Z   ssh-strict: true
2026-10-09T23:50:46.2244100Z   ssh-user: git
2026-10-09T23:50:46.2245011Z   persist-credentials: true
2026-10-09T23:50:46.2246003Z   clean: true
2026-10-09T23:50:46.2246906Z   sparse-checkout-cone-mode: true
2026-10-09T23:50:46.2247974Z   fetch-depth: 1
2026-10-09T23:50:46.2249042Z   fetch-tags: false
2026-10-09T23:50:46.2249953Z   show-progress: true
2026-10-09T23:50:46.2250864Z   lfs: false
2026-10-09T23:50:46.2251714Z   submodules: false
2026-10-09T23:50:46.2252904Z   set-safe-directory: true
2026-10-09T23:50:46.2253948Z   allow-unsafe-pr-checkout: false
2026-10-09T23:50:46.2255301Z env:
2026-10-09T23:50:46.2256144Z   IROH_FORCE_STAGING_RELAYS: 1
2026-10-09T23:50:46.2257165Z   RUSTC_WRAPPER: sccache
2026-10-09T23:50:46.2258304Z   SCCACHE_GHA_ENABLED: on
2026-10-09T23:50:46.2259324Z   SCCACHE_CACHE_SIZE: 10G
2026-10-09T23:50:46.2260296Z   PREVIEW_PATH: pr/32/docs
2026-10-09T23:50:46.2261247Z ##[endgroup]
2026-10-09T23:50:46.3329471Z Syncing repository: cyberia-to/radio
2026-10-09T23:50:46.3333683Z ##[group]Getting Git version info
2026-10-09T23:50:46.3335760Z Working directory is '/home/runner/work/radio/radio'
2026-10-09T23:50:46.3339206Z [command]/usr/bin/git version
2026-10-09T23:50:46.3350068Z git version 2.55.0
2026-10-09T23:50:46.3374499Z ##[endgroup]
2026-10-09T23:50:46.3391440Z Temporarily overriding HOME='/home/runner/work/_temp/9be04eb9-b95d-467b-94ee-f38197ba0e05' before making global git config changes
2026-10-09T23:50:46.3396224Z Adding repository directory to the temporary git global config as a safe directory
2026-10-09T23:50:46.3402266Z [command]/usr/bin/git config --global --add safe.directory /home/runner/work/radio/radio
2026-10-09T23:50:46.3453334Z Deleting the contents of '/home/runner/work/radio/radio'
2026-10-09T23:50:46.3459080Z ##[group]Determining repository object format
2026-10-09T23:50:46.3462724Z ##[endgroup]
2026-10-09T23:50:46.3465832Z ##[group]Initializing the repository
2026-10-09T23:50:46.3469962Z [command]/usr/bin/git init /home/runner/work/radio/radio
2026-10-09T23:50:46.3575041Z hint: Using 'master' as the name for the initial branch. This default branch name
2026-10-09T23:50:46.3579921Z hint: will change to "main" in Git 3.0. To configure the initial branch name
2026-10-09T23:50:46.3583468Z hint: to use in all of your new repositories, which will suppress this warning,
2026-10-09T23:50:46.3586234Z hint: call:
2026-10-09T23:50:46.3589521Z hint:
2026-10-09T23:50:46.3591466Z hint: 	git config --global init.defaultBranch <name>
2026-10-09T23:50:46.3593398Z hint:
2026-10-09T23:50:46.3595971Z hint: Names commonly chosen instead of 'master' are 'main', 'trunk' and
2026-10-09T23:50:46.3599688Z hint: 'development'. The just-created branch can be renamed via this command:
2026-10-09T23:50:46.3602865Z hint:
2026-10-09T23:50:46.3604617Z hint: 	git branch -m <name>
2026-10-09T23:50:46.3606502Z hint:
2026-10-09T23:50:46.3609066Z hint: Disable this message with "git config set advice.defaultBranchName false"
2026-10-09T23:50:46.3612796Z Initialized empty Git repository in /home/runner/work/radio/radio/.git/
2026-10-09T23:50:46.3619250Z [command]/usr/bin/git remote add origin https://github.com/cyberia-to/radio
2026-10-09T23:50:46.3638928Z ##[endgroup]
2026-10-09T23:50:46.3641944Z ##[group]Disabling automatic garbage collection
2026-10-09T23:50:46.3644377Z [command]/usr/bin/git config --local gc.auto 0
2026-10-09T23:50:46.3677660Z ##[endgroup]
2026-10-09T23:50:46.3680251Z ##[group]Setting up auth
2026-10-09T23:50:46.3681463Z Removing SSH command configuration
2026-10-09T23:50:46.3685931Z [command]/usr/bin/git config --local --name-only --get-regexp core\.sshCommand
2026-10-09T23:50:46.3727515Z [command]/usr/bin/git submodule foreach --recursive sh -c "git config --local --name-only --get-regexp 'core\.sshCommand' && git config --local --unset-all 'core.sshCommand' || :"
2026-10-09T23:50:46.4088899Z Removing HTTP extra header
2026-10-09T23:50:46.4098848Z [command]/usr/bin/git config --local --name-only --get-regexp http\.https\:\/\/github\.com\/\.extraheader
2026-10-09T23:50:46.4140624Z [command]/usr/bin/git submodule foreach --recursive sh -c "git config --local --name-only --get-regexp 'http\.https\:\/\/github\.com\/\.extraheader' && git config --local --unset-all 'http.https://github.com/.extraheader' || :"
2026-10-09T23:50:46.4395602Z Removing includeIf entries pointing to credentials config files
2026-10-09T23:50:46.4403258Z [command]/usr/bin/git config --local --name-only --get-regexp ^includeIf\.gitdir:
2026-10-09T23:50:46.4443811Z [command]/usr/bin/git submodule foreach --recursive git config --local --show-origin --name-only --get-regexp remote.origin.url
2026-10-09T23:50:46.4680184Z [command]/usr/bin/git config --file /home/runner/work/_temp/git-credentials-0ac462b3-09da-4b6d-beb1-175215d0cdc6.config http.https://github.com/.extraheader AUTHORIZATION: basic ***
2026-10-09T23:50:46.4723832Z [command]/usr/bin/git config --local includeIf.gitdir:/home/runner/work/radio/radio/.git.path /home/runner/work/_temp/git-credentials-0ac462b3-09da-4b6d-beb1-175215d0cdc6.config
2026-10-09T23:50:46.4762639Z [command]/usr/bin/git config --local includeIf.gitdir:/home/runner/work/radio/radio/.git/worktrees/*.path /home/runner/work/_temp/git-credentials-0ac462b3-09da-4b6d-beb1-175215d0cdc6.config
2026-10-09T23:50:46.4831632Z [command]/usr/bin/git config --local includeIf.gitdir:/github/workspace/.git.path /github/runner_temp/git-credentials-0ac462b3-09da-4b6d-beb1-175215d0cdc6.config
2026-10-09T23:50:46.4865971Z [command]/usr/bin/git config --local includeIf.gitdir:/github/workspace/.git/worktrees/*.path /github/runner_temp/git-credentials-0ac462b3-09da-4b6d-beb1-175215d0cdc6.config
2026-10-09T23:50:46.4896837Z ##[endgroup]
2026-10-09T23:50:46.4898684Z ##[group]Fetching the repository
2026-10-09T23:50:46.4905368Z [command]/usr/bin/git -c protocol.version=2 fetch --no-tags --prune --no-recurse-submodules --depth=1 origin +95469ec63d8db6dac6d3821c73db1b7bb286288b:refs/remotes/pull/32/merge
2026-10-09T23:50:58.3820206Z From https://github.com/cyberia-to/radio
2026-10-09T23:50:58.3821258Z  * [new ref]         95469ec63d8db6dac6d3821c73db1b7bb286288b -> pull/32/merge
2026-10-09T23:50:58.3849863Z ##[endgroup]
2026-10-09T23:50:58.3850874Z ##[group]Determining the checkout info
2026-10-09T23:50:58.3851962Z ##[endgroup]
2026-10-09T23:50:58.3852544Z [command]/usr/bin/git sparse-checkout disable
2026-10-09T23:50:58.3893862Z [command]/usr/bin/git config --local --unset-all extensions.worktreeConfig
2026-10-09T23:50:58.3929371Z ##[group]Checking out the ref
2026-10-09T23:50:58.3934857Z [command]/usr/bin/git checkout --progress --force refs/remotes/pull/32/merge
2026-10-09T23:50:59.7509891Z Updating files:  50% (2255/4507)
2026-10-09T23:50:59.9765586Z Updating files:  51% (2299/4507)
2026-10-09T23:51:00.4070554Z Updating files:  52% (2344/4507)
2026-10-09T23:51:00.4550255Z Updating files:  52% (2378/4507)
2026-10-09T23:51:00.6298397Z Updating files:  53% (2389/4507)
2026-10-09T23:51:00.6628766Z Updating files:  54% (2434/4507)
2026-10-09T23:51:00.6902621Z Updating files:  55% (2479/4507)
2026-10-09T23:51:00.6996351Z Updating files:  56% (2524/4507)
2026-10-09T23:51:00.7074364Z Updating files:  57% (2569/4507)
2026-10-09T23:51:00.7152326Z Updating files:  58% (2615/4507)
2026-10-09T23:51:00.7259783Z Updating files:  59% (2660/4507)
2026-10-09T23:51:00.7448196Z Updating files:  60% (2705/4507)
2026-10-09T23:51:00.7536631Z Updating files:  61% (2750/4507)
2026-10-09T23:51:00.7641996Z Updating files:  62% (2795/4507)
2026-10-09T23:51:00.7714422Z Updating files:  63% (2840/4507)
2026-10-09T23:51:00.7874668Z Updating files:  64% (2885/4507)
2026-10-09T23:51:00.8457716Z Updating files:  65% (2930/4507)
2026-10-09T23:51:00.8644740Z Updating files:  66% (2975/4507)
2026-10-09T23:51:00.8742234Z Updating files:  67% (3020/4507)
2026-10-09T23:51:00.8897003Z Updating files:  68% (3065/4507)
2026-10-09T23:51:00.9066374Z Updating files:  69% (3110/4507)
2026-10-09T23:51:00.9229522Z Updating files:  70% (3155/4507)
2026-10-09T23:51:00.9348721Z Updating files:  71% (3200/4507)
2026-10-09T23:51:00.9541984Z Updating files:  72% (3246/4507)
2026-10-09T23:51:00.9867401Z Updating files:  73% (3291/4507)
2026-10-09T23:51:01.0671044Z Updating files:  74% (3336/4507)
2026-10-09T23:51:01.0875033Z Updating files:  75% (3381/4507)
2026-10-09T23:51:01.0940120Z Updating files:  76% (3426/4507)
2026-10-09T23:51:01.1108338Z Updating files:  77% (3471/4507)
2026-10-09T23:51:01.1282293Z Updating files:  78% (3516/4507)
2026-10-09T23:51:01.1374814Z Updating files:  79% (3561/4507)
2026-10-09T23:51:01.1442530Z Updating files:  80% (3606/4507)
2026-10-09T23:51:01.1523177Z Updating files:  81% (3651/4507)
2026-10-09T23:51:01.2099519Z Updating files:  82% (3696/4507)
2026-10-09T23:51:01.2182782Z Updating files:  83% (3741/4507)
2026-10-09T23:51:01.2272238Z Updating files:  84% (3786/4507)
2026-10-09T23:51:01.2366269Z Updating files:  85% (3831/4507)
2026-10-09T23:51:01.2528185Z Updating files:  86% (3877/4507)
2026-10-09T23:51:01.2655266Z Updating files:  87% (3922/4507)
2026-10-09T23:51:01.2805328Z Updating files:  88% (3967/4507)
2026-10-09T23:51:01.3508896Z Updating files:  89% (4012/4507)
2026-10-09T23:51:01.3856272Z Updating files:  90% (4057/4507)
2026-10-09T23:51:01.4017450Z Updating files:  91% (4102/4507)
2026-10-09T23:51:01.4048825Z Updating files:  91% (4138/4507)
2026-10-09T23:51:01.4162290Z Updating files:  92% (4147/4507)
2026-10-09T23:51:01.4927099Z Updating files:  93% (4192/4507)
2026-10-09T23:51:01.4954689Z Updating files:  94% (4237/4507)
2026-10-09T23:51:01.4986652Z Updating files:  95% (4282/4507)
2026-10-09T23:51:01.5031848Z Updating files:  96% (4327/4507)
2026-10-09T23:51:01.5079141Z Updating files:  97% (4372/4507)
2026-10-09T23:51:01.5127831Z Updating files:  98% (4417/4507)
2026-10-09T23:51:01.5164069Z Updating files:  99% (4462/4507)
2026-10-09T23:51:01.5164533Z Updating files: 100% (4507/4507)
2026-10-09T23:51:01.5164994Z Updating files: 100% (4507/4507), done.
2026-10-09T23:51:01.5216101Z Note: switching to 'refs/remotes/pull/32/merge'.
2026-10-09T23:51:01.5216524Z 
2026-10-09T23:51:01.5216873Z You are in 'detached HEAD' state. You can look around, make experimental
2026-10-09T23:51:01.5217731Z changes and commit them, and you can discard any commits you make in this
2026-10-09T23:51:01.5218748Z state without impacting any branches by switching back to a branch.
2026-10-09T23:51:01.5219231Z 
2026-10-09T23:51:01.5219543Z If you want to create a new branch to retain commits you create, you may
2026-10-09T23:51:01.5220253Z do so (now or later) by using -c with the switch command. Example:
2026-10-09T23:51:01.5220714Z 
2026-10-09T23:51:01.5220882Z   git switch -c <new-branch-name>
2026-10-09T23:51:01.5221169Z 
2026-10-09T23:51:01.5221330Z Or undo this operation with:
2026-10-09T23:51:01.5221596Z 
2026-10-09T23:51:01.5221731Z   git switch -
2026-10-09T23:51:01.5221930Z 
2026-10-09T23:51:01.5222284Z Turn off this advice by setting config variable advice.detachedHead to false
2026-10-09T23:51:01.5222810Z 
2026-10-09T23:51:01.5223397Z HEAD is now at 95469ec Merge 3c291e511cb1c5457a5bd1945c45681f263bd064 into 764d732ac38fb9116c4cf525a6d1bb463d409a06
2026-10-09T23:51:01.5302116Z ##[endgroup]
2026-10-09T23:51:01.5352164Z [command]/usr/bin/git log -1 --format=%H
2026-10-09T23:51:01.5381230Z 95469ec63d8db6dac6d3821c73db1b7bb286288b
2026-10-09T23:51:01.5737533Z ##[group]Run dtolnay/rust-toolchain@master
2026-10-09T23:51:01.5737841Z with:
2026-10-09T23:51:01.5738047Z   toolchain: nightly-2025-10-09
2026-10-09T23:51:01.5738523Z env:
2026-10-09T23:51:01.5738716Z   IROH_FORCE_STAGING_RELAYS: 1
2026-10-09T23:51:01.5738973Z   RUSTC_WRAPPER: sccache
2026-10-09T23:51:01.5739204Z   SCCACHE_GHA_ENABLED: on
2026-10-09T23:51:01.5739421Z   SCCACHE_CACHE_SIZE: 10G
2026-10-09T23:51:01.5739639Z   PREVIEW_PATH: pr/32/docs
2026-10-09T23:51:01.5739856Z ##[endgroup]
2026-10-09T23:51:01.5801467Z ##[start-action display=Parse toolchain version;id=__dtolnay_rust-toolchain.parse]
2026-10-09T23:51:01.5843337Z ##[group]Run if [[ -z $toolchain ]]; then
2026-10-09T23:51:01.5843713Z [36;1mif [[ -z $toolchain ]]; then[0m
2026-10-09T23:51:01.5844248Z [36;1m  # GitHub does not enforce `required: true` inputs itself. https://github.com/actions/runner/issues/1070[0m
2026-10-09T23:51:01.5844811Z [36;1m  echo "'toolchain' is a required input" >&2[0m
2026-10-09T23:51:01.5845159Z [36;1m  exit 1[0m
2026-10-09T23:51:01.5845489Z [36;1melif [[ $toolchain =~ ^stable' '[0-9]+' '(year|month|week|day)s?' 'ago$ ]]; then[0m
2026-10-09T23:51:01.5845902Z [36;1m  if [[ Linux == macOS ]]; then[0m
2026-10-09T23:51:01.5846415Z [36;1m    echo "toolchain=1.$((($(date -v-$(sed 's/stable \([0-9]*\) \(.\).*/\1\2/' <<< $toolchain) +%s)/60/60/24-16569)/7/6))" >> $GITHUB_OUTPUT[0m
2026-10-09T23:51:01.5847117Z [36;1m  else[0m
2026-10-09T23:51:01.5847570Z [36;1m    echo "toolchain=1.$((($(date --date "${toolchain#stable }" +%s)/60/60/24-16569)/7/6))" >> $GITHUB_OUTPUT[0m
2026-10-09T23:51:01.5848020Z [36;1m  fi[0m
2026-10-09T23:51:01.5848657Z [36;1melif [[ $toolchain =~ ^stable' 'minus' '[0-9]+' 'releases?$ ]]; then[0m
2026-10-09T23:51:01.5849189Z [36;1m  echo "toolchain=1.$((($(date +%s)/60/60/24-16569)/7/6-${toolchain//[^0-9]/}))" >> $GITHUB_OUTPUT[0m
2026-10-09T23:51:01.5849637Z [36;1melif [[ $toolchain =~ ^1\.[0-9]+$ ]]; then[0m
2026-10-09T23:51:01.5850158Z [36;1m  echo "toolchain=1.$((i=${toolchain#1.}, c=($(date +%s)/60/60/24-16569)/7/6, i+9*i*(10*i<=c)+90*i*(100*i<=c)))" >> $GITHUB_OUTPUT[0m
2026-10-09T23:51:01.5850642Z [36;1melse[0m
2026-10-09T23:51:01.5850840Z [36;1m  delimiter=EOF[0m
2026-10-09T23:51:01.5851146Z [36;1m  while [[ $toolchain == *$delimiter* ]]; do delimiter+=_; done[0m
2026-10-09T23:51:01.5851654Z [36;1m  printf 'toolchain<<%s\n%s\n%s\n' "$delimiter" "$toolchain" "$delimiter" >> $GITHUB_OUTPUT[0m
2026-10-09T23:51:01.5852068Z [36;1mfi[0m
2026-10-09T23:51:01.6094174Z shell: /usr/bin/bash --noprofile --norc -e -o pipefail {0}
2026-10-09T23:51:01.6094531Z env:
2026-10-09T23:51:01.6094734Z   IROH_FORCE_STAGING_RELAYS: 1
2026-10-09T23:51:01.6094990Z   RUSTC_WRAPPER: sccache
2026-10-09T23:51:01.6095229Z   SCCACHE_GHA_ENABLED: on
2026-10-09T23:51:01.6095462Z   SCCACHE_CACHE_SIZE: 10G
2026-10-09T23:51:01.6095696Z   PREVIEW_PATH: pr/32/docs
2026-10-09T23:51:01.6095950Z   toolchain: nightly-2025-10-09
2026-10-09T23:51:01.6096200Z ##[endgroup]
2026-10-09T23:51:01.6231319Z ##[end-action id=__dtolnay_rust-toolchain.parse;outcome=success;conclusion=success;duration_ms=42]
2026-10-09T23:51:01.6236138Z ##[start-action display=Set $CARGO_HOME;id=__dtolnay_rust-toolchain.__run]
2026-10-09T23:51:01.6270897Z ##[group]Run echo CARGO_HOME=${CARGO_HOME:-"$HOME/.cargo"} >> $GITHUB_ENV
2026-10-09T23:51:01.6271414Z [36;1mecho CARGO_HOME=${CARGO_HOME:-"$HOME/.cargo"} >> $GITHUB_ENV[0m
2026-10-09T23:51:01.6332073Z shell: /usr/bin/bash --noprofile --norc -e -o pipefail {0}
2026-10-09T23:51:01.6332418Z env:
2026-10-09T23:51:01.6332616Z   IROH_FORCE_STAGING_RELAYS: 1
2026-10-09T23:51:01.6332857Z   RUSTC_WRAPPER: sccache
2026-10-09T23:51:01.6333080Z   SCCACHE_GHA_ENABLED: on
2026-10-09T23:51:01.6333296Z   SCCACHE_CACHE_SIZE: 10G
2026-10-09T23:51:01.6333517Z   PREVIEW_PATH: pr/32/docs
2026-10-09T23:51:01.6333735Z ##[endgroup]
2026-10-09T23:51:01.6423991Z ##[end-action id=__dtolnay_rust-toolchain.__run;outcome=success;conclusion=success;duration_ms=18]
2026-10-09T23:51:01.6426472Z ##[start-action display=Install rustup if needed;id=__dtolnay_rust-toolchain.__run_2]
2026-10-09T23:51:01.6457431Z ##[group]Run if ! command -v rustup &>/dev/null; then
2026-10-09T23:51:01.6457786Z [36;1mif ! command -v rustup &>/dev/null; then[0m
2026-10-09T23:51:01.6458941Z [36;1m  curl --proto '=https' --tlsv1.2 --retry 10 --retry-connrefused --location --silent --show-error --fail https://sh.rustup.rs | sh -s -- --default-toolchain none -y[0m
2026-10-09T23:51:01.6459671Z [36;1m  echo "$CARGO_HOME/bin" >> $GITHUB_PATH[0m
2026-10-09T23:51:01.6459941Z [36;1mfi[0m
2026-10-09T23:51:01.6518369Z shell: /usr/bin/bash --noprofile --norc -e -o pipefail {0}
2026-10-09T23:51:01.6518840Z env:
2026-10-09T23:51:01.6519036Z   IROH_FORCE_STAGING_RELAYS: 1
2026-10-09T23:51:01.6519279Z   RUSTC_WRAPPER: sccache
2026-10-09T23:51:01.6519508Z   SCCACHE_GHA_ENABLED: on
2026-10-09T23:51:01.6519728Z   SCCACHE_CACHE_SIZE: 10G
2026-10-09T23:51:01.6519948Z   PREVIEW_PATH: pr/32/docs
2026-10-09T23:51:01.6520190Z   CARGO_HOME: /home/runner/.cargo
2026-10-09T23:51:01.6520435Z ##[endgroup]
2026-10-09T23:51:01.6604061Z ##[end-action id=__dtolnay_rust-toolchain.__run_2;outcome=success;conclusion=success;duration_ms=17]
2026-10-09T23:51:01.6606231Z ##[start-action display=Install rustup if needed on windows;id=__dtolnay_rust-toolchain.__run_3]
2026-10-09T23:51:01.6613207Z ##[end-action id=__dtolnay_rust-toolchain.__run_3;outcome=skipped;conclusion=skipped;duration_ms=0]
2026-10-09T23:51:01.6627156Z ##[start-action display=rustup toolchain install nightly-2025-10-09;id=__dtolnay_rust-toolchain.__run_4]
2026-10-09T23:51:01.6673841Z ##[group]Run set -f  # split targets and components on commas and whitespace, without glob expansion
2026-10-09T23:51:01.6674517Z [36;1mset -f  # split targets and components on commas and whitespace, without glob expansion[0m
2026-10-09T23:51:01.6674947Z [36;1mflags=()[0m
2026-10-09T23:51:01.6675214Z [36;1mfor t in ${targets//,/ }; do flags+=(--target "$t"); done[0m
2026-10-09T23:51:01.6675620Z [36;1mfor c in ${components//,/ }; do flags+=(--component "$c"); done[0m
2026-10-09T23:51:01.6676108Z [36;1mif [[ $toolchain == nightly && -n $components ]]; then flags+=(--allow-downgrade); fi[0m
2026-10-09T23:51:01.6676519Z [36;1mlog=$(mktemp)[0m
2026-10-09T23:51:01.6676754Z [36;1mtrap 'rm -f "$log"' EXIT[0m
2026-10-09T23:51:01.6677007Z [36;1mfor attempt in 1 2 3 4 5; do[0m
2026-10-09T23:51:01.6677563Z [36;1m  if rustup toolchain install "$toolchain" "${flags[@]}" --profile minimal --no-self-update --force-non-host 2>&1 | tee "$log"; then[0m
2026-10-09T23:51:01.6678387Z [36;1m    break[0m
2026-10-09T23:51:01.6678610Z [36;1m  else[0m
2026-10-09T23:51:01.6678807Z [36;1m    status=$?[0m
2026-10-09T23:51:01.6679013Z [36;1m  fi[0m
2026-10-09T23:51:01.6679303Z [36;1m  if [[ $attempt == 5 ]] || ! grep -Fq 'checksum failed for ' "$log" \[0m
2026-10-09T23:51:01.6679860Z [36;1m      || ! grep -Fq 'this is likely due to an ongoing update of the official release server' "$log"; then[0m
2026-10-09T23:51:01.6680316Z [36;1m    exit "$status"[0m
2026-10-09T23:51:01.6680543Z [36;1m  fi[0m
2026-10-09T23:51:01.6680887Z [36;1m  echo "Retrying rustup toolchain install in 30 seconds (retry $attempt of 4)" >&2[0m
2026-10-09T23:51:01.6681293Z [36;1m  sleep 30[0m
2026-10-09T23:51:01.6681497Z [36;1mdone[0m
2026-10-09T23:51:01.6738665Z shell: /usr/bin/bash --noprofile --norc -e -o pipefail {0}
2026-10-09T23:51:01.6738996Z env:
2026-10-09T23:51:01.6739186Z   IROH_FORCE_STAGING_RELAYS: 1
2026-10-09T23:51:01.6739449Z   RUSTC_WRAPPER: sccache
2026-10-09T23:51:01.6739710Z   SCCACHE_GHA_ENABLED: on
2026-10-09T23:51:01.6739939Z   SCCACHE_CACHE_SIZE: 10G
2026-10-09T23:51:01.6740159Z   PREVIEW_PATH: pr/32/docs
2026-10-09T23:51:01.6740388Z   CARGO_HOME: /home/runner/.cargo
2026-10-09T23:51:01.6740643Z   toolchain: nightly-2025-10-09
2026-10-09T23:51:01.6740878Z   targets: 
2026-10-09T23:51:01.6741067Z   components: 
2026-10-09T23:51:01.6741270Z   RUSTUP_PERMIT_COPY_RENAME: 1
2026-10-09T23:51:01.6741501Z ##[endgroup]
2026-10-09T23:51:02.2589239Z info: syncing channel updates for nightly-2025-10-09-x86_64-unknown-linux-gnu
2026-10-09T23:51:02.6623449Z info: latest update on 2025-10-09 for version 1.92.0-nightly (b6f0945e4 2025-10-08)
2026-10-09T23:51:02.6624243Z info: downloading 3 components
2026-10-09T23:51:10.1951038Z 
2026-10-09T23:51:10.2026803Z   nightly-2025-10-09-x86_64-unknown-linux-gnu installed - rustc 1.92.0-nightly (b6f0945e4 2025-10-08)
2026-10-09T23:51:10.2027435Z 
2026-10-09T23:51:10.2104528Z ##[end-action id=__dtolnay_rust-toolchain.__run_4;outcome=success;conclusion=success;duration_ms=8547]
2026-10-09T23:51:10.2111335Z ##[start-action display=rustup default nightly-2025-10-09;id=__dtolnay_rust-toolchain.__run_5]
2026-10-09T23:51:10.2131650Z ##[group]Run rustup default "$toolchain" --force-non-host
2026-10-09T23:51:10.2132047Z [36;1mrustup default "$toolchain" --force-non-host[0m
2026-10-09T23:51:10.2193590Z shell: /usr/bin/bash --noprofile --norc -e -o pipefail {0}
2026-10-09T23:51:10.2193926Z env:
2026-10-09T23:51:10.2194135Z   IROH_FORCE_STAGING_RELAYS: 1
2026-10-09T23:51:10.2194378Z   RUSTC_WRAPPER: sccache
2026-10-09T23:51:10.2194608Z   SCCACHE_GHA_ENABLED: on
2026-10-09T23:51:10.2194829Z   SCCACHE_CACHE_SIZE: 10G
2026-10-09T23:51:10.2195051Z   PREVIEW_PATH: pr/32/docs
2026-10-09T23:51:10.2195478Z   CARGO_HOME: /home/runner/.cargo
2026-10-09T23:51:10.2195733Z   toolchain: nightly-2025-10-09
2026-10-09T23:51:10.2195974Z ##[endgroup]
2026-10-09T23:51:10.2312986Z info: using existing install for nightly-2025-10-09-x86_64-unknown-linux-gnu
2026-10-09T23:51:10.2320085Z info: default toolchain set to nightly-2025-10-09-x86_64-unknown-linux-gnu
2026-10-09T23:51:10.2320419Z 
2026-10-09T23:51:10.2390566Z   nightly-2025-10-09-x86_64-unknown-linux-gnu unchanged - rustc 1.92.0-nightly (b6f0945e4 2025-10-08)
2026-10-09T23:51:10.2391253Z 
2026-10-09T23:51:10.2406387Z ##[end-action id=__dtolnay_rust-toolchain.__run_5;outcome=success;conclusion=success;duration_ms=29]
2026-10-09T23:51:10.2410107Z ##[start-action display=Create cachekey;id=__dtolnay_rust-toolchain.rustc-version]
2026-10-09T23:51:10.2429643Z ##[group]Run DATE=$(rustc +"$toolchain" --version --verbose | sed -ne 's/^commit-date: \(20[0-9][0-9]\)-\([01][0-9]\)-\([0-3][0-9]\)$/\1\2\3/p')
2026-10-09T23:51:10.2430500Z [36;1mDATE=$(rustc +"$toolchain" --version --verbose | sed -ne 's/^commit-date: \(20[0-9][0-9]\)-\([01][0-9]\)-\([0-3][0-9]\)$/\1\2\3/p')[0m
2026-10-09T23:51:10.2431185Z [36;1mHASH=$(rustc +"$toolchain" --version --verbose | sed -ne 's/^commit-hash: //p')[0m
2026-10-09T23:51:10.2431689Z [36;1mecho "cachekey=$(echo $DATE$HASH | head -c12)" >> $GITHUB_OUTPUT[0m
2026-10-09T23:51:10.2491040Z shell: /usr/bin/bash --noprofile --norc -e -o pipefail {0}
2026-10-09T23:51:10.2491372Z env:
2026-10-09T23:51:10.2491570Z   IROH_FORCE_STAGING_RELAYS: 1
2026-10-09T23:51:10.2491812Z   RUSTC_WRAPPER: sccache
2026-10-09T23:51:10.2492033Z   SCCACHE_GHA_ENABLED: on
2026-10-09T23:51:10.2492250Z   SCCACHE_CACHE_SIZE: 10G
2026-10-09T23:51:10.2492476Z   PREVIEW_PATH: pr/32/docs
2026-10-09T23:51:10.2492710Z   CARGO_HOME: /home/runner/.cargo
2026-10-09T23:51:10.2492965Z   toolchain: nightly-2025-10-09
2026-10-09T23:51:10.2493200Z ##[endgroup]
2026-10-09T23:51:10.2834049Z ##[end-action id=__dtolnay_rust-toolchain.rustc-version;outcome=success;conclusion=success;duration_ms=42]
2026-10-09T23:51:10.2836630Z ##[start-action display=Disable incremental compilation;id=__dtolnay_rust-toolchain.__run_6]
2026-10-09T23:51:10.2856985Z ##[group]Run if [ -z "${CARGO_INCREMENTAL+set}" ]; then
2026-10-09T23:51:10.2857353Z [36;1mif [ -z "${CARGO_INCREMENTAL+set}" ]; then[0m
2026-10-09T23:51:10.2857671Z [36;1m  echo CARGO_INCREMENTAL=0 >> $GITHUB_ENV[0m
2026-10-09T23:51:10.2857958Z [36;1mfi[0m
2026-10-09T23:51:10.2921122Z shell: /usr/bin/bash --noprofile --norc -e -o pipefail {0}
2026-10-09T23:51:10.2921461Z env:
2026-10-09T23:51:10.2921651Z   IROH_FORCE_STAGING_RELAYS: 1
2026-10-09T23:51:10.2921891Z   RUSTC_WRAPPER: sccache
2026-10-09T23:51:10.2922119Z   SCCACHE_GHA_ENABLED: on
2026-10-09T23:51:10.2922522Z   SCCACHE_CACHE_SIZE: 10G
2026-10-09T23:51:10.2922753Z   PREVIEW_PATH: pr/32/docs
2026-10-09T23:51:10.2922991Z   CARGO_HOME: /home/runner/.cargo
2026-10-09T23:51:10.2923227Z ##[endgroup]
2026-10-09T23:51:10.3004498Z ##[end-action id=__dtolnay_rust-toolchain.__run_6;outcome=success;conclusion=success;duration_ms=16]
2026-10-09T23:51:10.3006473Z ##[start-action display=Enable colors in Cargo output;id=__dtolnay_rust-toolchain.__run_7]
2026-10-09T23:51:10.3024917Z ##[group]Run if [ -z "${CARGO_TERM_COLOR+set}" ]; then
2026-10-09T23:51:10.3025262Z [36;1mif [ -z "${CARGO_TERM_COLOR+set}" ]; then[0m
2026-10-09T23:51:10.3025582Z [36;1m  echo CARGO_TERM_COLOR=always >> $GITHUB_ENV[0m
2026-10-09T23:51:10.3025868Z [36;1mfi[0m
2026-10-09T23:51:10.3080251Z shell: /usr/bin/bash --noprofile --norc -e -o pipefail {0}
2026-10-09T23:51:10.3080585Z env:
2026-10-09T23:51:10.3080774Z   IROH_FORCE_STAGING_RELAYS: 1
2026-10-09T23:51:10.3081012Z   RUSTC_WRAPPER: sccache
2026-10-09T23:51:10.3081241Z   SCCACHE_GHA_ENABLED: on
2026-10-09T23:51:10.3081458Z   SCCACHE_CACHE_SIZE: 10G
2026-10-09T23:51:10.3081679Z   PREVIEW_PATH: pr/32/docs
2026-10-09T23:51:10.3081921Z   CARGO_HOME: /home/runner/.cargo
2026-10-09T23:51:10.3082162Z   CARGO_INCREMENTAL: 0
2026-10-09T23:51:10.3082530Z ##[endgroup]
2026-10-09T23:51:10.3162269Z ##[end-action id=__dtolnay_rust-toolchain.__run_7;outcome=success;conclusion=success;duration_ms=15]
2026-10-09T23:51:10.3165085Z ##[start-action display=Enable Cargo sparse registry;id=__dtolnay_rust-toolchain.__run_8]
2026-10-09T23:51:10.3184807Z ##[group]Run # implemented in 1.66, stabilized in 1.68, made default in 1.70
2026-10-09T23:51:10.3185312Z [36;1m# implemented in 1.66, stabilized in 1.68, made default in 1.70[0m
2026-10-09T23:51:10.3186007Z [36;1mif [ -z "${CARGO_REGISTRIES_CRATES_IO_PROTOCOL+set}" -o -f "/home/runner/work/_temp"/.implicit_cargo_registries_crates_io_protocol ]; then[0m
2026-10-09T23:51:10.3186747Z [36;1m  if rustc +"$toolchain" --version --verbose | grep -q '^release: 1\.6[89]\.'; then[0m
2026-10-09T23:51:10.3187357Z [36;1m    touch "/home/runner/work/_temp"/.implicit_cargo_registries_crates_io_protocol || true[0m
2026-10-09T23:51:10.3187894Z [36;1m    echo CARGO_REGISTRIES_CRATES_IO_PROTOCOL=sparse >> $GITHUB_ENV[0m
2026-10-09T23:51:10.3188863Z [36;1m  elif rustc +"$toolchain" --version --verbose | grep -q '^release: 1\.6[67]\.'; then[0m
2026-10-09T23:51:10.3189468Z [36;1m    touch "/home/runner/work/_temp"/.implicit_cargo_registries_crates_io_protocol || true[0m
2026-10-09T23:51:10.3190010Z [36;1m    echo CARGO_REGISTRIES_CRATES_IO_PROTOCOL=git >> $GITHUB_ENV[0m
2026-10-09T23:51:10.3190354Z [36;1m  fi[0m
2026-10-09T23:51:10.3190545Z [36;1mfi[0m
2026-10-09T23:51:10.3245933Z shell: /usr/bin/bash --noprofile --norc -e -o pipefail {0}
2026-10-09T23:51:10.3246262Z env:
2026-10-09T23:51:10.3246455Z   IROH_FORCE_STAGING_RELAYS: 1
2026-10-09T23:51:10.3246704Z   RUSTC_WRAPPER: sccache
2026-10-09T23:51:10.3246930Z   SCCACHE_GHA_ENABLED: on
2026-10-09T23:51:10.3247160Z   SCCACHE_CACHE_SIZE: 10G
2026-10-09T23:51:10.3247383Z   PREVIEW_PATH: pr/32/docs
2026-10-09T23:51:10.3247613Z   CARGO_HOME: /home/runner/.cargo
2026-10-09T23:51:10.3247854Z   CARGO_INCREMENTAL: 0
2026-10-09T23:51:10.3248065Z   CARGO_TERM_COLOR: always
2026-10-09T23:51:10.3248670Z   toolchain: nightly-2025-10-09
2026-10-09T23:51:10.3248913Z ##[endgroup]
2026-10-09T23:51:10.3563069Z ##[end-action id=__dtolnay_rust-toolchain.__run_8;outcome=success;conclusion=success;duration_ms=39]
2026-10-09T23:51:10.3566602Z ##[start-action display=Work around spurious network errors in curl 8.0;id=__dtolnay_rust-toolchain.__run_9]
2026-10-09T23:51:10.3586936Z ##[group]Run # https://rust-lang.zulipchat.com/#narrow/stream/246057-t-cargo/topic/timeout.20investigation
2026-10-09T23:51:10.3587678Z [36;1m# https://rust-lang.zulipchat.com/#narrow/stream/246057-t-cargo/topic/timeout.20investigation[0m
2026-10-09T23:51:10.3588599Z [36;1mif rustc +"$toolchain" --version --verbose | grep -q '^release: 1\.7[01]\.'; then[0m
2026-10-09T23:51:10.3589254Z [36;1m  echo CARGO_HTTP_MULTIPLEXING=false >> $GITHUB_ENV[0m
2026-10-09T23:51:10.3589564Z [36;1mfi[0m
2026-10-09T23:51:10.3650574Z shell: /usr/bin/bash --noprofile --norc -e -o pipefail {0}
2026-10-09T23:51:10.3650899Z env:
2026-10-09T23:51:10.3651101Z   IROH_FORCE_STAGING_RELAYS: 1
2026-10-09T23:51:10.3651387Z   RUSTC_WRAPPER: sccache
2026-10-09T23:51:10.3651606Z   SCCACHE_GHA_ENABLED: on
2026-10-09T23:51:10.3651817Z   SCCACHE_CACHE_SIZE: 10G
2026-10-09T23:51:10.3652033Z   PREVIEW_PATH: pr/32/docs
2026-10-09T23:51:10.3652268Z   CARGO_HOME: /home/runner/.cargo
2026-10-09T23:51:10.3652505Z   CARGO_INCREMENTAL: 0
2026-10-09T23:51:10.3652713Z   CARGO_TERM_COLOR: always
2026-10-09T23:51:10.3652937Z   toolchain: nightly-2025-10-09
2026-10-09T23:51:10.3653164Z ##[endgroup]
2026-10-09T23:51:10.3850372Z ##[end-action id=__dtolnay_rust-toolchain.__run_9;outcome=success;conclusion=success;duration_ms=28]
2026-10-09T23:51:10.3854457Z ##[start-action display=rustc +nightly-2025-10-09 --version --verbose;id=__dtolnay_rust-toolchain.__run_10]
2026-10-09T23:51:10.3873953Z ##[group]Run rustc +"$toolchain" --version --verbose
2026-10-09T23:51:10.3874306Z [36;1mrustc +"$toolchain" --version --verbose[0m
2026-10-09T23:51:10.3932919Z shell: /usr/bin/bash --noprofile --norc -e -o pipefail {0}
2026-10-09T23:51:10.3933419Z env:
2026-10-09T23:51:10.3933612Z   IROH_FORCE_STAGING_RELAYS: 1
2026-10-09T23:51:10.3933865Z   RUSTC_WRAPPER: sccache
2026-10-09T23:51:10.3934094Z   SCCACHE_GHA_ENABLED: on
2026-10-09T23:51:10.3934313Z   SCCACHE_CACHE_SIZE: 10G
2026-10-09T23:51:10.3934535Z   PREVIEW_PATH: pr/32/docs
2026-10-09T23:51:10.3934767Z   CARGO_HOME: /home/runner/.cargo
2026-10-09T23:51:10.3946850Z   CARGO_INCREMENTAL: 0
2026-10-09T23:51:10.3947140Z   CARGO_TERM_COLOR: always
2026-10-09T23:51:10.3947394Z   toolchain: nightly-2025-10-09
2026-10-09T23:51:10.3947641Z ##[endgroup]
2026-10-09T23:51:10.4131789Z rustc 1.92.0-nightly (b6f0945e4 2025-10-08)
2026-10-09T23:51:10.4132613Z binary: rustc
2026-10-09T23:51:10.4133317Z commit-hash: b6f0945e4681bc4d2faa7c22c5f61dc36abf7dd2
2026-10-09T23:51:10.4134050Z commit-date: 2025-10-08
2026-10-09T23:51:10.4134635Z host: x86_64-unknown-linux-gnu
2026-10-09T23:51:10.4135308Z release: 1.92.0-nightly
2026-10-09T23:51:10.4135905Z LLVM version: 21.1.2
2026-10-09T23:51:10.4151471Z ##[end-action id=__dtolnay_rust-toolchain.__run_10;outcome=success;conclusion=success;duration_ms=29]
2026-10-09T23:51:10.4235971Z ##[group]Run mozilla-actions/sccache-action@v0.0.9
2026-10-09T23:51:10.4236312Z with:
2026-10-09T23:51:10.4238968Z   token: ***
2026-10-09T23:51:10.4239184Z   disable_annotations: false
2026-10-09T23:51:10.4239410Z env:
2026-10-09T23:51:10.4239593Z   IROH_FORCE_STAGING_RELAYS: 1
2026-10-09T23:51:10.4239828Z   RUSTC_WRAPPER: sccache
2026-10-09T23:51:10.4240051Z   SCCACHE_GHA_ENABLED: on
2026-10-09T23:51:10.4240270Z   SCCACHE_CACHE_SIZE: 10G
2026-10-09T23:51:10.4240491Z   PREVIEW_PATH: pr/32/docs
2026-10-09T23:51:10.4240725Z   CARGO_HOME: /home/runner/.cargo
2026-10-09T23:51:10.4240966Z   CARGO_INCREMENTAL: 0
2026-10-09T23:51:10.4241175Z   CARGO_TERM_COLOR: always
2026-10-09T23:51:10.4241397Z ##[endgroup]
2026-10-09T23:51:10.8048504Z try to setup sccache version: v0.18.0
2026-10-09T23:51:10.8079708Z sccache download from url: https://github.com/mozilla/sccache/releases/download/v0.18.0/sccache-v0.18.0-x86_64-unknown-linux-musl.tar.gz
2026-10-09T23:51:11.2181303Z Correct checksum: 45f1447fbe231e3037bde351ef70677dd212216c8d62ae7ca409fecc4d6acc89
2026-10-09T23:51:11.2289222Z [command]/usr/bin/tar xz --warning=no-unknown-keyword --overwrite -C /home/runner/work/_temp/70c901c1-8de8-4fbf-af97-520018544fc7 -f /home/runner/work/_temp/6444e9e8-26e0-4370-8b7b-fdbf0f35e586
2026-10-09T23:51:11.3943060Z sccache extracted to: /home/runner/work/_temp/70c901c1-8de8-4fbf-af97-520018544fc7
2026-10-09T23:51:11.4057747Z sccache cached to: /opt/hostedtoolcache/sccache/0.18.0/x64
2026-10-09T23:51:11.4197710Z ##[group]Run cargo doc --workspace --all-features --no-deps
2026-10-09T23:51:11.4198524Z [36;1mcargo doc --workspace --all-features --no-deps[0m
2026-10-09T23:51:11.4262972Z shell: /usr/bin/bash -e {0}
2026-10-09T23:51:11.4263222Z env:
2026-10-09T23:51:11.4263422Z   IROH_FORCE_STAGING_RELAYS: 1
2026-10-09T23:51:11.4263671Z   RUSTC_WRAPPER: sccache
2026-10-09T23:51:11.4263924Z   SCCACHE_GHA_ENABLED: on
2026-10-09T23:51:11.4264142Z   SCCACHE_CACHE_SIZE: 10G
2026-10-09T23:51:11.4264367Z   PREVIEW_PATH: pr/32/docs
2026-10-09T23:51:11.4264595Z   CARGO_HOME: /home/runner/.cargo
2026-10-09T23:51:11.4264838Z   CARGO_INCREMENTAL: 0
2026-10-09T23:51:11.4265051Z   CARGO_TERM_COLOR: always
2026-10-09T23:51:11.4265346Z   SCCACHE_PATH: /opt/hostedtoolcache/sccache/0.18.0/x64/sccache
2026-10-09T23:51:11.4265687Z   ACTIONS_CACHE_SERVICE_V2: on
2026-10-09T23:51:11.4266076Z   ACTIONS_RESULTS_URL: https://results-receiver.actions.githubusercontent.com/
2026-10-09T23:51:11.4395650Z   ACTIONS_RUNTIME_TOKEN: ***
2026-10-09T23:51:11.4395930Z   RUSTDOCFLAGS: --cfg iroh_docsrs
2026-10-09T23:51:11.4396174Z ##[endgroup]
2026-10-09T23:51:11.4661900Z [1m[91merror[0m: failed to load manifest for workspace member `/home/runner/work/radio/radio/iroh-dns-server`
2026-10-09T23:51:11.4662966Z referenced by workspace at `/home/runner/work/radio/radio/Cargo.toml`
2026-10-09T23:51:11.4663424Z 
2026-10-09T23:51:11.4663872Z Caused by:
2026-10-09T23:51:11.4664269Z   failed to load manifest for dependency `cyber-radio`
2026-10-09T23:51:11.4664685Z 
2026-10-09T23:51:11.4664823Z Caused by:
2026-10-09T23:51:11.4665289Z   failed to load manifest for dependency `cyber-radio-relay`
2026-10-09T23:51:11.4665758Z 
2026-10-09T23:51:11.4665892Z Caused by:
2026-10-09T23:51:11.4666329Z   failed to load manifest for dependency `cyber-hemera`
2026-10-09T23:51:11.4666753Z 
2026-10-09T23:51:11.4666896Z Caused by:
2026-10-09T23:51:11.4667293Z   failed to read `/home/runner/work/radio/hemera/rs/Cargo.toml`
2026-10-09T23:51:11.4667700Z 
2026-10-09T23:51:11.4667802Z Caused by:
2026-10-09T23:51:11.4668027Z   No such file or directory (os error 2)
2026-10-09T23:51:11.4680962Z ##[error]Process completed with exit code 101.
2026-10-09T23:51:11.4778332Z Post job cleanup.
2026-10-09T23:51:11.5454658Z ##[group]Get human-readable stats
2026-10-09T23:51:11.5472863Z [command]/opt/hostedtoolcache/sccache/0.18.0/x64/sccache --show-stats
2026-10-09T23:51:11.5623469Z Compile requests                      0
2026-10-09T23:51:11.5623993Z Compile requests executed             0
2026-10-09T23:51:11.5624447Z Cache hits                            0
2026-10-09T23:51:11.5624884Z Cache misses                          0
2026-10-09T23:51:11.5625332Z Cache hits rate                       -
2026-10-09T23:51:11.5625771Z Cache timeouts                        0
2026-10-09T23:51:11.5626206Z Cache read errors                     0
2026-10-09T23:51:11.5626643Z Forced recaches                       0
2026-10-09T23:51:11.5627082Z Cache write errors                    0
2026-10-09T23:51:11.5627538Z Cache errors                          0
2026-10-09T23:51:11.5628397Z Compilations                          0
2026-10-09T23:51:11.5628941Z Compilation failures                  0
2026-10-09T23:51:11.5629483Z Non-cacheable compilations            0
2026-10-09T23:51:11.5630003Z Non-cacheable calls                   0
2026-10-09T23:51:11.5630512Z Non-compilation calls                 0
2026-10-09T23:51:11.5631049Z Unsupported compiler calls            0
2026-10-09T23:51:11.5631561Z Average cache write               0.000 s
2026-10-09T23:51:11.5632083Z Average compiler                  0.000 s
2026-10-09T23:51:11.5632610Z Average cache read hit            0.000 s
2026-10-09T23:51:11.5633134Z Failed distributed compilations       0
2026-10-09T23:51:11.5634167Z Cache location                  ghac, name: fe6676c985fe452e4ec4e9acf9d8cae5f56b7fee7caa734482bc6e07b9a2ec16, prefix: /sccache/
2026-10-09T23:51:11.5635243Z Base directories                (none)
2026-10-09T23:51:11.5635755Z Version (client)                0.18.0
2026-10-09T23:51:11.5648656Z ##[endgroup]
2026-10-09T23:51:11.5649356Z ##[group]Get JSON stats
2026-10-09T23:51:11.5652776Z [command]/opt/hostedtoolcache/sccache/0.18.0/x64/sccache --show-stats --stats-format=json
2026-10-09T23:51:11.5760832Z {"stats":{"compile_requests":0,"requests_unsupported_compiler":0,"requests_not_compile":0,"requests_not_cacheable":0,"requests_executed":0,"cache_errors":{"counts":{},"adv_counts":{}},"cache_hits":{"counts":{},"adv_counts":{}},"cache_misses":{"counts":{},"adv_counts":{}},"cache_timeouts":0,"cache_read_errors":0,"non_cacheable_compilations":0,"forced_recaches":0,"cache_write_errors":0,"cache_writes":0,"cache_write_duration":{"secs":0,"nanos":0},"cache_read_hit_duration":{"secs":0,"nanos":0},"compilations":0,"compiler_write_duration":{"secs":0,"nanos":0},"compile_fails":0,"not_cached":{},"dist_compiles":{},"dist_errors":0,"multi_level":null},"cache_location":"ghac, name: fe6676c985fe452e4ec4e9acf9d8cae5f56b7fee7caa734482bc6e07b9a2ec16, prefix: /sccache/","cache_size":null,"max_cache_size":null,"use_preprocessor_cache_mode":false,"version":"0.18.0","basedirs":[]}
2026-10-09T23:51:11.5766495Z ##[endgroup]
2026-10-09T23:51:11.5783329Z ##[notice]0% - 0 hits, 0 misses, 0 errors
2026-10-09T23:51:11.5784801Z 
2026-10-09T23:51:11.5789091Z Full human-readable stats:
2026-10-09T23:51:11.5790038Z Compile requests                      0
2026-10-09T23:51:11.5790975Z Compile requests executed             0
2026-10-09T23:51:11.5791607Z Cache hits                            0
2026-10-09T23:51:11.5792091Z Cache misses                          0
2026-10-09T23:51:11.5792716Z Cache hits rate                       -
2026-10-09T23:51:11.5793245Z Cache timeouts                        0
2026-10-09T23:51:11.5793803Z Cache read errors                     0
2026-10-09T23:51:11.5794290Z Forced recaches                       0
2026-10-09T23:51:11.5794769Z Cache write errors                    0
2026-10-09T23:51:11.5795384Z Cache errors                          0
2026-10-09T23:51:11.5795886Z Compilations                          0
2026-10-09T23:51:11.5796477Z Compilation failures                  0
2026-10-09T23:51:11.5797366Z Non-cacheable compilations            0
2026-10-09T23:51:11.5797957Z Non-cacheable calls                   0
2026-10-09T23:51:11.5798670Z Non-compilation calls                 0
2026-10-09T23:51:11.5799228Z Unsupported compiler calls            0
2026-10-09T23:51:11.5799775Z Average cache write               0.000 s
2026-10-09T23:51:11.5800374Z Average compiler                  0.000 s
2026-10-09T23:51:11.5800886Z Average cache read hit            0.000 s
2026-10-09T23:51:11.5801332Z Failed distributed compilations       0
2026-10-09T23:51:11.5801913Z Cache location                  ghac, name: fe6676c985fe452e4ec4e9acf9d8cae5f56b7fee7caa734482bc6e07b9a2ec16, prefix: /sccache/
2026-10-09T23:51:11.5802677Z Base directories                (none)
2026-10-09T23:51:11.5802935Z Version (client)                0.18.0
2026-10-09T23:51:11.5803130Z 
2026-10-09T23:51:11.5979216Z Post job cleanup.
2026-10-09T23:51:11.6852000Z [command]/usr/bin/git version
2026-10-09T23:51:11.6897051Z git version 2.55.0
2026-10-09T23:51:11.6940810Z Temporarily overriding HOME='/home/runner/work/_temp/81459213-0c71-4693-a0ab-d06c5cebedb6' before making global git config changes
2026-10-09T23:51:11.6942100Z Adding repository directory to the temporary git global config as a safe directory
2026-10-09T23:51:11.6946369Z [command]/usr/bin/git config --global --add safe.directory /home/runner/work/radio/radio
2026-10-09T23:51:11.6980533Z Removing SSH command configuration
2026-10-09T23:51:11.6987496Z [command]/usr/bin/git config --local --name-only --get-regexp core\.sshCommand
2026-10-09T23:51:11.7024049Z [command]/usr/bin/git submodule foreach --recursive sh -c "git config --local --name-only --get-regexp 'core\.sshCommand' && git config --local --unset-all 'core.sshCommand' || :"
2026-10-09T23:51:11.7279889Z Removing HTTP extra header
2026-10-09T23:51:11.7289014Z [command]/usr/bin/git config --local --name-only --get-regexp http\.https\:\/\/github\.com\/\.extraheader
2026-10-09T23:51:11.7341651Z [command]/usr/bin/git submodule foreach --recursive sh -c "git config --local --name-only --get-regexp 'http\.https\:\/\/github\.com\/\.extraheader' && git config --local --unset-all 'http.https://github.com/.extraheader' || :"
2026-10-09T23:51:11.7647804Z Removing includeIf entries pointing to credentials config files
2026-10-09T23:51:11.7656943Z [command]/usr/bin/git config --local --name-only --get-regexp ^includeIf\.gitdir:
2026-10-09T23:51:11.7688004Z includeif.gitdir:/home/runner/work/radio/radio/.git.path
2026-10-09T23:51:11.7689416Z includeif.gitdir:/home/runner/work/radio/radio/.git/worktrees/*.path
2026-10-09T23:51:11.7690489Z includeif.gitdir:/github/workspace/.git.path
2026-10-09T23:51:11.7691444Z includeif.gitdir:/github/workspace/.git/worktrees/*.path
2026-10-09T23:51:11.7700753Z [command]/usr/bin/git config --local --get-all includeif.gitdir:/home/runner/work/radio/radio/.git.path
2026-10-09T23:51:11.7727690Z /home/runner/work/_temp/git-credentials-0ac462b3-09da-4b6d-beb1-175215d0cdc6.config
2026-10-09T23:51:11.7743033Z [command]/usr/bin/git config --local --unset includeif.gitdir:/home/runner/work/radio/radio/.git.path /home/runner/work/_temp/git-credentials-0ac462b3-09da-4b6d-beb1-175215d0cdc6.config
2026-10-09T23:51:11.7788014Z [command]/usr/bin/git config --local --get-all includeif.gitdir:/home/runner/work/radio/radio/.git/worktrees/*.path
2026-10-09T23:51:11.7819899Z /home/runner/work/_temp/git-credentials-0ac462b3-09da-4b6d-beb1-175215d0cdc6.config
2026-10-09T23:51:11.7833475Z [command]/usr/bin/git config --local --unset includeif.gitdir:/home/runner/work/radio/radio/.git/worktrees/*.path /home/runner/work/_temp/git-credentials-0ac462b3-09da-4b6d-beb1-175215d0cdc6.config
2026-10-09T23:51:11.7875251Z [command]/usr/bin/git config --local --get-all includeif.gitdir:/github/workspace/.git.path
2026-10-09T23:51:11.7901196Z /github/runner_temp/git-credentials-0ac462b3-09da-4b6d-beb1-175215d0cdc6.config
2026-10-09T23:51:11.7911150Z [command]/usr/bin/git config --local --unset includeif.gitdir:/github/workspace/.git.path /github/runner_temp/git-credentials-0ac462b3-09da-4b6d-beb1-175215d0cdc6.config
2026-10-09T23:51:11.7952870Z [command]/usr/bin/git config --local --get-all includeif.gitdir:/github/workspace/.git/worktrees/*.path
2026-10-09T23:51:11.7997328Z /github/runner_temp/git-credentials-0ac462b3-09da-4b6d-beb1-175215d0cdc6.config
2026-10-09T23:51:11.8009285Z [command]/usr/bin/git config --local --unset includeif.gitdir:/github/workspace/.git/worktrees/*.path /github/runner_temp/git-credentials-0ac462b3-09da-4b6d-beb1-175215d0cdc6.config
2026-10-09T23:51:11.8053191Z [command]/usr/bin/git submodule foreach --recursive git config --local --show-origin --name-only --get-regexp remote.origin.url
2026-10-09T23:51:11.8314671Z Removing credentials config '/home/runner/work/_temp/git-credentials-0ac462b3-09da-4b6d-beb1-175215d0cdc6.config'
2026-10-09T23:51:11.8455623Z Cleaning up orphan processes
2026-10-09T23:51:11.8714954Z ##[warning]Node.js 20 is deprecated. The following actions target Node.js 20 but are being forced to run on Node.js 24: mozilla-actions/sccache-action@v0.0.9. For more information see: https://github.blog/changelog/2025-09-19-deprecation-of-node-20-on-github-actions-runners/
