2026-10-09T23:50:45.5770357Z Current runner version: '2.337.0'
2026-10-09T23:50:45.5807449Z ##[group]Runner Image Provisioner
2026-10-09T23:50:45.5808891Z Hosted Compute Agent
2026-10-09T23:50:45.5810015Z Version: 20261002.596
2026-10-09T23:50:45.5811224Z Commit: c3d12f3313a95f25162a1503be624f3b0617f8c0
2026-10-09T23:50:45.5812877Z Build Date: 2026-10-02T22:28:27Z
2026-10-09T23:50:45.5814337Z Worker ID: {4e5b9d89-e941-427c-b6db-2b23e22e9d69}
2026-10-09T23:50:45.5815672Z Region: canadaeast
2026-10-09T23:50:45.5816602Z Cloud: Azure
2026-10-09T23:50:45.5817649Z ##[endgroup]
2026-10-09T23:50:45.5820036Z ##[group]Operating System
2026-10-09T23:50:45.5821297Z Ubuntu
2026-10-09T23:50:45.5822431Z 24.04.5
2026-10-09T23:50:45.5823365Z LTS
2026-10-09T23:50:45.5824341Z ##[endgroup]
2026-10-09T23:50:45.5825447Z ##[group]Runner Image
2026-10-09T23:50:45.5826697Z Image: ubuntu-24.04
2026-10-09T23:50:45.5827744Z Version: 20261004.327.1
2026-10-09T23:50:45.5830177Z Included Software: https://github.com/actions/runner-images/blob/ubuntu24/20261004.327/images/ubuntu/Ubuntu2404-Readme.md
2026-10-09T23:50:45.5833267Z Image Release: https://github.com/actions/runner-images/releases/tag/ubuntu24%2F20261004.327
2026-10-09T23:50:45.5835128Z ##[endgroup]
2026-10-09T23:50:45.5837199Z ##[group]GITHUB_TOKEN Permissions
2026-10-09T23:50:45.5839928Z Contents: read
2026-10-09T23:50:45.5840991Z Metadata: read
2026-10-09T23:50:45.5842269Z Packages: read
2026-10-09T23:50:45.5843412Z ##[endgroup]
2026-10-09T23:50:45.5846425Z Secret source: Actions
2026-10-09T23:50:45.5848020Z Cache mode: write
2026-10-09T23:50:45.5849203Z Prepare workflow directory
2026-10-09T23:50:45.6270085Z Prepare all required actions
2026-10-09T23:50:45.6317146Z Getting action download info
2026-10-09T23:50:45.8816466Z Download action repository 'actions/checkout@v6' (SHA:d23441a48e516b6c34aea4fa41551a30e30af803)
2026-10-09T23:50:45.9740301Z Download action repository 'actions/cache@v5' (SHA:caa296126883cff596d87d8935842f9db880ef25)
2026-10-09T23:50:46.2218712Z Complete job name: codespell
2026-10-09T23:50:46.2970666Z ##[group]Run actions/checkout@v6
2026-10-09T23:50:46.2971559Z with:
2026-10-09T23:50:46.2972251Z   repository: cyberia-to/radio
2026-10-09T23:50:46.2975981Z   token: ***
2026-10-09T23:50:46.2976432Z   ssh-strict: true
2026-10-09T23:50:46.2976893Z   ssh-user: git
2026-10-09T23:50:46.2977354Z   persist-credentials: true
2026-10-09T23:50:46.2977860Z   clean: true
2026-10-09T23:50:46.2978328Z   sparse-checkout-cone-mode: true
2026-10-09T23:50:46.2978866Z   fetch-depth: 1
2026-10-09T23:50:46.2979318Z   fetch-tags: false
2026-10-09T23:50:46.2979783Z   show-progress: true
2026-10-09T23:50:46.2980248Z   lfs: false
2026-10-09T23:50:46.2980678Z   submodules: false
2026-10-09T23:50:46.2981142Z   set-safe-directory: true
2026-10-09T23:50:46.2981666Z   allow-unsafe-pr-checkout: false
2026-10-09T23:50:46.2982579Z env:
2026-10-09T23:50:46.2983024Z   RUST_BACKTRACE: 1
2026-10-09T23:50:46.2983510Z   RUSTFLAGS: -Dwarnings
2026-10-09T23:50:46.2984016Z   RUSTDOCFLAGS: -Dwarnings
2026-10-09T23:50:46.2984539Z   MSRV: 1.89
2026-10-09T23:50:46.2985000Z   SCCACHE_CACHE_SIZE: 10G
2026-10-09T23:50:46.2985501Z   IROH_FORCE_STAGING_RELAYS: 1
2026-10-09T23:50:46.2986007Z ##[endgroup]
2026-10-09T23:50:46.4021289Z Syncing repository: cyberia-to/radio
2026-10-09T23:50:46.4024322Z ##[group]Getting Git version info
2026-10-09T23:50:46.4025120Z Working directory is '/home/runner/work/radio/radio'
2026-10-09T23:50:46.4026213Z [command]/usr/bin/git version
2026-10-09T23:50:46.4113631Z git version 2.55.0
2026-10-09T23:50:46.4138301Z ##[endgroup]
2026-10-09T23:50:46.4159429Z Temporarily overriding HOME='/home/runner/work/_temp/c00174f2-cc30-4d23-ab14-f0accbabde6e' before making global git config changes
2026-10-09T23:50:46.4162693Z Adding repository directory to the temporary git global config as a safe directory
2026-10-09T23:50:46.4166840Z [command]/usr/bin/git config --global --add safe.directory /home/runner/work/radio/radio
2026-10-09T23:50:46.4222894Z Deleting the contents of '/home/runner/work/radio/radio'
2026-10-09T23:50:46.4226616Z ##[group]Determining repository object format
2026-10-09T23:50:46.4229492Z ##[endgroup]
2026-10-09T23:50:46.4230760Z ##[group]Initializing the repository
2026-10-09T23:50:46.4235404Z [command]/usr/bin/git init /home/runner/work/radio/radio
2026-10-09T23:50:46.4346694Z hint: Using 'master' as the name for the initial branch. This default branch name
2026-10-09T23:50:46.4348780Z hint: will change to "main" in Git 3.0. To configure the initial branch name
2026-10-09T23:50:46.4350433Z hint: to use in all of your new repositories, which will suppress this warning,
2026-10-09T23:50:46.4351725Z hint: call:
2026-10-09T23:50:46.4353148Z hint:
2026-10-09T23:50:46.4353763Z hint: 	git config --global init.defaultBranch <name>
2026-10-09T23:50:46.4354943Z hint:
2026-10-09T23:50:46.4355707Z hint: Names commonly chosen instead of 'master' are 'main', 'trunk' and
2026-10-09T23:50:46.4356682Z hint: 'development'. The just-created branch can be renamed via this command:
2026-10-09T23:50:46.4357484Z hint:
2026-10-09T23:50:46.4357996Z hint: 	git branch -m <name>
2026-10-09T23:50:46.4358524Z hint:
2026-10-09T23:50:46.4359194Z hint: Disable this message with "git config set advice.defaultBranchName false"
2026-10-09T23:50:46.4360217Z Initialized empty Git repository in /home/runner/work/radio/radio/.git/
2026-10-09T23:50:46.4363996Z [command]/usr/bin/git remote add origin https://github.com/cyberia-to/radio
2026-10-09T23:50:46.4415800Z ##[endgroup]
2026-10-09T23:50:46.4416650Z ##[group]Disabling automatic garbage collection
2026-10-09T23:50:46.4420179Z [command]/usr/bin/git config --local gc.auto 0
2026-10-09T23:50:46.4452784Z ##[endgroup]
2026-10-09T23:50:46.4454425Z ##[group]Setting up auth
2026-10-09T23:50:46.4455112Z Removing SSH command configuration
2026-10-09T23:50:46.4461498Z [command]/usr/bin/git config --local --name-only --get-regexp core\.sshCommand
2026-10-09T23:50:46.4504251Z [command]/usr/bin/git submodule foreach --recursive sh -c "git config --local --name-only --get-regexp 'core\.sshCommand' && git config --local --unset-all 'core.sshCommand' || :"
2026-10-09T23:50:46.4894639Z Removing HTTP extra header
2026-10-09T23:50:46.4903197Z [command]/usr/bin/git config --local --name-only --get-regexp http\.https\:\/\/github\.com\/\.extraheader
2026-10-09T23:50:46.4944815Z [command]/usr/bin/git submodule foreach --recursive sh -c "git config --local --name-only --get-regexp 'http\.https\:\/\/github\.com\/\.extraheader' && git config --local --unset-all 'http.https://github.com/.extraheader' || :"
2026-10-09T23:50:46.5161725Z Removing includeIf entries pointing to credentials config files
2026-10-09T23:50:46.5169010Z [command]/usr/bin/git config --local --name-only --get-regexp ^includeIf\.gitdir:
2026-10-09T23:50:46.5203916Z [command]/usr/bin/git submodule foreach --recursive git config --local --show-origin --name-only --get-regexp remote.origin.url
2026-10-09T23:50:46.5434031Z [command]/usr/bin/git config --file /home/runner/work/_temp/git-credentials-8e7597dd-ee00-4a33-a855-42a40bc15736.config http.https://github.com/.extraheader AUTHORIZATION: basic ***
2026-10-09T23:50:46.5492838Z [command]/usr/bin/git config --local includeIf.gitdir:/home/runner/work/radio/radio/.git.path /home/runner/work/_temp/git-credentials-8e7597dd-ee00-4a33-a855-42a40bc15736.config
2026-10-09T23:50:46.5528154Z [command]/usr/bin/git config --local includeIf.gitdir:/home/runner/work/radio/radio/.git/worktrees/*.path /home/runner/work/_temp/git-credentials-8e7597dd-ee00-4a33-a855-42a40bc15736.config
2026-10-09T23:50:46.5569129Z [command]/usr/bin/git config --local includeIf.gitdir:/github/workspace/.git.path /github/runner_temp/git-credentials-8e7597dd-ee00-4a33-a855-42a40bc15736.config
2026-10-09T23:50:46.5605683Z [command]/usr/bin/git config --local includeIf.gitdir:/github/workspace/.git/worktrees/*.path /github/runner_temp/git-credentials-8e7597dd-ee00-4a33-a855-42a40bc15736.config
2026-10-09T23:50:46.5636326Z ##[endgroup]
2026-10-09T23:50:46.5637131Z ##[group]Fetching the repository
2026-10-09T23:50:46.5644927Z [command]/usr/bin/git -c protocol.version=2 fetch --no-tags --prune --no-recurse-submodules --depth=1 origin +95469ec63d8db6dac6d3821c73db1b7bb286288b:refs/remotes/pull/32/merge
2026-10-09T23:50:57.9826820Z From https://github.com/cyberia-to/radio
2026-10-09T23:50:57.9830500Z  * [new ref]         95469ec63d8db6dac6d3821c73db1b7bb286288b -> pull/32/merge
2026-10-09T23:50:57.9836226Z ##[endgroup]
2026-10-09T23:50:57.9838213Z ##[group]Determining the checkout info
2026-10-09T23:50:57.9840361Z ##[endgroup]
2026-10-09T23:50:57.9841928Z [command]/usr/bin/git sparse-checkout disable
2026-10-09T23:50:57.9898268Z [command]/usr/bin/git config --local --unset-all extensions.worktreeConfig
2026-10-09T23:50:57.9931294Z ##[group]Checking out the ref
2026-10-09T23:50:57.9934746Z [command]/usr/bin/git checkout --progress --force refs/remotes/pull/32/merge
2026-10-09T23:50:59.3421200Z Updating files:  50% (2257/4507)
2026-10-09T23:50:59.5668520Z Updating files:  51% (2299/4507)
2026-10-09T23:51:00.0038835Z Updating files:  52% (2344/4507)
2026-10-09T23:51:00.0432506Z Updating files:  52% (2380/4507)
2026-10-09T23:51:00.2199935Z Updating files:  53% (2389/4507)
2026-10-09T23:51:00.2531868Z Updating files:  54% (2434/4507)
2026-10-09T23:51:00.2805144Z Updating files:  55% (2479/4507)
2026-10-09T23:51:00.2902520Z Updating files:  56% (2524/4507)
2026-10-09T23:51:00.2981617Z Updating files:  57% (2569/4507)
2026-10-09T23:51:00.3059683Z Updating files:  58% (2615/4507)
2026-10-09T23:51:00.3166896Z Updating files:  59% (2660/4507)
2026-10-09T23:51:00.3357090Z Updating files:  60% (2705/4507)
2026-10-09T23:51:00.3445290Z Updating files:  61% (2750/4507)
2026-10-09T23:51:00.3550728Z Updating files:  62% (2795/4507)
2026-10-09T23:51:00.3623447Z Updating files:  63% (2840/4507)
2026-10-09T23:51:00.3752892Z Updating files:  64% (2885/4507)
2026-10-09T23:51:00.4331122Z Updating files:  65% (2930/4507)
2026-10-09T23:51:00.4493125Z Updating files:  66% (2975/4507)
2026-10-09T23:51:00.4589763Z Updating files:  67% (3020/4507)
2026-10-09T23:51:00.4730646Z Updating files:  68% (3065/4507)
2026-10-09T23:51:00.4898774Z Updating files:  69% (3110/4507)
2026-10-09T23:51:00.5063098Z Updating files:  70% (3155/4507)
2026-10-09T23:51:00.5181229Z Updating files:  71% (3200/4507)
2026-10-09T23:51:00.5374906Z Updating files:  72% (3246/4507)
2026-10-09T23:51:00.5698643Z Updating files:  73% (3291/4507)
2026-10-09T23:51:00.6428739Z Updating files:  74% (3336/4507)
2026-10-09T23:51:00.6637627Z Updating files:  75% (3381/4507)
2026-10-09T23:51:00.6702495Z Updating files:  76% (3426/4507)
2026-10-09T23:51:00.6869679Z Updating files:  77% (3471/4507)
2026-10-09T23:51:00.7043316Z Updating files:  78% (3516/4507)
2026-10-09T23:51:00.7135110Z Updating files:  79% (3561/4507)
2026-10-09T23:51:00.7201834Z Updating files:  80% (3606/4507)
2026-10-09T23:51:00.7281916Z Updating files:  81% (3651/4507)
2026-10-09T23:51:00.7848536Z Updating files:  82% (3696/4507)
2026-10-09T23:51:00.7930470Z Updating files:  83% (3741/4507)
2026-10-09T23:51:00.8019308Z Updating files:  84% (3786/4507)
2026-10-09T23:51:00.8113302Z Updating files:  85% (3831/4507)
2026-10-09T23:51:00.8269367Z Updating files:  86% (3877/4507)
2026-10-09T23:51:00.8396110Z Updating files:  87% (3922/4507)
2026-10-09T23:51:00.8546409Z Updating files:  88% (3967/4507)
2026-10-09T23:51:00.9251784Z Updating files:  89% (4012/4507)
2026-10-09T23:51:00.9597577Z Updating files:  90% (4057/4507)
2026-10-09T23:51:00.9787985Z Updating files:  91% (4102/4507)
2026-10-09T23:51:00.9903887Z Updating files:  92% (4147/4507)
2026-10-09T23:51:01.0014192Z Updating files:  93% (4192/4507)
2026-10-09T23:51:01.0689265Z Updating files:  93% (4204/4507)
2026-10-09T23:51:01.0724783Z Updating files:  94% (4237/4507)
2026-10-09T23:51:01.0755349Z Updating files:  95% (4282/4507)
2026-10-09T23:51:01.0812095Z Updating files:  96% (4327/4507)
2026-10-09T23:51:01.0866767Z Updating files:  97% (4372/4507)
2026-10-09T23:51:01.0915829Z Updating files:  98% (4417/4507)
2026-10-09T23:51:01.0951786Z Updating files:  99% (4462/4507)
2026-10-09T23:51:01.0952681Z Updating files: 100% (4507/4507)
2026-10-09T23:51:01.0953606Z Updating files: 100% (4507/4507), done.
2026-10-09T23:51:01.1009155Z Note: switching to 'refs/remotes/pull/32/merge'.
2026-10-09T23:51:01.1009505Z 
2026-10-09T23:51:01.1009762Z You are in 'detached HEAD' state. You can look around, make experimental
2026-10-09T23:51:01.1010537Z changes and commit them, and you can discard any commits you make in this
2026-10-09T23:51:01.1011151Z state without impacting any branches by switching back to a branch.
2026-10-09T23:51:01.1011671Z 
2026-10-09T23:51:01.1012320Z If you want to create a new branch to retain commits you create, you may
2026-10-09T23:51:01.1013147Z do so (now or later) by using -c with the switch command. Example:
2026-10-09T23:51:01.1013611Z 
2026-10-09T23:51:01.1013805Z   git switch -c <new-branch-name>
2026-10-09T23:51:01.1014112Z 
2026-10-09T23:51:01.1014293Z Or undo this operation with:
2026-10-09T23:51:01.1014572Z 
2026-10-09T23:51:01.1014725Z   git switch -
2026-10-09T23:51:01.1014932Z 
2026-10-09T23:51:01.1015321Z Turn off this advice by setting config variable advice.detachedHead to false
2026-10-09T23:51:01.1015842Z 
2026-10-09T23:51:01.1016405Z HEAD is now at 95469ec Merge 3c291e511cb1c5457a5bd1945c45681f263bd064 into 764d732ac38fb9116c4cf525a6d1bb463d409a06
2026-10-09T23:51:01.1103056Z ##[endgroup]
2026-10-09T23:51:01.1165792Z [command]/usr/bin/git log -1 --format=%H
2026-10-09T23:51:01.1193979Z 95469ec63d8db6dac6d3821c73db1b7bb286288b
2026-10-09T23:51:01.1500565Z ##[group]Run actions/cache@v5
2026-10-09T23:51:01.1500854Z with:
2026-10-09T23:51:01.1501067Z   path: ~/.cache/pip
2026-10-09T23:51:01.1501308Z   key: pip-codespell-2.4.1
2026-10-09T23:51:01.1501582Z   enableCrossOsArchive: false
2026-10-09T23:51:01.1501847Z   fail-on-cache-miss: false
2026-10-09T23:51:01.1502472Z   lookup-only: false
2026-10-09T23:51:01.1502699Z   save-always: false
2026-10-09T23:51:01.1502911Z env:
2026-10-09T23:51:01.1503107Z   RUST_BACKTRACE: 1
2026-10-09T23:51:01.1503330Z   RUSTFLAGS: -Dwarnings
2026-10-09T23:51:01.1503565Z   RUSTDOCFLAGS: -Dwarnings
2026-10-09T23:51:01.1503824Z   MSRV: 1.89
2026-10-09T23:51:01.1504035Z   SCCACHE_CACHE_SIZE: 10G
2026-10-09T23:51:01.1504277Z   IROH_FORCE_STAGING_RELAYS: 1
2026-10-09T23:51:01.1504520Z ##[endgroup]
2026-10-09T23:51:01.3942534Z Cache not found for input keys: pip-codespell-2.4.1
2026-10-09T23:51:01.4054344Z ##[group]Run pip install --user codespell[toml]==2.4.1
2026-10-09T23:51:01.4054817Z [36;1mpip install --user codespell[toml]==2.4.1[0m
2026-10-09T23:51:01.4323682Z shell: /usr/bin/bash -e {0}
2026-10-09T23:51:01.4323972Z env:
2026-10-09T23:51:01.4324196Z   RUST_BACKTRACE: 1
2026-10-09T23:51:01.4324436Z   RUSTFLAGS: -Dwarnings
2026-10-09T23:51:01.4324699Z   RUSTDOCFLAGS: -Dwarnings
2026-10-09T23:51:01.4324951Z   MSRV: 1.89
2026-10-09T23:51:01.4325161Z   SCCACHE_CACHE_SIZE: 10G
2026-10-09T23:51:01.4325412Z   IROH_FORCE_STAGING_RELAYS: 1
2026-10-09T23:51:01.4325671Z ##[endgroup]
2026-10-09T23:51:03.3787816Z Collecting codespell==2.4.1 (from codespell[toml]==2.4.1)
2026-10-09T23:51:03.4628947Z   Downloading codespell-2.4.1-py3-none-any.whl.metadata (15 kB)
2026-10-09T23:51:03.5195643Z Downloading codespell-2.4.1-py3-none-any.whl (344 kB)
2026-10-09T23:51:03.5732270Z    ━━━━━━━━━━━━━━━━━━━━━━━━━━━━━━━━━━━━━━━━ 344.5/344.5 kB 6.6 MB/s eta 0:00:00
2026-10-09T23:51:03.8298345Z Installing collected packages: codespell
2026-10-09T23:51:03.8635606Z Successfully installed codespell-2.4.1
2026-10-09T23:51:03.9150604Z ##[group]Run codespell --ignore-words-list=ans,atmost,crate,inout,ratatui,ser,stayin,swarmin,worl,keep-alives --skip=CHANGELOG.md
2026-10-09T23:51:03.9151652Z [36;1mcodespell --ignore-words-list=ans,atmost,crate,inout,ratatui,ser,stayin,swarmin,worl,keep-alives --skip=CHANGELOG.md[0m
2026-10-09T23:51:03.9216752Z shell: /usr/bin/bash -e {0}
2026-10-09T23:51:03.9217024Z env:
2026-10-09T23:51:03.9217230Z   RUST_BACKTRACE: 1
2026-10-09T23:51:03.9217467Z   RUSTFLAGS: -Dwarnings
2026-10-09T23:51:03.9217723Z   RUSTDOCFLAGS: -Dwarnings
2026-10-09T23:51:03.9217966Z   MSRV: 1.89
2026-10-09T23:51:03.9218367Z   SCCACHE_CACHE_SIZE: 10G
2026-10-09T23:51:03.9218624Z   IROH_FORCE_STAGING_RELAYS: 1
2026-10-09T23:51:03.9218875Z ##[endgroup]
2026-10-09T23:51:05.2898425Z ./quinn/quinn-proto/src/frame.rs:1703: te ==> the, be, we, to
2026-10-09T23:51:05.2899177Z ./quinn/quinn-proto/src/frame.rs:1704: te ==> the, be, we, to
2026-10-09T23:51:05.2899879Z ./quinn/quinn-proto/src/frame.rs:1705: te ==> the, be, we, to
2026-10-09T23:51:05.2900444Z ./quinn/quinn-proto/src/shared.rs:167: ECT ==> ETC
2026-10-09T23:51:05.2900974Z ./quinn/quinn-proto/src/shared.rs:169: ECT ==> ETC
2026-10-09T23:51:05.2901533Z ./quinn/quinn-proto/src/connection/spaces.rs:347: ECT ==> ETC
2026-10-09T23:51:05.2902523Z ./quinn/quinn-proto/src/connection/spaces.rs:351: ECT ==> ETC
2026-10-09T23:51:05.2903061Z ./quinn/quinn-udp/src/lib.rs:238: ECT ==> ETC
2026-10-09T23:51:05.2903518Z ./quinn/quinn-udp/src/lib.rs:240: ECT ==> ETC
2026-10-09T23:51:05.2904214Z ./audit/2026-10-09-kadek-slice-traversal/diagnostics/remote-ci.txt:55: te ==> the, be, we, to
2026-10-09T23:51:05.2905169Z ./audit/2026-10-09-kadek-slice-traversal/diagnostics/remote-ci.txt:56: te ==> the, be, we, to
2026-10-09T23:51:05.2906084Z ./audit/2026-10-09-kadek-slice-traversal/diagnostics/remote-ci.txt:57: te ==> the, be, we, to
2026-10-09T23:51:05.2907000Z ./audit/2026-10-09-kadek-slice-traversal/diagnostics/remote-ci.txt:58: ECT ==> ETC
2026-10-09T23:51:05.2907850Z ./audit/2026-10-09-kadek-slice-traversal/diagnostics/remote-ci.txt:59: ECT ==> ETC
2026-10-09T23:51:05.2908798Z ./audit/2026-10-09-kadek-slice-traversal/diagnostics/remote-ci.txt:60: ECT ==> ETC
2026-10-09T23:51:05.2909734Z ./audit/2026-10-09-kadek-slice-traversal/diagnostics/remote-ci.txt:61: ECT ==> ETC
2026-10-09T23:51:05.2910658Z ./audit/2026-10-09-kadek-slice-traversal/diagnostics/remote-ci.txt:62: ECT ==> ETC
2026-10-09T23:51:05.2911593Z ./audit/2026-10-09-kadek-slice-traversal/diagnostics/remote-ci.txt:63: ECT ==> ETC
2026-10-09T23:51:05.2912758Z ./audit/2026-10-09-kadek-slice-traversal/diagnostics/remote-ci.txt:64: colletion ==> collection
2026-10-09T23:51:05.2913846Z ./audit/2026-10-09-kadek-slice-traversal/diagnostics/remote-ci.txt:65: successfull ==> successful
2026-10-09T23:51:05.2914740Z ./audit/2026-10-09-kadek-slice-traversal/diagnostics/remote-ci.txt:66: wit ==> with
2026-10-09T23:51:05.2915725Z ./audit/2026-10-09-kadek-slice-traversal/diagnostics/remote-ci.txt:67: BiStream ==> bitstream
2026-10-09T23:51:05.2916783Z ./audit/2026-10-09-kadek-slice-traversal/diagnostics/remote-ci.txt:68: BiStream ==> bitstream
2026-10-09T23:51:05.2917885Z ./audit/2026-10-09-kadek-slice-traversal/diagnostics/remote-ci.txt:69: BiStream ==> bitstream
2026-10-09T23:51:05.2918989Z ./audit/2026-10-09-kadek-slice-traversal/diagnostics/remote-ci.txt:70: BiStream ==> bitstream
2026-10-09T23:51:05.2920099Z ./audit/2026-10-09-kadek-slice-traversal/diagnostics/remote-ci.txt:71: BiStream ==> bitstream
2026-10-09T23:51:05.2921176Z ./audit/2026-10-09-kadek-slice-traversal/diagnostics/remote-ci.txt:72: BiStream ==> bitstream
2026-10-09T23:51:05.2922579Z ./audit/2026-10-09-kadek-slice-traversal/diagnostics/remote-ci.txt:73: appened ==> append, appended, happened
2026-10-09T23:51:05.2923738Z ./audit/2026-10-09-kadek-slice-traversal/diagnostics/remote-ci.txt:74: capabillity ==> capability
2026-10-09T23:51:05.2924711Z ./audit/2026-10-09-kadek-slice-traversal/diagnostics/remote-ci.txt:75: colletion ==> collection
2026-10-09T23:51:05.2926166Z ./audit/2026-10-09-kadek-slice-traversal/diagnostics/remote-ci.txt:76: colletion ==> collection
2026-10-09T23:51:05.2927327Z ./audit/2026-10-09-kadek-slice-traversal/diagnostics/remote-ci.txt:77: successfull ==> successful
2026-10-09T23:51:05.2928287Z ./audit/2026-10-09-kadek-slice-traversal/diagnostics/remote-ci.txt:78: wit ==> with
2026-10-09T23:51:05.2929208Z ./audit/2026-10-09-kadek-slice-traversal/diagnostics/remote-ci.txt:79: ndoe ==> node
2026-10-09T23:51:05.2930191Z ./audit/2026-10-09-kadek-slice-traversal/diagnostics/remote-ci.txt:80: BiStream ==> bitstream
2026-10-09T23:51:05.2931221Z ./audit/2026-10-09-kadek-slice-traversal/diagnostics/remote-ci.txt:81: BiStream ==> bitstream
2026-10-09T23:51:05.2932694Z ./audit/2026-10-09-kadek-slice-traversal/diagnostics/remote-ci.txt:82: BiStream ==> bitstream
2026-10-09T23:51:05.2933749Z ./audit/2026-10-09-kadek-slice-traversal/diagnostics/remote-ci.txt:83: BiStream ==> bitstream
2026-10-09T23:51:05.2934898Z ./audit/2026-10-09-kadek-slice-traversal/diagnostics/remote-ci.txt:84: BiStream ==> bitstream
2026-10-09T23:51:05.2935955Z ./audit/2026-10-09-kadek-slice-traversal/diagnostics/remote-ci.txt:85: BiStream ==> bitstream
2026-10-09T23:51:05.2937098Z ./audit/2026-10-09-kadek-slice-traversal/diagnostics/remote-ci.txt:86: appened ==> append, appended, happened
2026-10-09T23:51:05.2938211Z ./audit/2026-10-09-kadek-slice-traversal/diagnostics/remote-ci.txt:87: optIn ==> option
2026-10-09T23:51:05.2939213Z ./audit/2026-10-09-kadek-slice-traversal/diagnostics/remote-ci.txt:88: BiStream ==> bitstream
2026-10-09T23:51:05.2940084Z ./iroh-ffi/iroh-js/src/blob.rs:439: colletion ==> collection
2026-10-09T23:51:05.2940758Z ./iroh-ffi/iroh-js/src/doc.rs:980: successfull ==> successful
2026-10-09T23:51:05.2941381Z ./iroh-ffi/iroh-js/src/doc.rs:1231: wit ==> with
2026-10-09T23:51:05.2942212Z ./iroh-ffi/iroh-js/src/endpoint.rs:103: BiStream ==> bitstream
2026-10-09T23:51:05.2942905Z ./iroh-ffi/iroh-js/src/endpoint.rs:105: BiStream ==> bitstream
2026-10-09T23:51:05.2943591Z ./iroh-ffi/iroh-js/src/endpoint.rs:112: BiStream ==> bitstream
2026-10-09T23:51:05.2944250Z ./iroh-ffi/iroh-js/src/endpoint.rs:114: BiStream ==> bitstream
2026-10-09T23:51:05.2944862Z ./iroh-ffi/iroh-js/src/endpoint.rs:200: BiStream ==> bitstream
2026-10-09T23:51:05.2945543Z ./iroh-ffi/iroh-js/src/endpoint.rs:206: BiStream ==> bitstream
2026-10-09T23:51:05.2946283Z ./iroh-ffi/iroh-js/src/lib.rs:71: appened ==> append, appended, happened
2026-10-09T23:51:05.2947057Z ./iroh-ffi/iroh-js/src/ticket.rs:141: capabillity ==> capability
2026-10-09T23:51:05.2947692Z ./iroh-ffi/src/blob.rs:497: colletion ==> collection
2026-10-09T23:51:05.2948258Z ./iroh-ffi/src/blob.rs:512: colletion ==> collection
2026-10-09T23:51:05.2948846Z ./iroh-ffi/src/doc.rs:1136: successfull ==> successful
2026-10-09T23:51:05.2949398Z ./iroh-ffi/src/doc.rs:1446: wit ==> with
2026-10-09T23:51:05.2949883Z ./iroh-ffi/src/doc.rs:1622: ndoe ==> node
2026-10-09T23:51:05.2950416Z ./iroh-ffi/src/endpoint.rs:101: BiStream ==> bitstream
2026-10-09T23:51:05.2950980Z ./iroh-ffi/src/endpoint.rs:103: BiStream ==> bitstream
2026-10-09T23:51:05.2951556Z ./iroh-ffi/src/endpoint.rs:110: BiStream ==> bitstream
2026-10-09T23:51:05.2952323Z ./iroh-ffi/src/endpoint.rs:112: BiStream ==> bitstream
2026-10-09T23:51:05.2952896Z ./iroh-ffi/src/endpoint.rs:200: BiStream ==> bitstream
2026-10-09T23:51:05.2953446Z ./iroh-ffi/src/endpoint.rs:206: BiStream ==> bitstream
2026-10-09T23:51:05.2954063Z ./iroh-ffi/src/lib.rs:73: appened ==> append, appended, happened
2026-10-09T23:51:05.2954791Z ./iroh-ffi/kotlin/lib/build.gradle.kts:45: optIn ==> option
2026-10-09T23:51:05.2955340Z ./docs/endpoint.md:21: BiStream ==> bitstream
2026-10-09T23:51:05.2986446Z ##[error]Process completed with exit code 65.
2026-10-09T23:51:05.3134262Z Post job cleanup.
2026-10-09T23:51:05.3965652Z [command]/usr/bin/git version
2026-10-09T23:51:05.4008206Z git version 2.55.0
2026-10-09T23:51:05.4049132Z Temporarily overriding HOME='/home/runner/work/_temp/5d218e07-e022-4aa9-b3e9-8d348305eb67' before making global git config changes
2026-10-09T23:51:05.4050439Z Adding repository directory to the temporary git global config as a safe directory
2026-10-09T23:51:05.4055447Z [command]/usr/bin/git config --global --add safe.directory /home/runner/work/radio/radio
2026-10-09T23:51:05.4087710Z Removing SSH command configuration
2026-10-09T23:51:05.4094765Z [command]/usr/bin/git config --local --name-only --get-regexp core\.sshCommand
2026-10-09T23:51:05.4133464Z [command]/usr/bin/git submodule foreach --recursive sh -c "git config --local --name-only --get-regexp 'core\.sshCommand' && git config --local --unset-all 'core.sshCommand' || :"
2026-10-09T23:51:05.4385984Z Removing HTTP extra header
2026-10-09T23:51:05.4391625Z [command]/usr/bin/git config --local --name-only --get-regexp http\.https\:\/\/github\.com\/\.extraheader
2026-10-09T23:51:05.4428725Z [command]/usr/bin/git submodule foreach --recursive sh -c "git config --local --name-only --get-regexp 'http\.https\:\/\/github\.com\/\.extraheader' && git config --local --unset-all 'http.https://github.com/.extraheader' || :"
2026-10-09T23:51:05.4695587Z Removing includeIf entries pointing to credentials config files
2026-10-09T23:51:05.4706983Z [command]/usr/bin/git config --local --name-only --get-regexp ^includeIf\.gitdir:
2026-10-09T23:51:05.4738184Z includeif.gitdir:/home/runner/work/radio/radio/.git.path
2026-10-09T23:51:05.4739039Z includeif.gitdir:/home/runner/work/radio/radio/.git/worktrees/*.path
2026-10-09T23:51:05.4739567Z includeif.gitdir:/github/workspace/.git.path
2026-10-09T23:51:05.4740022Z includeif.gitdir:/github/workspace/.git/worktrees/*.path
2026-10-09T23:51:05.4749700Z [command]/usr/bin/git config --local --get-all includeif.gitdir:/home/runner/work/radio/radio/.git.path
2026-10-09T23:51:05.4776194Z /home/runner/work/_temp/git-credentials-8e7597dd-ee00-4a33-a855-42a40bc15736.config
2026-10-09T23:51:05.4788785Z [command]/usr/bin/git config --local --unset includeif.gitdir:/home/runner/work/radio/radio/.git.path /home/runner/work/_temp/git-credentials-8e7597dd-ee00-4a33-a855-42a40bc15736.config
2026-10-09T23:51:05.4834657Z [command]/usr/bin/git config --local --get-all includeif.gitdir:/home/runner/work/radio/radio/.git/worktrees/*.path
2026-10-09T23:51:05.4862688Z /home/runner/work/_temp/git-credentials-8e7597dd-ee00-4a33-a855-42a40bc15736.config
2026-10-09T23:51:05.4873469Z [command]/usr/bin/git config --local --unset includeif.gitdir:/home/runner/work/radio/radio/.git/worktrees/*.path /home/runner/work/_temp/git-credentials-8e7597dd-ee00-4a33-a855-42a40bc15736.config
2026-10-09T23:51:05.4913063Z [command]/usr/bin/git config --local --get-all includeif.gitdir:/github/workspace/.git.path
2026-10-09T23:51:05.4940752Z /github/runner_temp/git-credentials-8e7597dd-ee00-4a33-a855-42a40bc15736.config
2026-10-09T23:51:05.4951458Z [command]/usr/bin/git config --local --unset includeif.gitdir:/github/workspace/.git.path /github/runner_temp/git-credentials-8e7597dd-ee00-4a33-a855-42a40bc15736.config
2026-10-09T23:51:05.4990190Z [command]/usr/bin/git config --local --get-all includeif.gitdir:/github/workspace/.git/worktrees/*.path
2026-10-09T23:51:05.5015594Z /github/runner_temp/git-credentials-8e7597dd-ee00-4a33-a855-42a40bc15736.config
2026-10-09T23:51:05.5024396Z [command]/usr/bin/git config --local --unset includeif.gitdir:/github/workspace/.git/worktrees/*.path /github/runner_temp/git-credentials-8e7597dd-ee00-4a33-a855-42a40bc15736.config
2026-10-09T23:51:05.5068993Z [command]/usr/bin/git submodule foreach --recursive git config --local --show-origin --name-only --get-regexp remote.origin.url
2026-10-09T23:51:05.5295849Z Removing credentials config '/home/runner/work/_temp/git-credentials-8e7597dd-ee00-4a33-a855-42a40bc15736.config'
2026-10-09T23:51:05.5437618Z Cleaning up orphan processes
